npm warn Unknown project config "better_sqlite3_binary_host_mirror". This will stop working in the next major version of npm. See `npm help npmrc` for supported config options.
npm warn Unknown project config "electron_mirror". This will stop working in the next major version of npm. See `npm help npmrc` for supported config options.

> synapse@0.1.0 locks:unlock
> powershell -NoProfile -ExecutionPolicy Bypass -File scripts/unlock-protected.ps1

已解锁 373 个文件。改完后运行 npm run locks:apply 重新锁定。
UNLOCK_EXIT=0
npm warn Unknown project config "better_sqlite3_binary_host_mirror". This will stop working in the next major version of npm. See `npm help npmrc` for supported config options.
npm warn Unknown project config "electron_mirror". This will stop working in the next major version of npm. See `npm help npmrc` for supported config options.

> synapse@0.1.0 locks:generate
> powershell -NoProfile -ExecutionPolicy Bypass -File scripts/lock-protected.ps1 -GenerateOnly

仅生成 manifest（373 条），未设只读。
提交 manifest 变更时，提交信息必须带 [locked-change] 尾注。
GEN_EXIT=0
npm warn Unknown project config "better_sqlite3_binary_host_mirror". This will stop working in the next major version of npm. See `npm help npmrc` for supported config options.
npm warn Unknown project config "electron_mirror". This will stop working in the next major version of npm. See `npm help npmrc` for supported config options.

> synapse@0.1.0 locks:apply
> powershell -NoProfile -ExecutionPolicy Bypass -File scripts/lock-protected.ps1

已锁定 373 个文件（只读）。manifest 记录 373 条。
提交 manifest 变更时，提交信息必须带 [locked-change] 尾注。
APPLY_EXIT=0
