=== M2 变异：migrate.ts version 9 登记移除（改标 10）——node ABI 绑定在位 ===
npm warn Unknown project config "better_sqlite3_binary_host_mirror". This will stop working in the next major version of npm. See `npm help npmrc` for supported config options.
npm warn Unknown project config "electron_mirror". This will stop working in the next major version of npm. See `npm help npmrc` for supported config options.

[1m[7m[36m RUN [39m[27m[22m [36mv2.1.9 [39m[90mE:/class/智慧水务/Synapse_remake[39m

 [31m❯[39m tests/unit/db/migrate-reading-time.test.ts [2m([22m[2m3 tests[22m[2m | [22m[31m3 failed[39m[2m)[22m[90m 20[2mms[22m[39m
[31m   [31m×[31m db/migrate —— 008→009 reading_time 双跳链（P7E-05→F-TIME-02）[2m > [22m新库：全量应用到 9，papers.reading_seconds 列已不存在（009 删列终态）[90m 11[2mms[22m[31m[39m
[31m     → expected 10 to be 9 // Object.is equality[39m
[31m   [31m×[31m db/migrate —— 008→009 reading_time 双跳链（P7E-05→F-TIME-02）[2m > [22m存量 v8 库（008 已加列）升级：仅应用 009，列被删除，user_version=9[90m 4[2mms[22m[31m[39m
[31m     → expected [ 10 ] to deeply equal [ 9 ][39m
[31m   [31m×[31m db/migrate —— 008→009 reading_time 双跳链（P7E-05→F-TIME-02）[2m > [22m存量 v7 库双跳：008 加列→009 删列一次 migrate 到位，终态列不存在[90m 4[2mms[22m[31m[39m
[31m     → expected [ 8, 10 ] to deeply equal [ 8, 9 ][39m
 [31m❯[39m tests/unit/db/migrate.test.ts [2m([22m[2m7 tests[22m[2m | [22m[31m1 failed[39m[2m)[22m[90m 28[2mms[22m[39m
[31m   [31m×[31m db/migrate —— 迁移执行器[2m > [22m新库：全量应用，user_version = 最新版本[90m 12[2mms[22m[31m[39m
[31m     → expected [ 1, 2, 3, 4, 5, 6, 7, 8, 10 ] to deeply equal [ 1, 2, 3, 4, 5, 6, 7, 8, 9 ][39m

[31m⎯⎯⎯⎯⎯⎯⎯[1m[7m Failed Tests 4 [27m[22m⎯⎯⎯⎯⎯⎯⎯[39m

[31m[1m[7m FAIL [27m[22m[39m tests/unit/db/migrate-reading-time.test.ts[2m > [22mdb/migrate —— 008→009 reading_time 双跳链（P7E-05→F-TIME-02）[2m > [22m新库：全量应用到 9，papers.reading_seconds 列已不存在（009 删列终态）
[31m[1mAssertionError[22m: expected 10 to be 9 // Object.is equality[39m

[32m- Expected[39m
[31m+ Received[39m

[32m- 9[39m
[31m+ 10[39m

[36m [2m❯[22m tests/unit/db/migrate-reading-time.test.ts:[2m21:35[22m[39m
    [90m 19| [39m    [35mconst[39m db [33m=[39m [34mopenDatabase[39m([32m':memory:'[39m)
    [90m 20| [39m    [35mconst[39m result [33m=[39m [34mmigrate[39m(db)
    [90m 21| [39m    [34mexpect[39m(result[33m.[39mcurrentVersion)[33m.[39m[34mtoBe[39m([34m9[39m)
    [90m   | [39m                                  [31m^[39m
    [90m 22| [39m    [34mexpect[39m([34mreadUserVersion[39m(db))[33m.[39m[34mtoBe[39m([34m9[39m)
    [90m 23| [39m    [34mexpect[39m([34mpapersColumns[39m(db))[33m.[39mnot[33m.[39m[34mtoContain[39m([32m'reading_seconds'[39m)

[31m[2m⎯⎯⎯⎯⎯⎯⎯⎯⎯⎯⎯⎯⎯⎯⎯⎯⎯⎯⎯⎯⎯⎯⎯⎯[1/4]⎯[22m[39m

[31m[1m[7m FAIL [27m[22m[39m tests/unit/db/migrate-reading-time.test.ts[2m > [22mdb/migrate —— 008→009 reading_time 双跳链（P7E-05→F-TIME-02）[2m > [22m存量 v8 库（008 已加列）升级：仅应用 009，列被删除，user_version=9
[31m[1mAssertionError[22m: expected [ 10 ] to deeply equal [ 9 ][39m

[32m- Expected[39m
[31m+ Received[39m

[2m  Array [[22m
[32m-   9,[39m
[31m+   10,[39m
[2m  ][22m

[36m [2m❯[22m tests/unit/db/migrate-reading-time.test.ts:[2m38:36[22m[39m
    [90m 36| [39m    [34mexpect[39m([34mpapersColumns[39m(db))[33m.[39m[34mtoContain[39m([32m'reading_seconds'[39m)
    [90m 37| [39m    [35mconst[39m result [33m=[39m [34mmigrate[39m(db)
    [90m 38| [39m    [34mexpect[39m(result[33m.[39mappliedVersions)[33m.[39m[34mtoEqual[39m([[34m9[39m])
    [90m   | [39m                                   [31m^[39m
    [90m 39| [39m    [34mexpect[39m([34mreadUserVersion[39m(db))[33m.[39m[34mtoBe[39m([34m9[39m)
    [90m 40| [39m    [34mexpect[39m([34mpapersColumns[39m(db))[33m.[39mnot[33m.[39m[34mtoContain[39m([32m'reading_seconds'[39m)

[31m[2m⎯⎯⎯⎯⎯⎯⎯⎯⎯⎯⎯⎯⎯⎯⎯⎯⎯⎯⎯⎯⎯⎯⎯⎯[2/4]⎯[22m[39m

[31m[1m[7m FAIL [27m[22m[39m tests/unit/db/migrate-reading-time.test.ts[2m > [22mdb/migrate —— 008→009 reading_time 双跳链（P7E-05→F-TIME-02）[2m > [22m存量 v7 库双跳：008 加列→009 删列一次 migrate 到位，终态列不存在
[31m[1mAssertionError[22m: expected [ 8, 10 ] to deeply equal [ 8, 9 ][39m

[32m- Expected[39m
[31m+ Received[39m

[2m  Array [[22m
[2m    8,[22m
[32m-   9,[39m
[31m+   10,[39m
[2m  ][22m

[36m [2m❯[22m tests/unit/db/migrate-reading-time.test.ts:[2m52:36[22m[39m
    [90m 50| [39m    )[33m.[39m[34mrun[39m()
    [90m 51| [39m    [35mconst[39m result [33m=[39m [34mmigrate[39m(db)
    [90m 52| [39m    [34mexpect[39m(result[33m.[39mappliedVersions)[33m.[39m[34mtoEqual[39m([[34m8[39m[33m,[39m [34m9[39m])
    [90m   | [39m                                   [31m^[39m
    [90m 53| [39m    [34mexpect[39m([34mreadUserVersion[39m(db))[33m.[39m[34mtoBe[39m([34m9[39m)
    [90m 54| [39m    [34mexpect[39m([34mpapersColumns[39m(db))[33m.[39mnot[33m.[39m[34mtoContain[39m([32m'reading_seconds'[39m)

[31m[2m⎯⎯⎯⎯⎯⎯⎯⎯⎯⎯⎯⎯⎯⎯⎯⎯⎯⎯⎯⎯⎯⎯⎯⎯[3/4]⎯[22m[39m

[31m[1m[7m FAIL [27m[22m[39m tests/unit/db/migrate.test.ts[2m > [22mdb/migrate —— 迁移执行器[2m > [22m新库：全量应用，user_version = 最新版本
[31m[1mAssertionError[22m: expected [ 1, 2, 3, 4, 5, 6, 7, 8, 10 ] to deeply equal [ 1, 2, 3, 4, 5, 6, 7, 8, 9 ][39m

[32m- Expected[39m
[31m+ Received[39m

[2m  Array [[22m
[2m    1,[22m
[2m    2,[22m
[2m    3,[22m
[2m    4,[22m
[2m    5,[22m
[2m    6,[22m
[2m    7,[22m
[2m    8,[22m
[32m-   9,[39m
[31m+   10,[39m
[2m  ][22m

[36m [2m❯[22m tests/unit/db/migrate.test.ts:[2m10:36[22m[39m
    [90m  8| [39m    [35mconst[39m db [33m=[39m [34mopenDatabase[39m([32m':memory:'[39m)
    [90m  9| [39m    [35mconst[39m result [33m=[39m [34mmigrate[39m(db)
    [90m 10| [39m    [34mexpect[39m(result[33m.[39mappliedVersions)[33m.[39m[34mtoEqual[39m([[34m1[39m[33m,[39m [34m2[39m[33m,[39m [34m3[39m[33m,[39m [34m4[39m[33m,[39m [34m5[39m[33m,[39m [34m6[39m[33m,[39m [34m7[39m[33m,[39m [34m8[39m[33m,[39m [34m9[39m])
    [90m   | [39m                                   [31m^[39m
    [90m 11| [39m    [34mexpect[39m(result[33m.[39mcurrentVersion)[33m.[39m[34mtoBe[39m([33mMath[39m[33m.[39m[34mmax[39m([33m...[39m[33mMIGRATIONS[39m[33m.[39m[34mmap[39m((m) …
    [90m 12| [39m    [34mexpect[39m([34mreadUserVersion[39m(db))[33m.[39m[34mtoBe[39m(result[33m.[39mcurrentVersion)

[31m[2m⎯⎯⎯⎯⎯⎯⎯⎯⎯⎯⎯⎯⎯⎯⎯⎯⎯⎯⎯⎯⎯⎯⎯⎯[4/4]⎯[22m[39m

[2m Test Files [22m [1m[31m2 failed[39m[22m[90m (2)[39m
[2m      Tests [22m [1m[31m4 failed[39m[22m[2m | [22m[1m[32m6 passed[39m[22m[90m (10)[39m
[2m   Start at [22m 10:05:49
[2m   Duration [22m 640ms[2m (transform 58ms, setup 0ms, collect 205ms, tests 48ms, environment 0ms, prepare 513ms)[22m

M2_MUTATED_TEST_EXIT=1
=== M2 还原（cp 备份法）——diff 空 ===
M2_RESTORE_DIFF=EMPTY
[2m   Start at [22m 10:06:04
[2m   Duration [22m 607ms[2m (transform 47ms, setup 0ms, collect 186ms, tests 42ms, environment 0ms, prepare 429ms)[22m

M2_RESTORED_TEST_EXIT=0
=== M2 还原复绿复核（无管道直跑）===
M2_RESTORED_CLEAN_EXIT=0
