=== B26 MUTATION M1: state machine guard (isActive -> always true) ===
[target] src/main/services/export_/export-session-state.ts createExportSessionState.isActive
[method] cp backup(outside repo) -> mutate -> targeted vitest -> cp restore -> diff empty -> re-run green
[expected red] F-SESS-01 advance guard race case (queued finalize after abort must NOT write manifest - INV-65)
--- red run (mutated) ---
npm warn Unknown project config "better_sqlite3_binary_host_mirror". This will stop working in the next major version of npm. See `npm help npmrc` for supported config options.
npm warn Unknown project config "electron_mirror". This will stop working in the next major version of npm. See `npm help npmrc` for supported config options.

[1m[7m[36m RUN [39m[27m[22m [36mv2.1.9 [39m[90mE:/class/智慧水务/Synapse_remake[39m

 [31m❯[39m tests/unit/services/corpus.export.test.ts [2m([22m[2m16 tests[22m[2m | [22m[31m1 failed[39m[2m)[22m[33m 341[2mms[22m[39m
[31m   [31m×[31m corpus.export.service —— 五件套导出会话（状态机+manifest+幂等） [SR2-AI-03][2m > [22mF-SESS-01 advance 守卫：complete 已排队终局推进（deferOutcome 未跑）时 abort——悬挂推进不得终写 manifest[90m 49[2mms[22m[31m[39m
[31m     → expected true to be false // Object.is equality[39m

[31m⎯⎯⎯⎯⎯⎯⎯[1m[7m Failed Tests 1 [27m[22m⎯⎯⎯⎯⎯⎯⎯[39m

[31m[1m[7m FAIL [27m[22m[39m tests/unit/services/corpus.export.test.ts[2m > [22mcorpus.export.service —— 五件套导出会话（状态机+manifest+幂等） [SR2-AI-03][2m > [22mF-SESS-01 advance 守卫：complete 已排队终局推进（deferOutcome 未跑）时 abort——悬挂推进不得终写 manifest
[31m[1mAssertionError[22m: expected true to be false // Object.is equality[39m

[32m- Expected[39m
[31m+ Received[39m

[32m- false[39m
[31m+ true[39m

[36m [2m❯[22m tests/unit/services/corpus.export.test.ts:[2m389:56[22m[39m
    [90m387| [39m      [90m// 等一拍：悬挂的 setImmediate 推进窗口过尽后再验盘面[39m
    [90m388| [39m      [35mawait[39m [35mnew[39m [33mPromise[39m((res) [33m=>[39m [34msetTimeout[39m(res[33m,[39m [34m20[39m))
    [90m389| [39m      [34mexpect[39m([34mexistsSync[39m([34mjoin[39m(h[33m.[39mdir[33m,[39m [32m'manifest.json'[39m)))[33m.[39m[34mtoBe[39m([35mfalse[39m)
    [90m   | [39m                                                       [31m^[39m
    [90m390| [39m    } [35mfinally[39m {
    [90m391| [39m      [35mawait[39m h[33m.[39m[34mdispose[39m()

[31m[2m⎯⎯⎯⎯⎯⎯⎯⎯⎯⎯⎯⎯⎯⎯⎯⎯⎯⎯⎯⎯⎯⎯⎯⎯[1/1]⎯[22m[39m

[2m Test Files [22m [1m[31m1 failed[39m[22m[90m (1)[39m
[2m      Tests [22m [1m[31m1 failed[39m[22m[2m | [22m[1m[32m15 passed[39m[22m[90m (16)[39m
[2m   Start at [22m 08:36:41
[2m   Duration [22m 1.29s[2m (transform 160ms, setup 0ms, collect 452ms, tests 341ms, environment 0ms, prepare 178ms)[22m

MUTATION1_RED_EXIT=1
--- restore (cp backup method, git checkout forbidden per constitution) ---
RESTORE_DIFF_EMPTY_CONFIRMED
--- green re-run (restored) ---
npm warn Unknown project config "better_sqlite3_binary_host_mirror". This will stop working in the next major version of npm. See `npm help npmrc` for supported config options.
npm warn Unknown project config "electron_mirror". This will stop working in the next major version of npm. See `npm help npmrc` for supported config options.

[1m[7m[36m RUN [39m[27m[22m [36mv2.1.9 [39m[90mE:/class/智慧水务/Synapse_remake[39m

 [32m✓[39m tests/unit/services/corpus.export.test.ts [2m([22m[2m16 tests[22m[2m)[22m[33m 372[2mms[22m[39m

[2m Test Files [22m [1m[32m1 passed[39m[22m[90m (1)[39m
[2m      Tests [22m [1m[32m16 passed[39m[22m[90m (16)[39m
[2m   Start at [22m 08:36:52
[2m   Duration [22m 1.36s[2m (transform 168ms, setup 0ms, collect 473ms, tests 372ms, environment 0ms, prepare 181ms)[22m

MUTATION1_GREEN_EXIT=0
