npm warn Unknown project config "better_sqlite3_binary_host_mirror". This will stop working in the next major version of npm. See `npm help npmrc` for supported config options.
npm warn Unknown project config "electron_mirror". This will stop working in the next major version of npm. See `npm help npmrc` for supported config options.

> synapse@0.1.0 test-surface:check
> node scripts/check-test-surface.mjs check

[test-surface] files: 187 base / 183 cur | cases: 1789 base / 1768 cur | assertions: 5411 base / 5368 cur | skipSites: 15 base / 14 cur
[test-surface] NEW tests/contracts/schemas.test.ts › saveProgress：page 负数拒；旧时长载荷 secondsDelta 已随 F-TIME-02 移除=strict 拒收未知字段 (line 312, 3 assertions)
[test-surface] NEW tests/e2e/reading-time-replay.spec.ts › P7X-02 outbox 重放：强杀残留（pending+in-flight）→二轮启动闸门排空落库（页码半边） (line 100, 1 assertions)
[test-surface] NEW tests/unit/db/migrate-reading-time.test.ts › 新库：全量应用到 9，papers.reading_seconds 列已不存在（009 删列终态） (line 18, 4 assertions)
[test-surface] NEW tests/unit/db/migrate-reading-time.test.ts › 存量 v8 库（008 已加列）升级：仅应用 009，列被删除，user_version=9 (line 32, 4 assertions)
[test-surface] NEW tests/unit/db/migrate-reading-time.test.ts › 存量 v7 库双跳：008 加列→009 删列一次 migrate 到位，终态列不存在 (line 44, 4 assertions)
[test-surface] NEW tests/unit/db/migrate.test.ts › 新库：全量应用，user_version = 最新版本 (line 7, 3 assertions)
[test-surface] NEW tests/unit/renderer/reading-time-outbox.test.ts › T2 队头阻塞（CR-1）：同 paper 仅队头 in-flight——seq2/3 不得越序派发 (line 122, 6 assertions)
[test-surface] NEW tests/unit/renderer/reading-time-outbox.test.ts › T4：reject→attempts++/回 pending/lastError 记录+队头保持（新 seq 不越序） (line 156, 6 assertions)
[test-surface] NEW tests/unit/renderer/reading-time-outbox.test.ts › T4 共享退避闸门：任一失败后退避窗内新条目不派发（共享计时器自裁语义） (line 189, 3 assertions)
[test-surface] NEW tests/unit/renderer/reading-time-outbox.test.ts › T5：启动恢复驻留 in-flight→attempts++ 后按未达重放 (line 201, 4 assertions)
[test-surface] NEW tests/unit/renderer/reading-time-outbox.test.ts › T6 死信=终态不阻塞同 paper 新 seq（CR-1：仅未决条目阻塞） (line 257, 4 assertions)
[test-surface] NEW tests/unit/renderer/reading-time-outbox.test.ts › 排空闸门：replayOnStart resolve 前新 enqueue 只入队不派发（seq 续增） (line 297, 5 assertions)
[test-surface] NEW tests/unit/renderer/reading-time-outbox.test.ts › 排空闸门时间语义（回炉 W2）：回放期新 enqueue 不论 seq 一律不派发；resolve 后派发 (line 322, 4 assertions)
[test-surface] NEW tests/unit/renderer/reading-time-outbox.test.ts › enqueue 恒不抛：store put 抛错→退化内存重试+强 WARN (line 377, 4 assertions)
[test-surface] NEW tests/unit/renderer/reading-time-outbox.test.ts › F-TIME-02 向后兼容：存量条目携带旧 seconds 字段→收载不判损坏，多余键随载荷退役被忽略 (line 482, 3 assertions)
[test-surface] NEW tests/unit/services/lineage-tags.test.ts › 版本接续：MIGRATIONS 含 version 7 且 user_version=9（新库全量，009 落地后） (line 61, 2 assertions)
[test-surface] exemptions entries: 17 hits: 15 stale: 2
[test-surface] FAIL FILE_MISSING tests/e2e/reader-reading-time.spec.ts 「tests/e2e/reader-reading-time.spec.ts」
[test-surface] FAIL FILE_MISSING tests/unit/db/papers-reading-time.test.ts 「tests/unit/db/papers-reading-time.test.ts」
[test-surface] FAIL FILE_MISSING tests/unit/renderer/reading-time.test.ts 「tests/unit/renderer/reading-time.test.ts」
[test-surface] FAIL FILE_MISSING tests/unit/services/reader-time.test.ts 「tests/unit/services/reader-time.test.ts」
[test-surface] 检查未通过：4 处契约违背（hint: 若为有意收紧/删改，先取主控裁决，再落 scripts/test-surface.exemptions.json 豁免通道 reason+rulingLink）
