== [1] cp backup (pre-mutation state) ==
BACKUP_OK
== [2] mutate: drop 'export type { PixelBox }' re-export ==
reexport-line hits after mutation: 0
== [3] typecheck expect RED ==
npm warn Unknown project config "better_sqlite3_binary_host_mirror". This will stop working in the next major version of npm. See `npm help npmrc` for supported config options.
npm warn Unknown project config "electron_mirror". This will stop working in the next major version of npm. See `npm help npmrc` for supported config options.

> synapse@0.1.0 typecheck
> tsc --noEmit -p tsconfig.node.json && tsc --noEmit -p tsconfig.web.json

src/renderer/features/reader/annotation-band-calibrate.ts(43,27): error TS2724: '"./annotation-anchor"' has no exported member named 'PixelBox'. Did you mean 'pixelBoxOf'?
src/renderer/features/reader/annotation-resolve.ts(53,46): error TS2724: '"./annotation-anchor"' has no exported member named 'PixelBox'. Did you mean 'pixelBoxOf'?
tests/unit/renderer/anchor-item-verify.test.tsx(30,15): error TS2724: '"../../../src/renderer/features/reader/annotation-anchor"' has no exported member named 'PixelBox'. Did you mean 'pixelBoxOf'?
MUTATION_TYPECHECK_EXIT=2
0
TS2305_COUNT=0
TS2724 count: 3
== [4] restore from backup ==
RESTORE_DIFF_EMPTY
git diff scope check (read-only):
 src/renderer/features/reader/annotation-anchor.ts | 25 +++++++++++------------
 1 file changed, 12 insertions(+), 13 deletions(-)
== [5] typecheck expect GREEN ==
npm warn Unknown project config "better_sqlite3_binary_host_mirror". This will stop working in the next major version of npm. See `npm help npmrc` for supported config options.
npm warn Unknown project config "electron_mirror". This will stop working in the next major version of npm. See `npm help npmrc` for supported config options.

> synapse@0.1.0 typecheck
> tsc --noEmit -p tsconfig.node.json && tsc --noEmit -p tsconfig.web.json

RESTORED_TYPECHECK_EXIT=0
BACKUP_REMOVED
