== [1] cp backup (pre-mutation state) ==
BACKUP_OK
== [2] mutate: drop re-export line from PdfPageCanvas.tsx ==
reexport-line hits after mutation: 0
== [3] typecheck expect RED (TS2305) ==
npm warn Unknown project config "better_sqlite3_binary_host_mirror". This will stop working in the next major version of npm. See `npm help npmrc` for supported config options.
npm warn Unknown project config "electron_mirror". This will stop working in the next major version of npm. See `npm help npmrc` for supported config options.

> synapse@0.1.0 typecheck
> tsc --noEmit -p tsconfig.node.json && tsc --noEmit -p tsconfig.web.json

src/renderer/features/reader/PageBox.tsx(27,15): error TS2459: Module '"./PdfPageCanvas"' declares 'PdfPageGeometry' locally, but it is not exported.
src/renderer/features/reader/PageBox.tsx(27,32): error TS2459: Module '"./PdfPageCanvas"' declares 'PdfTextContent' locally, but it is not exported.
src/renderer/features/reader/PageColumn.tsx(31,15): error TS2459: Module '"./PdfPageCanvas"' declares 'PdfPageGeometry' locally, but it is not exported.
src/renderer/features/reader/PageColumn.tsx(31,32): error TS2459: Module '"./PdfPageCanvas"' declares 'PdfTextContent' locally, but it is not exported.
src/renderer/features/reader/PageColumnView.tsx(25,15): error TS2459: Module '"./PdfPageCanvas"' declares 'PdfPageGeometry' locally, but it is not exported.
src/renderer/features/reader/PageColumnView.tsx(25,32): error TS2459: Module '"./PdfPageCanvas"' declares 'PdfTextContent' locally, but it is not exported.
src/renderer/features/reader/PagesOverlay.tsx(52,15): error TS2459: Module '"./PdfPageCanvas"' declares 'PdfPageGeometry' locally, but it is not exported.
src/renderer/features/reader/PagesOverlay.tsx(52,32): error TS2459: Module '"./PdfPageCanvas"' declares 'PdfTextContent' locally, but it is not exported.
src/renderer/features/reader/reader-search.ts(32,15): error TS2459: Module '"./PdfPageCanvas"' declares 'PdfTextItem' locally, but it is not exported.
src/renderer/features/reader/TextLayer.tsx(34,15): error TS2459: Module '"./PdfPageCanvas"' declares 'PdfPageGeometry' locally, but it is not exported.
src/renderer/features/reader/TextLayer.tsx(34,32): error TS2459: Module '"./PdfPageCanvas"' declares 'PdfTextContent' locally, but it is not exported.
tests/unit/renderer/ai-annotation-layer.test.tsx(25,15): error TS2459: Module '"../../../src/renderer/features/reader/PdfPageCanvas"' declares 'PdfTextItem' locally, but it is not exported.
tests/unit/renderer/ai-annotation-layer.test.tsx(25,28): error TS2305: Module '"../../../src/renderer/features/reader/PdfPageCanvas"' has no exported member 'PdfTextStyle'.
tests/unit/renderer/anchor-item-verify.test.tsx(33,15): error TS2459: Module '"../../../src/renderer/features/reader/PdfPageCanvas"' declares 'PdfTextItem' locally, but it is not exported.
tests/unit/renderer/anchor-item-verify.test.tsx(33,28): error TS2305: Module '"../../../src/renderer/features/reader/PdfPageCanvas"' has no exported member 'PdfTextStyle'.
tests/unit/renderer/annotation-layer.test.tsx(21,15): error TS2459: Module '"../../../src/renderer/features/reader/PdfPageCanvas"' declares 'PdfTextItem' locally, but it is not exported.
tests/unit/renderer/annotation-layer.test.tsx(21,28): error TS2305: Module '"../../../src/renderer/features/reader/PdfPageCanvas"' has no exported member 'PdfTextStyle'.
tests/unit/renderer/band-calibration.test.tsx(35,15): error TS2459: Module '"../../../src/renderer/features/reader/PdfPageCanvas"' declares 'PdfTextContent' locally, but it is not exported.
tests/unit/renderer/band-calibration.test.tsx(35,31): error TS2459: Module '"../../../src/renderer/features/reader/PdfPageCanvas"' declares 'PdfTextItem' locally, but it is not exported.
tests/unit/renderer/band-calibration.test.tsx(35,44): error TS2305: Module '"../../../src/renderer/features/reader/PdfPageCanvas"' has no exported member 'PdfTextStyle'.
tests/unit/renderer/pages-overlay.test.tsx(30,15): error TS2459: Module '"../../../src/renderer/features/reader/PdfPageCanvas"' declares 'PdfTextContent' locally, but it is not exported.
tests/unit/renderer/pages-overlay.test.tsx(30,31): error TS2459: Module '"../../../src/renderer/features/reader/PdfPageCanvas"' declares 'PdfTextItem' locally, but it is not exported.
tests/unit/renderer/pdf-item-geometry.test.tsx(18,15): error TS2459: Module '"../../../src/renderer/features/reader/PdfPageCanvas"' declares 'PdfTextItem' locally, but it is not exported.
tests/unit/renderer/pdf-item-geometry.test.tsx(18,28): error TS2305: Module '"../../../src/renderer/features/reader/PdfPageCanvas"' has no exported member 'PdfTextStyle'.
tests/unit/renderer/reader-search-text.test.tsx(21,15): error TS2459: Module '"../../../src/renderer/features/reader/PdfPageCanvas"' declares 'PdfTextItem' locally, but it is not exported.
tests/unit/renderer/selection-evaluate.test.tsx(34,15): error TS2459: Module '"../../../src/renderer/features/reader/PdfPageCanvas"' declares 'PdfTextContent' locally, but it is not exported.
tests/unit/renderer/selection-evaluate.test.tsx(34,31): error TS2459: Module '"../../../src/renderer/features/reader/PdfPageCanvas"' declares 'PdfTextItem' locally, but it is not exported.
tests/unit/renderer/selection-item-chain.test.tsx(24,15): error TS2459: Module '"../../../src/renderer/features/reader/PdfPageCanvas"' declares 'PdfTextContent' locally, but it is not exported.
tests/unit/renderer/selection-item-chain.test.tsx(24,31): error TS2459: Module '"../../../src/renderer/features/reader/PdfPageCanvas"' declares 'PdfTextItem' locally, but it is not exported.
tests/unit/renderer/text-layer.test.tsx(41,15): error TS2459: Module '"../../../src/renderer/features/reader/PdfPageCanvas"' declares 'PdfPageGeometry' locally, but it is not exported.
tests/unit/renderer/text-layer.test.tsx(41,32): error TS2459: Module '"../../../src/renderer/features/reader/PdfPageCanvas"' declares 'PdfTextContent' locally, but it is not exported.
tests/unit/renderer/text-layer.test.tsx(41,48): error TS2459: Module '"../../../src/renderer/features/reader/PdfPageCanvas"' declares 'PdfTextItem' locally, but it is not exported.
MUTATION_TYPECHECK_EXIT=2
6
== [4] restore from backup ==
RESTORE_DIFF_EMPTY
git diff scope check (read-only):
 src/renderer/features/reader/PdfPageCanvas.tsx | 59 ++++----------------------
 1 file changed, 9 insertions(+), 50 deletions(-)
== [5] typecheck expect GREEN ==
npm warn Unknown project config "better_sqlite3_binary_host_mirror". This will stop working in the next major version of npm. See `npm help npmrc` for supported config options.
npm warn Unknown project config "electron_mirror". This will stop working in the next major version of npm. See `npm help npmrc` for supported config options.

> synapse@0.1.0 typecheck
> tsc --noEmit -p tsconfig.node.json && tsc --noEmit -p tsconfig.web.json

RESTORED_TYPECHECK_EXIT=0
BACKUP_REMOVED
