== g10 build hash identity: PRE-migration point (baseline build from g10-verify-baseline.log) ==
-rw-r--r-- 1 Administrator 197121   59923 Sep 19 04:46 index-BfpEygSE.css
-rw-r--r-- 1 Administrator 197121 1402437 Sep 19 04:46 index-D3egZtl2.js
-rw-r--r-- 1 Administrator 197121 1375838 Sep 19 04:46 pdf.worker.min-yatZIOMy.mjs
-- sha256 --
9c3b8b84396410230ce263286f35aaab45ebfb1f3a3026f0d9ea3aa7b4ca3f2a *out/renderer/assets/index-D3egZtl2.js
dcace2e7481c724b80186a4822fe252b403be154bcb06d5bbcb5f79a068a97d5 *out/renderer/assets/index-BfpEygSE.css
1baa1844c89c80a5b2797c916e75ab29254be46d8e9cb53cb6364d7aad84be36 *out/renderer/assets/pdf.worker.min-yatZIOMy.mjs
PRE_SNAPSHOT_EXIT=0

== POST-migration point (after g10 impl verify build) ==
-rw-r--r-- 1 Administrator 197121   59923 Sep 19 04:59 index-BfpEygSE.css
-rw-r--r-- 1 Administrator 197121 1402437 Sep 19 04:59 index-D3egZtl2.js
-rw-r--r-- 1 Administrator 197121 1375838 Sep 19 04:59 pdf.worker.min-yatZIOMy.mjs
-- sha256 --
9c3b8b84396410230ce263286f35aaab45ebfb1f3a3026f0d9ea3aa7b4ca3f2a *out/renderer/assets/index-D3egZtl2.js
dcace2e7481c724b80186a4822fe252b403be154bcb06d5bbcb5f79a068a97d5 *out/renderer/assets/index-BfpEygSE.css
1baa1844c89c80a5b2797c916e75ab29254be46d8e9cb53cb6364d7aad84be36 *out/renderer/assets/pdf.worker.min-yatZIOMy.mjs

== identity check ==
expect SAME names+sizes+sha256 as PRE point (baseline index-D3egZtl2.js 1392720B... wait sizes in bytes below) ==
POST_SNAPSHOT_EXIT=0
IDENTITY_VERDICT: index-D3egZtl2.js + index-BfpEygSE.css + pdf.worker.min-yatZIOMy.mjs 三产物 PRE/POST 同名同尺寸同 sha256 —— 零行为迁移在 bundle 层证明成立（G5-G10 恒等链第六票）
