== g10 D-section: 14 locked test files, per-file unlock->rewrite->apply ==
npm warn Unknown project config "better_sqlite3_binary_host_mirror". This will stop working in the next major version of npm. See `npm help npmrc` for supported config options.
npm warn Unknown project config "electron_mirror". This will stop working in the next major version of npm. See `npm help npmrc` for supported config options.

> synapse@0.1.0 locks:unlock
> powershell -NoProfile -ExecutionPolicy Bypass -File scripts/unlock-protected.ps1

已解锁 366 个文件。改完后运行 npm run locks:apply 重新锁定。
npm warn Unknown project config "better_sqlite3_binary_host_mirror". This will stop working in the next major version of npm. See `npm help npmrc` for supported config options.
npm warn Unknown project config "electron_mirror". This will stop working in the next major version of npm. See `npm help npmrc` for supported config options.

> synapse@0.1.0 locks:apply
> powershell -NoProfile -ExecutionPolicy Bypass -File scripts/lock-protected.ps1

已锁定 366 个文件（只读）。manifest 记录 366 条。
提交 manifest 变更时，提交信息必须带 [locked-change] 尾注。
tests/unit/renderer/annotation-menu.test.tsx exp=1 pre=1 postold=0 postnew=1 numstat=1+1 unlock=0 sed=0 apply=0 => OK
npm warn Unknown project config "better_sqlite3_binary_host_mirror". This will stop working in the next major version of npm. See `npm help npmrc` for supported config options.
npm warn Unknown project config "electron_mirror". This will stop working in the next major version of npm. See `npm help npmrc` for supported config options.

> synapse@0.1.0 locks:unlock
> powershell -NoProfile -ExecutionPolicy Bypass -File scripts/unlock-protected.ps1

已解锁 366 个文件。改完后运行 npm run locks:apply 重新锁定。
npm warn Unknown project config "better_sqlite3_binary_host_mirror". This will stop working in the next major version of npm. See `npm help npmrc` for supported config options.
npm warn Unknown project config "electron_mirror". This will stop working in the next major version of npm. See `npm help npmrc` for supported config options.

> synapse@0.1.0 locks:apply
> powershell -NoProfile -ExecutionPolicy Bypass -File scripts/lock-protected.ps1

已锁定 366 个文件（只读）。manifest 记录 366 条。
提交 manifest 变更时，提交信息必须带 [locked-change] 尾注。
tests/unit/renderer/tab-bar.test.tsx exp=1 pre=1 postold=0 postnew=1 numstat=1+1 unlock=0 sed=0 apply=0 => OK
npm warn Unknown project config "better_sqlite3_binary_host_mirror". This will stop working in the next major version of npm. See `npm help npmrc` for supported config options.
npm warn Unknown project config "electron_mirror". This will stop working in the next major version of npm. See `npm help npmrc` for supported config options.

> synapse@0.1.0 locks:unlock
> powershell -NoProfile -ExecutionPolicy Bypass -File scripts/unlock-protected.ps1

已解锁 366 个文件。改完后运行 npm run locks:apply 重新锁定。
npm warn Unknown project config "better_sqlite3_binary_host_mirror". This will stop working in the next major version of npm. See `npm help npmrc` for supported config options.
npm warn Unknown project config "electron_mirror". This will stop working in the next major version of npm. See `npm help npmrc` for supported config options.

> synapse@0.1.0 locks:apply
> powershell -NoProfile -ExecutionPolicy Bypass -File scripts/lock-protected.ps1

已锁定 366 个文件（只读）。manifest 记录 366 条。
提交 manifest 变更时，提交信息必须带 [locked-change] 尾注。
tests/unit/renderer/tab-dirty.test.tsx exp=1 pre=1 postold=0 postnew=1 numstat=1+1 unlock=0 sed=0 apply=0 => OK
npm warn Unknown project config "better_sqlite3_binary_host_mirror". This will stop working in the next major version of npm. See `npm help npmrc` for supported config options.
npm warn Unknown project config "electron_mirror". This will stop working in the next major version of npm. See `npm help npmrc` for supported config options.

> synapse@0.1.0 locks:unlock
> powershell -NoProfile -ExecutionPolicy Bypass -File scripts/unlock-protected.ps1

已解锁 366 个文件。改完后运行 npm run locks:apply 重新锁定。
npm warn Unknown project config "better_sqlite3_binary_host_mirror". This will stop working in the next major version of npm. See `npm help npmrc` for supported config options.
npm warn Unknown project config "electron_mirror". This will stop working in the next major version of npm. See `npm help npmrc` for supported config options.

> synapse@0.1.0 locks:apply
> powershell -NoProfile -ExecutionPolicy Bypass -File scripts/lock-protected.ps1

已锁定 366 个文件（只读）。manifest 记录 366 条。
提交 manifest 变更时，提交信息必须带 [locked-change] 尾注。
tests/unit/renderer/reader-search-text.test.tsx exp=1 pre=1 postold=0 postnew=1 numstat=1+1 unlock=0 sed=0 apply=0 => OK
npm warn Unknown project config "better_sqlite3_binary_host_mirror". This will stop working in the next major version of npm. See `npm help npmrc` for supported config options.
npm warn Unknown project config "electron_mirror". This will stop working in the next major version of npm. See `npm help npmrc` for supported config options.

> synapse@0.1.0 locks:unlock
> powershell -NoProfile -ExecutionPolicy Bypass -File scripts/unlock-protected.ps1

已解锁 366 个文件。改完后运行 npm run locks:apply 重新锁定。
npm warn Unknown project config "better_sqlite3_binary_host_mirror". This will stop working in the next major version of npm. See `npm help npmrc` for supported config options.
npm warn Unknown project config "electron_mirror". This will stop working in the next major version of npm. See `npm help npmrc` for supported config options.

> synapse@0.1.0 locks:apply
> powershell -NoProfile -ExecutionPolicy Bypass -File scripts/lock-protected.ps1

已锁定 366 个文件（只读）。manifest 记录 366 条。
提交 manifest 变更时，提交信息必须带 [locked-change] 尾注。
tests/unit/renderer/annotation-editor-ux.test.tsx exp=1 pre=1 postold=0 postnew=1 numstat=1+1 unlock=0 sed=0 apply=0 => OK
npm warn Unknown project config "better_sqlite3_binary_host_mirror". This will stop working in the next major version of npm. See `npm help npmrc` for supported config options.
npm warn Unknown project config "electron_mirror". This will stop working in the next major version of npm. See `npm help npmrc` for supported config options.

> synapse@0.1.0 locks:unlock
> powershell -NoProfile -ExecutionPolicy Bypass -File scripts/unlock-protected.ps1

已解锁 366 个文件。改完后运行 npm run locks:apply 重新锁定。
npm warn Unknown project config "better_sqlite3_binary_host_mirror". This will stop working in the next major version of npm. See `npm help npmrc` for supported config options.
npm warn Unknown project config "electron_mirror". This will stop working in the next major version of npm. See `npm help npmrc` for supported config options.

> synapse@0.1.0 locks:apply
> powershell -NoProfile -ExecutionPolicy Bypass -File scripts/lock-protected.ps1

已锁定 366 个文件（只读）。manifest 记录 366 条。
提交 manifest 变更时，提交信息必须带 [locked-change] 尾注。
tests/unit/renderer/r3-rdr-set-visual.test.tsx exp=2 pre=2 postold=0 postnew=2 numstat=2+2 unlock=0 sed=0 apply=0 => OK
npm warn Unknown project config "better_sqlite3_binary_host_mirror". This will stop working in the next major version of npm. See `npm help npmrc` for supported config options.
npm warn Unknown project config "electron_mirror". This will stop working in the next major version of npm. See `npm help npmrc` for supported config options.

> synapse@0.1.0 locks:unlock
> powershell -NoProfile -ExecutionPolicy Bypass -File scripts/unlock-protected.ps1

已解锁 366 个文件。改完后运行 npm run locks:apply 重新锁定。
npm warn Unknown project config "better_sqlite3_binary_host_mirror". This will stop working in the next major version of npm. See `npm help npmrc` for supported config options.
npm warn Unknown project config "electron_mirror". This will stop working in the next major version of npm. See `npm help npmrc` for supported config options.

> synapse@0.1.0 locks:apply
> powershell -NoProfile -ExecutionPolicy Bypass -File scripts/lock-protected.ps1

已锁定 366 个文件（只读）。manifest 记录 366 条。
提交 manifest 变更时，提交信息必须带 [locked-change] 尾注。
tests/unit/renderer/reader-double-page.test.tsx exp=1 pre=1 postold=0 postnew=1 numstat=1+1 unlock=0 sed=0 apply=0 => OK
npm warn Unknown project config "better_sqlite3_binary_host_mirror". This will stop working in the next major version of npm. See `npm help npmrc` for supported config options.
npm warn Unknown project config "electron_mirror". This will stop working in the next major version of npm. See `npm help npmrc` for supported config options.

> synapse@0.1.0 locks:unlock
> powershell -NoProfile -ExecutionPolicy Bypass -File scripts/unlock-protected.ps1

已解锁 366 个文件。改完后运行 npm run locks:apply 重新锁定。
npm warn Unknown project config "better_sqlite3_binary_host_mirror". This will stop working in the next major version of npm. See `npm help npmrc` for supported config options.
npm warn Unknown project config "electron_mirror". This will stop working in the next major version of npm. See `npm help npmrc` for supported config options.

> synapse@0.1.0 locks:apply
> powershell -NoProfile -ExecutionPolicy Bypass -File scripts/lock-protected.ps1

已锁定 366 个文件（只读）。manifest 记录 366 条。
提交 manifest 变更时，提交信息必须带 [locked-change] 尾注。
tests/unit/renderer/reader-search-wiring.test.tsx exp=2 pre=2 postold=0 postnew=2 numstat=2+2 unlock=0 sed=0 apply=0 => OK
npm warn Unknown project config "better_sqlite3_binary_host_mirror". This will stop working in the next major version of npm. See `npm help npmrc` for supported config options.
npm warn Unknown project config "electron_mirror". This will stop working in the next major version of npm. See `npm help npmrc` for supported config options.

> synapse@0.1.0 locks:unlock
> powershell -NoProfile -ExecutionPolicy Bypass -File scripts/unlock-protected.ps1

已解锁 366 个文件。改完后运行 npm run locks:apply 重新锁定。
npm warn Unknown project config "better_sqlite3_binary_host_mirror". This will stop working in the next major version of npm. See `npm help npmrc` for supported config options.
npm warn Unknown project config "electron_mirror". This will stop working in the next major version of npm. See `npm help npmrc` for supported config options.

> synapse@0.1.0 locks:apply
> powershell -NoProfile -ExecutionPolicy Bypass -File scripts/lock-protected.ps1

已锁定 366 个文件（只读）。manifest 记录 366 条。
提交 manifest 变更时，提交信息必须带 [locked-change] 尾注。
tests/unit/renderer/reader-page-open-race.test.tsx exp=1 pre=1 postold=0 postnew=1 numstat=1+1 unlock=0 sed=0 apply=0 => OK
npm warn Unknown project config "better_sqlite3_binary_host_mirror". This will stop working in the next major version of npm. See `npm help npmrc` for supported config options.
npm warn Unknown project config "electron_mirror". This will stop working in the next major version of npm. See `npm help npmrc` for supported config options.

> synapse@0.1.0 locks:unlock
> powershell -NoProfile -ExecutionPolicy Bypass -File scripts/unlock-protected.ps1

已解锁 366 个文件。改完后运行 npm run locks:apply 重新锁定。
npm warn Unknown project config "better_sqlite3_binary_host_mirror". This will stop working in the next major version of npm. See `npm help npmrc` for supported config options.
npm warn Unknown project config "electron_mirror". This will stop working in the next major version of npm. See `npm help npmrc` for supported config options.

> synapse@0.1.0 locks:apply
> powershell -NoProfile -ExecutionPolicy Bypass -File scripts/lock-protected.ps1

已锁定 366 个文件（只读）。manifest 记录 366 条。
提交 manifest 变更时，提交信息必须带 [locked-change] 尾注。
tests/unit/renderer/reader-shortcuts.test.tsx exp=1 pre=1 postold=0 postnew=1 numstat=1+1 unlock=0 sed=0 apply=0 => OK
npm warn Unknown project config "better_sqlite3_binary_host_mirror". This will stop working in the next major version of npm. See `npm help npmrc` for supported config options.
npm warn Unknown project config "electron_mirror". This will stop working in the next major version of npm. See `npm help npmrc` for supported config options.

> synapse@0.1.0 locks:unlock
> powershell -NoProfile -ExecutionPolicy Bypass -File scripts/unlock-protected.ps1

已解锁 366 个文件。改完后运行 npm run locks:apply 重新锁定。
npm warn Unknown project config "better_sqlite3_binary_host_mirror". This will stop working in the next major version of npm. See `npm help npmrc` for supported config options.
npm warn Unknown project config "electron_mirror". This will stop working in the next major version of npm. See `npm help npmrc` for supported config options.

> synapse@0.1.0 locks:apply
> powershell -NoProfile -ExecutionPolicy Bypass -File scripts/lock-protected.ps1

已锁定 366 个文件（只读）。manifest 记录 366 条。
提交 manifest 变更时，提交信息必须带 [locked-change] 尾注。
tests/unit/renderer/reader-search.store.test.tsx exp=1 pre=1 postold=0 postnew=1 numstat=1+1 unlock=0 sed=0 apply=0 => OK
npm warn Unknown project config "better_sqlite3_binary_host_mirror". This will stop working in the next major version of npm. See `npm help npmrc` for supported config options.
npm warn Unknown project config "electron_mirror". This will stop working in the next major version of npm. See `npm help npmrc` for supported config options.

> synapse@0.1.0 locks:unlock
> powershell -NoProfile -ExecutionPolicy Bypass -File scripts/unlock-protected.ps1

已解锁 366 个文件。改完后运行 npm run locks:apply 重新锁定。
npm warn Unknown project config "better_sqlite3_binary_host_mirror". This will stop working in the next major version of npm. See `npm help npmrc` for supported config options.
npm warn Unknown project config "electron_mirror". This will stop working in the next major version of npm. See `npm help npmrc` for supported config options.

> synapse@0.1.0 locks:apply
> powershell -NoProfile -ExecutionPolicy Bypass -File scripts/lock-protected.ps1

已锁定 366 个文件（只读）。manifest 记录 366 条。
提交 manifest 变更时，提交信息必须带 [locked-change] 尾注。
tests/unit/renderer/reader-search-ui.test.tsx exp=4 pre=4 postold=0 postnew=4 numstat=4+4 unlock=0 sed=0 apply=0 => OK
npm warn Unknown project config "better_sqlite3_binary_host_mirror". This will stop working in the next major version of npm. See `npm help npmrc` for supported config options.
npm warn Unknown project config "electron_mirror". This will stop working in the next major version of npm. See `npm help npmrc` for supported config options.

> synapse@0.1.0 locks:unlock
> powershell -NoProfile -ExecutionPolicy Bypass -File scripts/unlock-protected.ps1

已解锁 366 个文件。改完后运行 npm run locks:apply 重新锁定。
npm warn Unknown project config "better_sqlite3_binary_host_mirror". This will stop working in the next major version of npm. See `npm help npmrc` for supported config options.
npm warn Unknown project config "electron_mirror". This will stop working in the next major version of npm. See `npm help npmrc` for supported config options.

> synapse@0.1.0 locks:apply
> powershell -NoProfile -ExecutionPolicy Bypass -File scripts/lock-protected.ps1

已锁定 366 个文件（只读）。manifest 记录 366 条。
提交 manifest 变更时，提交信息必须带 [locked-change] 尾注。
tests/unit/renderer/selection-mode.test.tsx exp=1 pre=1 postold=0 postnew=1 numstat=1+1 unlock=0 sed=0 apply=0 => OK
npm warn Unknown project config "better_sqlite3_binary_host_mirror". This will stop working in the next major version of npm. See `npm help npmrc` for supported config options.
npm warn Unknown project config "electron_mirror". This will stop working in the next major version of npm. See `npm help npmrc` for supported config options.

> synapse@0.1.0 locks:unlock
> powershell -NoProfile -ExecutionPolicy Bypass -File scripts/unlock-protected.ps1

已解锁 366 个文件。改完后运行 npm run locks:apply 重新锁定。
npm warn Unknown project config "better_sqlite3_binary_host_mirror". This will stop working in the next major version of npm. See `npm help npmrc` for supported config options.
npm warn Unknown project config "electron_mirror". This will stop working in the next major version of npm. See `npm help npmrc` for supported config options.

> synapse@0.1.0 locks:apply
> powershell -NoProfile -ExecutionPolicy Bypass -File scripts/lock-protected.ps1

已锁定 366 个文件（只读）。manifest 记录 366 条。
提交 manifest 变更时，提交信息必须带 [locked-change] 尾注。
tests/unit/renderer/theme.test.ts exp=3 pre=3 postold=0 postnew=3 numstat=3+3 unlock=0 sed=0 apply=0 => OK
D_SECTION_FAIL=0
