== g10 git mv 13 files: reader/ -> reader/view/ ==
warning: unable to find all commit-graph files
 M docs/handoff/relay.md
 M locks/manifest.json
R  src/renderer/features/reader/AnnotationEditor.tsx -> src/renderer/features/reader/view/AnnotationEditor.tsx
R  src/renderer/features/reader/AnnotationMenu.tsx -> src/renderer/features/reader/view/AnnotationMenu.tsx
R  src/renderer/features/reader/PageColumnView.tsx -> src/renderer/features/reader/view/PageColumnView.tsx
R  src/renderer/features/reader/ReaderPage.tsx -> src/renderer/features/reader/view/ReaderPage.tsx
R  src/renderer/features/reader/ReaderSearchBox.tsx -> src/renderer/features/reader/view/ReaderSearchBox.tsx
R  src/renderer/features/reader/ReaderShortcuts.ts -> src/renderer/features/reader/view/ReaderShortcuts.ts
R  src/renderer/features/reader/ReaderToolbar.tsx -> src/renderer/features/reader/view/ReaderToolbar.tsx
R  src/renderer/features/reader/SearchHighlightLayer.tsx -> src/renderer/features/reader/view/SearchHighlightLayer.tsx
R  src/renderer/features/reader/TabBar.tsx -> src/renderer/features/reader/view/TabBar.tsx
R  src/renderer/features/reader/reader-search.store.ts -> src/renderer/features/reader/view/reader-search.store.ts
R  src/renderer/features/reader/reader-search.ts -> src/renderer/features/reader/view/reader-search.ts
R  src/renderer/features/reader/reader-shortcut-handlers.ts -> src/renderer/features/reader/view/reader-shortcut-handlers.ts
R  src/renderer/features/reader/useReaderSearch.tsx -> src/renderer/features/reader/view/useReaderSearch.tsx
?? scripts/audits/b22-claim.mjs
?? scripts/audits/g10-impl-brief.md
?? scripts/audits/g10-recon.mjs
warning: unable to find all commit-graph files
R-pairs=13
GITMV_LOG_EXIT=0
