== g10 probe lock chain: generate+apply immediately after probe write ==
npm warn Unknown project config "better_sqlite3_binary_host_mirror". This will stop working in the next major version of npm. See `npm help npmrc` for supported config options.
npm warn Unknown project config "electron_mirror". This will stop working in the next major version of npm. See `npm help npmrc` for supported config options.

> synapse@0.1.0 locks:generate
> powershell -NoProfile -ExecutionPolicy Bypass -File scripts/lock-protected.ps1 -GenerateOnly

½öÉú³É manifest£¨367 Ìõ£©£¬Î´ÉèÖ»¶Á¡£
Ìá½» manifest ±ä¸üÊ±£¬Ìá½»ĞÅÏ¢±ØĞë´ø [locked-change] Î²×¢¡£
LOCKS_GENERATE_EXIT=0
npm warn Unknown project config "better_sqlite3_binary_host_mirror". This will stop working in the next major version of npm. See `npm help npmrc` for supported config options.
npm warn Unknown project config "electron_mirror". This will stop working in the next major version of npm. See `npm help npmrc` for supported config options.

> synapse@0.1.0 locks:apply
> powershell -NoProfile -ExecutionPolicy Bypass -File scripts/lock-protected.ps1

ÒÑËø¶¨ 367 ¸öÎÄ¼ş£¨Ö»¶Á£©¡£manifest ¼ÇÂ¼ 367 Ìõ¡£
Ìá½» manifest ±ä¸üÊ±£¬Ìá½»ĞÅÏ¢±ØĞë´ø [locked-change] Î²×¢¡£
LOCKS_APPLY_EXIT=0
npm warn Unknown project config "better_sqlite3_binary_host_mirror". This will stop working in the next major version of npm. See `npm help npmrc` for supported config options.
npm warn Unknown project config "electron_mirror". This will stop working in the next major version of npm. See `npm help npmrc` for supported config options.

> synapse@0.1.0 locks:check
> node scripts/check-locks.mjs

locks æ£€æŸ¥é€šè¿‡ï¼š367 ä¸ªå—é”æ–‡ä»¶ä¸ manifest ä¸€è‡´
LOCKS_CHECK_EXIT=0
npm warn Unknown project config "better_sqlite3_binary_host_mirror". This will stop working in the next major version of npm. See `npm help npmrc` for supported config options.
npm warn Unknown project config "electron_mirror". This will stop working in the next major version of npm. See `npm help npmrc` for supported config options.

> synapse@0.1.0 locks:apply
> powershell -NoProfile -ExecutionPolicy Bypass -File scripts/lock-protected.ps1

ÒÑËø¶¨ 367 ¸öÎÄ¼ş£¨Ö»¶Á£©¡£manifest ¼ÇÂ¼ 367 Ìõ¡£
Ìá½» manifest ±ä¸üÊ±£¬Ìá½»ĞÅÏ¢±ØĞë´ø [locked-change] Î²×¢¡£
V2_REAPPLY_EXIT=0
