== [0] 册文 reader 路径扫描（段非六域且文件不存在=FAIL）==
PASS  册文路径 reader/anchors/anchor-locate.ts —— 域内
PASS  册文路径 reader/state/scroll-converge.ts —— 域内
PASS  册文路径 reader/anchors/annotation-merge.ts —— 域内
PASS  册文路径 reader/state/page-layer-z.ts —— 域内
PASS  册文路径 reader/anchors/annotation-anchor.ts —— 域内
PASS  册文路径 reader/view/reader-search.store.ts —— 域内
PASS  册文路径 reader/time/reading-time.ts —— 域内
PASS  册文路径 reader/interact/selection-evaluate.ts —— 域内
PASS  册文路径 reader/anchors/annotation-resolve.ts —— 域内
PASS  册文路径 reader/interact/release-affinity.ts —— 域内
== [1] INV-68 行号锚逐个验证 ==
PASS  anchors/pdf-item-geometry.ts:366 含「bandsFromItems」——档1 单源定义
PASS  anchors/pdf-item-geometry.ts:506 含「bandsFromItems」——itemSelectionGeometry 函数体内 bands 产出（锚描述=itemSelectionGeometry:506）
PASS  interact/selection-evaluate.ts:130 含「itemSelectionGeometry」——档1 主链消费①（快路径）
PASS  interact/selection-evaluate.ts:207 含「itemSelectionGeometry」——档1 主链消费②（全量）
PASS  anchors/annotation-resolve.ts:209 含「bandsForTextNodes」——档2 单源定义（DOM 节点口径）
PASS  anchors/annotation-resolve.ts:237 含「bandsNearRects」——档3 单源定义（DOM 几何口径）
PASS  anchors/annotation-resolve.ts:277 含「resolveAnnotationRectsDom」——S4 页级回退入口
PASS  anchors/annotation-resolve.ts:302 含「bandsForTextNodes」——档2 bands 消费行（S4 内）
PASS  view/AnnotationLayer.tsx:98 含「bandsNearRects」——档3 唯一消费（S3b 存量回退）
PASS  anchors/annotation-band-calibrate.ts:77 含「calibrateBands」——显示层校准器定义
PASS  interact/selection-evaluate.ts:43 含「仅显示不入库」——#4 transient 显式声明①（头注）
PASS  interact/selection-evaluate.ts:292 含「仅显示不入库」——#4 transient 显式声明②（G2 保存门注）
PASS  interact/selection-evaluate.ts:296 含「bandsForTextNodes」——selection 全量显示回退（档2 消费）
== [2] INV-47/58/68 声明处文件现行存在性 ==
PASS  INV-47 声明处 anchors/annotation-anchor.ts 存在
PASS  INV-47 声明处 anchors/annotation-merge.ts 存在
PASS  INV-47 声明处 anchors/annotation-resolve-layered.ts 存在
PASS  INV-58 声明处 interact/selection-evaluate.ts 存在
PASS  INV-58 声明处 anchors/pdf-item-geometry.ts 存在
PASS  INV-58 声明处 interact/SelectionLayer.tsx 存在
PASS  INV-58 声明处 anchors/page-items.store.ts 存在
PASS  INV-58 声明处 anchors/annotation-resolve-layered.ts 存在
PASS  INV-68 声明处 anchors/pdf-item-geometry.ts 存在
PASS  INV-68 声明处 anchors/annotation-resolve.ts 存在
PASS  INV-68 声明处 anchors/annotation-resolve-layered.ts 存在
PASS  INV-68 声明处 interact/selection-evaluate.ts 存在
PASS  INV-68 声明处 view/AnnotationLayer.tsx 存在
== [3] 汇总 ==
inv_paths=10 inv_path_bad=0 anchors_pass=13 drifted=0 missing=0 decl_files=13
EXIT=0
