== g11 基线重冻结 diff（冻结前 F-TESTREF-W4 值 vs 冻结后 G11 值）==
命令链：cp 备份→locks:unlock→npm run test-surface:baseline→diff→locks:apply→npm run test-surface:check
diff /tmp/g11-baseline-before.json scripts/test-surface.baseline.json → diff_exit=1（预期——重冻结更新基线面）
diff 差异体量：875 行（契约面新增条目——含 F-SESS-01 renderer 重载格用例等 G2 后新增面+stats 更新）

-- stats 对比（node 读 JSON 权威值）--
before.stats={"fileCount":183,"caseCount":1757,"assertionCount":5334,"skipSiteCount":15,"conditionalSkipSiteCount":15,"hardSkipSiteCount":0,"ticketIdCount":57,"eachExpandedRows":254,"unresolvableCount":0}
after.stats={"fileCount":187,"caseCount":1789,"assertionCount":5411,"skipSiteCount":15,"conditionalSkipSiteCount":15,"hardSkipSiteCount":0,"ticketIdCount":57,"eachExpandedRows":261,"unresolvableCount":0}

-- 差异摘要（diff 首尾样例）--
2214a2215,2226
>         },
>         {
>           "key": "[\"F-SESS-01 renderer 重载格：streaming 中 reload→会话中止单飞释放→再发起全链完成\"]",
>           "describePath": [],
>           "title": "F-SESS-01 renderer 重载格：streaming 中 reload→会话中止单飞释放→再发起全链完成",
>           "markers": [],
>           "line": 157,
...
25764c26215
<     "eachExpandedRows": 254,
---
>     "eachExpandedRows": 261,

-- test-surface:check 终跑 --
[test-surface] files: 187 base / 187 cur | cases: 1789 base / 1789 cur | assertions: 5411 base / 5411 cur | skipSites: 15 base / 15 cur
[test-surface] exemptions entries: 2 hits: 0 stale: 2
[test-surface] 检查通过：C_after ⊇ C_before（指纹门绿）
CHECK_EXIT=0

结论：cur 预期同值冻结兑现（187/1789/5411/skip15，与简报③.6 预期逐位一致，无停工条件）；
stale 豁免 2 条（G2 断言面变更豁免已完成使命）票面零动作，处置权归主控收口。
