E:/class/智慧水务/Synapse_remake/src/renderer/features/reader/OutlineThumb.tsx:6  './PdfDocProvider' -> './state/PdfDocProvider'
E:/class/智慧水务/Synapse_remake/src/renderer/features/reader/OutlinePanel.tsx:22  './PdfDocProvider' -> './state/PdfDocProvider'
E:/class/智慧水务/Synapse_remake/src/renderer/features/reader/open-paper-anchor.ts:26  './reader.store' -> './state/reader.store'
E:/class/智慧水务/Synapse_remake/src/renderer/features/reader/useReaderSearch.tsx:32  './useActiveTab' -> './state/useActiveTab'
E:/class/智慧水务/Synapse_remake/src/renderer/features/reader/useReaderSearch.tsx:33  './reader.store' -> './state/reader.store'
E:/class/智慧水务/Synapse_remake/src/renderer/features/reader/SearchHighlightLayer.tsx:40  './page-layer-z' -> './state/page-layer-z'
E:/class/智慧水务/Synapse_remake/src/renderer/features/reader/scroll-progress.ts:49  './scroll-converge' -> './state/scroll-converge'
E:/class/智慧水务/Synapse_remake/src/renderer/features/reader/scroll-progress.ts:51  './reader.store' -> './state/reader.store'
E:/class/智慧水务/Synapse_remake/src/renderer/features/reader/scroll-progress.ts:52  './reader.store' -> './state/reader.store'
E:/class/智慧水务/Synapse_remake/src/renderer/features/reader/PageBox.tsx:25  './PdfDocProvider' -> './state/PdfDocProvider'
E:/class/智慧水务/Synapse_remake/src/renderer/features/reader/PagesOverlay.tsx:51  './PdfDocProvider' -> './state/PdfDocProvider'
E:/class/智慧水务/Synapse_remake/src/renderer/features/reader/AiAnnotationLayer.tsx:74  './page-layer-z' -> './state/page-layer-z'
E:/class/智慧水务/Synapse_remake/src/renderer/features/reader/AiAnnotationLayer.tsx:76  './ai-notes.store' -> './state/ai-notes.store'
E:/class/智慧水务/Synapse_remake/src/renderer/features/reader/AiAnnotationLayer.tsx:77  './reader.store' -> './state/reader.store'
E:/class/智慧水务/Synapse_remake/src/renderer/features/reader/reading-time-setup.ts:15  './reader.store' -> './state/reader.store'
E:/class/智慧水务/Synapse_remake/src/renderer/features/reader/reading-time-setup.ts:16  './reader.store' -> './state/reader.store'
E:/class/智慧水务/Synapse_remake/src/renderer/features/reader/AnnotationLayer.tsx:47  './page-layer-z' -> './state/page-layer-z'
E:/class/智慧水务/Synapse_remake/src/renderer/features/reader/AnnotationLayer.tsx:48  './reader.store' -> './state/reader.store'
E:/class/智慧水务/Synapse_remake/src/renderer/features/reader/reader-shortcut-handlers.ts:18  './reader.store' -> './state/reader.store'
E:/class/智慧水务/Synapse_remake/src/renderer/features/reader/reader-shortcut-handlers.ts:19  './useActiveTab' -> './state/useActiveTab'
E:/class/智慧水务/Synapse_remake/src/renderer/features/reader/ReaderPage.tsx:52  './reader.store' -> './state/reader.store'
E:/class/智慧水务/Synapse_remake/src/renderer/features/reader/ReaderPage.tsx:53  './useActiveTab' -> './state/useActiveTab'
E:/class/智慧水务/Synapse_remake/src/renderer/features/reader/PageColumn.tsx:30  './PdfDocProvider' -> './state/PdfDocProvider'
E:/class/智慧水务/Synapse_remake/src/renderer/features/reader/ReaderPageView.tsx:38  './PdfDocProvider' -> './state/PdfDocProvider'
E:/class/智慧水务/Synapse_remake/src/renderer/features/reader/ReaderPageView.tsx:42  './reader.store' -> './state/reader.store'
E:/class/智慧水务/Synapse_remake/src/renderer/features/reader/PageColumnView.tsx:24  './PdfDocProvider' -> './state/PdfDocProvider'
E:/class/智慧水务/Synapse_remake/src/renderer/features/reader/usePageColumnScroll.ts:26  './scroll-converge' -> './state/scroll-converge'
E:/class/智慧水务/Synapse_remake/src/renderer/features/reader/AiNotesSection.tsx:53  './ai-notes-phase' -> './state/ai-notes-phase'
E:/class/智慧水务/Synapse_remake/src/renderer/features/reader/AiNotesSection.tsx:54  './ai-notes.store' -> './state/ai-notes.store'
E:/class/智慧水务/Synapse_remake/src/renderer/features/reader/AiNotesSection.tsx:55  './useActiveTab' -> './state/useActiveTab'
E:/class/智慧水务/Synapse_remake/src/renderer/features/reader/AnnotationPopups.tsx:34  './annotation-undo' -> './state/annotation-undo'
E:/class/智慧水务/Synapse_remake/src/renderer/features/reader/AnnotationPopups.tsx:37  './reader.store' -> './state/reader.store'
E:/class/智慧水务/Synapse_remake/src/renderer/features/reader/AiNotesStatus.tsx:33  './ai-notes.store' -> './state/ai-notes.store'
E:/class/智慧水务/Synapse_remake/src/renderer/features/reader/AiNotesStatus.tsx:34  './ai-notes-phase' -> './state/ai-notes-phase'
E:/class/智慧水务/Synapse_remake/src/renderer/features/reader/SelectionLayer.tsx:66  './annotation-undo' -> './state/annotation-undo'
E:/class/智慧水务/Synapse_remake/src/renderer/features/reader/SelectionLayer.tsx:72  './reader.store' -> './state/reader.store'
E:/class/智慧水务/Synapse_remake/src/renderer/features/reader/TabBar.tsx:41  './reader.store' -> './state/reader.store'
E:/class/智慧水务/Synapse_remake/src/renderer/features/reader/TabBar.tsx:42  './tab-dirty' -> './state/tab-dirty'
E:/class/智慧水务/Synapse_remake/src/renderer/features/reader/TabBar.tsx:43  './reader.store' -> './state/reader.store'
E:/class/智慧水务/Synapse_remake/src/renderer/features/reader/TextLayer.tsx:36  './page-layer-z' -> './state/page-layer-z'
E:/class/智慧水务/Synapse_remake/src/renderer/features/reader/OutlineAside.tsx:49  './reader.store' -> './state/reader.store'
E:/class/智慧水务/Synapse_remake/src/renderer/features/reader/OutlineAside.tsx:50  './useActiveTab' -> './state/useActiveTab'
E:/class/智慧水务/Synapse_remake/src/renderer/features/reader/ReaderNotesPanel.tsx:55  './useActiveTab' -> './state/useActiveTab'
E:/class/智慧水务/Synapse_remake/src/renderer/features/reader/anchor-locate.ts:88  './reader.store' -> './state/reader.store'
E:/class/智慧水务/Synapse_remake/src/renderer/features/reader/anchor-locate.ts:89  './scroll-converge' -> './state/scroll-converge'
E:/class/智慧水务/Synapse_remake/src/renderer/features/reader/PdfPageCanvas.tsx:32  './page-layer-z' -> './state/page-layer-z'
E:/class/智慧水务/Synapse_remake/src/renderer/features/reader/selection-evaluate.ts:79  './reader.store' -> './state/reader.store'
E:/class/智慧水务/Synapse_remake/src/renderer/features/reader/selection-paint.tsx:37  './page-layer-z' -> './state/page-layer-z'
src/renderer/app/App.tsx:12  '../features/reader/tab-dirty' -> '../features/reader/state/tab-dirty'
src/renderer/features/settings/useExportCorpusEvents.ts:32  '../reader/CorpusExtractor' -> '../reader/state/CorpusExtractor'
=== SRC FIX DONE: 50 lines (machine-measured) ===
