M1_MUTATED: AnnotationLayer.tsx:42 -> './annotation-resolve'
=== M1 typecheck (expect RED TS2307) ===
npm warn Unknown project config "better_sqlite3_binary_host_mirror". This will stop working in the next major version of npm. See `npm help npmrc` for supported config options.
npm warn Unknown project config "electron_mirror". This will stop working in the next major version of npm. See `npm help npmrc` for supported config options.

> synapse@0.1.0 typecheck
> tsc --noEmit -p tsconfig.node.json && tsc --noEmit -p tsconfig.web.json

src/renderer/features/reader/AnnotationLayer.tsx(42,104): error TS2307: Cannot find module './annotation-resolve' or its corresponding type declarations.
M1_RED_EXIT=2
M1_DIFF_EMPTY=YES
=== M1 restore typecheck (expect GREEN) ===
npm warn Unknown project config "better_sqlite3_binary_host_mirror". This will stop working in the next major version of npm. See `npm help npmrc` for supported config options.
npm warn Unknown project config "electron_mirror". This will stop working in the next major version of npm. See `npm help npmrc` for supported config options.

> synapse@0.1.0 typecheck
> tsc --noEmit -p tsconfig.node.json && tsc --noEmit -p tsconfig.web.json

M1_GREEN_EXIT=0
M1_RESTORE_EXIT=0
M1_RESTORE_EXIT=0
M2_MUTATED: anchor-locate.test.ts:15 -> reader/anchor-locate
=== M2 vitest targeted (expect RED, EXIT=1) ===

[1m[7m[36m RUN [39m[27m[22m [36mv2.1.9 [39m[90mE:/class/智慧水务/Synapse_remake[39m

 [31m❯[39m tests/unit/renderer/anchor-locate.test.ts [2m([22m[2m0 test[22m[2m)[22m

[31m⎯⎯⎯⎯⎯⎯[1m[7m Failed Suites 1 [27m[22m⎯⎯⎯⎯⎯⎯⎯[39m

[31m[1m[7m FAIL [27m[22m[39m tests/unit/renderer/anchor-locate.test.ts[2m [ tests/unit/renderer/anchor-locate.test.ts ][22m
[31m[1mError[22m: Failed to resolve import "../../../src/renderer/features/reader/anchor-locate" from "tests/unit/renderer/anchor-locate.test.ts". Does the file exist?[39m
  Plugin: [35mvite:import-analysis[39m
  File: [36mE:/class/智慧水务/Synapse_remake/tests/unit/renderer/anchor-locate.test.ts[39m:8:38
[33m  6  |  const __vi_import_1__ = await import('../../utils/api-client-mock')
  7  |  const __vi_import_2__ = await import('../../utils/factories')
  8  |  const __vi_import_3__ = await import('../../../src/renderer/features/reader/anchor-locate')
     |                                       ^
  9  |  const __vi_import_4__ = await import('../../../src/renderer/features/reader/state/reader.store')
  10 |  const __vi_import_5__ = await import('../../../src/renderer/shared/open-paper-bus')[39m
[90m [2m❯[22m TransformPluginContext._formatError ../../%E6%99%BA%E6%85%A7%E6%B0%B4%E5%8A%A1/Synapse_remake/node_modules/vite/dist/node/chunks/dep-BK3b2jBa.js:[2m49258:41[22m[39m
[90m [2m❯[22m TransformPluginContext.error ../../%E6%99%BA%E6%85%A7%E6%B0%B4%E5%8A%A1/Synapse_remake/node_modules/vite/dist/node/chunks/dep-BK3b2jBa.js:[2m49253:16[22m[39m
[90m [2m❯[22m normalizeUrl ../../%E6%99%BA%E6%85%A7%E6%B0%B4%E5%8A%A1/Synapse_remake/node_modules/vite/dist/node/chunks/dep-BK3b2jBa.js:[2m64307:23[22m[39m
[90m [2m❯[22m ../../%E6%99%BA%E6%85%A7%E6%B0%B4%E5%8A%A1/Synapse_remake/node_modules/vite/dist/node/chunks/dep-BK3b2jBa.js:[2m64439:39[22m[39m
[90m [2m❯[22m TransformPluginContext.transform ../../%E6%99%BA%E6%85%A7%E6%B0%B4%E5%8A%A1/Synapse_remake/node_modules/vite/dist/node/chunks/dep-BK3b2jBa.js:[2m64366:7[22m[39m
[90m [2m❯[22m PluginContainer.transform ../../%E6%99%BA%E6%85%A7%E6%B0%B4%E5%8A%A1/Synapse_remake/node_modules/vite/dist/node/chunks/dep-BK3b2jBa.js:[2m49099:18[22m[39m
[90m [2m❯[22m loadAndTransform ../../%E6%99%BA%E6%85%A7%E6%B0%B4%E5%8A%A1/Synapse_remake/node_modules/vite/dist/node/chunks/dep-BK3b2jBa.js:[2m51978:27[22m[39m

[31m[2m⎯⎯⎯⎯⎯⎯⎯⎯⎯⎯⎯⎯⎯⎯⎯⎯⎯⎯⎯⎯⎯⎯⎯⎯[1/1]⎯[22m[39m

[2m Test Files [22m [1m[31m1 failed[39m[22m[90m (1)[39m
[2m      Tests [22m [2mno tests[22m
[2m   Start at [22m 23:19:22
[2m   Duration [22m 1.18s[2m (transform 9ms, setup 0ms, collect 0ms, tests 0ms, environment 641ms, prepare 179ms)[22m

M2_RED_EXIT=1
M2_RESTORE_EXIT=0
=== M2 vitest rerun (expect GREEN) ===

[1m[7m[36m RUN [39m[27m[22m [36mv2.1.9 [39m[90mE:/class/智慧水务/Synapse_remake[39m

 [32m✓[39m tests/unit/renderer/anchor-locate.test.ts [2m([22m[2m13 tests[22m[2m)[22m[90m 34[2mms[22m[39m

[2m Test Files [22m [1m[32m1 passed[39m[22m[90m (1)[39m
[2m      Tests [22m [1m[32m13 passed[39m[22m[90m (13)[39m
[2m   Start at [22m 23:19:40
[2m   Duration [22m 1.45s[2m (transform 152ms, setup 0ms, collect 344ms, tests 34ms, environment 592ms, prepare 153ms)[22m

M2_GREEN_EXIT=0
