
=== SELF (moved files internal) (60 hits) ===
src/renderer/features/reader/FragmentNotesList.tsx:12	[annotation-style]	import { COLOR_SWATCH } from './annotation-style'
src/renderer/features/reader/open-paper-anchor.ts:25	[anchor-locate]	import { locateAnchor } from './anchor-locate'
src/renderer/features/reader/AiNoteGroupList.tsx:37	[ai-note-style]	import { QUESTION_COLOR, QUESTION_LABEL, QUESTION_TEXT, ROLE_LABEL, ROLE_ORDER } from './ai-note-style'
src/renderer/features/reader/PagesOverlay.tsx:54	[page-items.store]	import { usePageItemsStore } from './page-items.store'
src/renderer/features/reader/AiAnnotationLayer.tsx:70	[annotation-resolve]	import { matchBand, type RowBand } from './annotation-resolve'
src/renderer/features/reader/AiAnnotationLayer.tsx:71	[annotation-resolve-layered]	import { resolveAiNotesLayered } from './annotation-resolve-layered'
src/renderer/features/reader/AiAnnotationLayer.tsx:72	[page-items.store]	import { usePageItemsStore } from './page-items.store'
src/renderer/features/reader/AiAnnotationLayer.tsx:73	[annotation-style]	import { bandVertical } from './annotation-style'
src/renderer/features/reader/AiAnnotationLayer.tsx:75	[ai-note-style]	import { QUESTION_COLOR } from './ai-note-style'
src/renderer/features/reader/SelectionToolbar.tsx:17	[annotation-style]	import { COLOR_LABEL, COLOR_SWATCH } from './annotation-style'
src/renderer/features/reader/AnnotationLayer.tsx:42	[annotation-resolve]	import { normalizedLineHeight, matchBand, bandsNearRects, type ResolvedAnnotation, type RowBand } from './annotation-resolve'
src/renderer/features/reader/AnnotationLayer.tsx:43	[annotation-resolve-layered]	import { resolveAnnotationRectsLayered } from './annotation-resolve-layered'
src/renderer/features/reader/AnnotationLayer.tsx:44	[page-items.store]	import { usePageItemsStore } from './page-items.store'
src/renderer/features/reader/AnnotationLayer.tsx:45	[annotation-merge]	import { mergeRects } from './annotation-merge'
src/renderer/features/reader/AnnotationLayer.tsx:46	[annotation-style]	import { rectStyle } from './annotation-style'
src/renderer/features/reader/AiNotesSection.tsx:50	[anchor-locate]	import { locateAnchor } from './anchor-locate'
src/renderer/features/reader/ReaderToolbar.tsx:42	[annotation-style]	import { COLOR_LABEL, COLOR_SWATCH } from './annotation-style'
src/renderer/features/reader/annotation-resolve-layered.ts:43	[anchor-serialize]	import { verifyQuote, verifyQuoteItem } from './anchor-serialize'
src/renderer/features/reader/annotation-resolve-layered.ts:44	[annotation-anchor]	import { findRangeAtOffset, fullTextOf, pixelBoxOf } from './annotation-anchor'
src/renderer/features/reader/annotation-resolve-layered.ts:52	[annotation-resolve]	} from './annotation-resolve'
src/renderer/features/reader/annotation-resolve-layered.ts:53	[annotation-band-calibrate]	import { calibrateBands, spanBoxesOf } from './annotation-band-calibrate'
src/renderer/features/reader/annotation-resolve-layered.ts:59	[pdf-item-geometry]	} from './pdf-item-geometry'
src/renderer/features/reader/annotation-resolve-layered.ts:60	[page-items.store]	import type { PageItemEntry } from './page-items.store'
src/renderer/features/reader/annotation-band-calibrate.ts:43	[annotation-anchor]	import { pixelBoxOf, type PixelBox } from './annotation-anchor'
src/renderer/features/reader/annotation-band-calibrate.ts:44	[annotation-resolve]	import type { RowBand } from './annotation-resolve'
src/renderer/features/reader/AnnotationEditor.tsx:15	[annotation-style]	import { ANNOTATION_BTN_CLASS as btn } from './annotation-style'
src/renderer/features/reader/AnnotationMenu.tsx:41	[annotation-style]	import { ANNOTATION_BTN_CLASS as btn } from './annotation-style'
src/renderer/features/reader/anchor-blank-snap.ts:55	[annotation-anchor]	import { collectSpans, type NodeSpan } from './annotation-anchor'
src/renderer/features/reader/release-affinity.ts:80	[annotation-anchor]	import { collectSpans, type NodeSpan } from './annotation-anchor'
src/renderer/features/reader/release-affinity.ts:81	[anchor-blank-snap]	import { boxOf, columnGroups, rowEndOf, visualRows, type Box, type DomBoundary } from './anchor-blank-snap'
src/renderer/features/reader/OutlineAside.tsx:46	[anchor-locate]	import { locateAnchor } from './anchor-locate'
src/renderer/features/reader/anchor-locate.ts:87	[anchor-serialize]	import { verifyQuote } from './anchor-serialize'
src/renderer/features/reader/PdfPageCanvas.tsx:33	[pdf-item-geometry]	import { clampScale } from './pdf-item-geometry'
src/renderer/features/reader/PdfPageCanvas.tsx:34	[geometry-types]	import type { PdfPageGeometry, PdfTextContent, PdfTextItem } from './geometry-types'
src/renderer/features/reader/PdfPageCanvas.tsx:39	[geometry-types]	export type { PdfTextItem, PdfTextStyle, PdfTextContent, PdfPageGeometry } from './geometry-types'
src/renderer/features/reader/pdf-item-geometry.ts:69	[annotation-merge]	import { mergeRects, W_MIN } from './annotation-merge'
src/renderer/features/reader/pdf-item-geometry.ts:70	[geometry-types]	import type { PdfTextItem, PdfTextStyle, PixelBox, RowBand } from './geometry-types'
src/renderer/features/reader/pdf-item-geometry.ts:71	[geometry-types]	import { COLUMN_GAP_H_FACTOR, COLUMN_GAP_PAGE_RATIO } from './geometry-types'
src/renderer/features/reader/reader-search.store.ts:41	[geometry-types]	import type { PdfTextItem } from './geometry-types'
src/renderer/features/reader/page-items.store.ts:38	[geometry-types]	import type { PdfPageGeometry, PdfTextContent } from './geometry-types'
src/renderer/features/reader/annotation-anchor.ts:51	[annotation-merge]	import { mergeRects } from './annotation-merge'
src/renderer/features/reader/annotation-anchor.ts:52	[geometry-types]	import { COLUMN_GAP_H_FACTOR, COLUMN_GAP_PAGE_RATIO } from './geometry-types'
src/renderer/features/reader/annotation-anchor.ts:53	[geometry-types]	import type { PixelBox } from './geometry-types'
src/renderer/features/reader/selection-evaluate.ts:72	[anchor-serialize]	import { probeTextLength, selectionToAnchor, type SelectionAnchor } from './anchor-serialize'
src/renderer/features/reader/selection-evaluate.ts:73	[annotation-anchor]	import { findRangeAtOffset, fullTextOf, pixelBoxOf } from './annotation-anchor'
src/renderer/features/reader/selection-evaluate.ts:74	[annotation-resolve]	import { bandsForTextNodes, type RowBand } from './annotation-resolve'
src/renderer/features/reader/selection-evaluate.ts:75	[annotation-band-calibrate]	import { calibrateBandsWithSpans } from './annotation-band-calibrate'
src/renderer/features/reader/selection-evaluate.ts:76	[pdf-item-geometry]	import { clampScale, itemSelectionGeometry, reconcileItemsWithDom } from './pdf-item-geometry'
src/renderer/features/reader/selection-evaluate.ts:77	[pdf-item-geometry]	import type { ItemSelectionGeometry } from './pdf-item-geometry'
src/renderer/features/reader/selection-evaluate.ts:78	[page-items.store]	import { usePageItemsStore } from './page-items.store'
src/renderer/features/reader/anchor-serialize.ts:62	[anchor-blank-snap]	import { snapBlankBoundary } from './anchor-blank-snap'
src/renderer/features/reader/anchor-serialize.ts:69	[annotation-anchor]	} from './annotation-anchor'
src/renderer/features/reader/selection-paint.tsx:35	[annotation-resolve]	import { matchBand, type RowBand } from './annotation-resolve'
src/renderer/features/reader/selection-paint.tsx:36	[annotation-style]	import { bandVertical, clampedHorizontal } from './annotation-style'
src/renderer/features/reader/annotation-resolve.ts:52	[anchor-serialize]	import { verifyQuote, verifyQuoteItem } from './anchor-serialize'
src/renderer/features/reader/annotation-resolve.ts:53	[annotation-anchor]	import { findRangeAtOffset, pixelBoxOf, type PixelBox } from './annotation-anchor'
src/renderer/features/reader/annotation-resolve.ts:54	[pdf-item-geometry]	import { itemSelectionGeometry, type ItemViewport } from './pdf-item-geometry'
src/renderer/features/reader/annotation-resolve.ts:55	[geometry-types]	import type { RowBand } from './geometry-types'
src/renderer/features/reader/annotation-resolve.ts:56	[page-items.store]	import type { PageItemEntry } from './page-items.store'
src/renderer/features/reader/ReaderPage.tsx:49	[open-paper-anchor]	import { openFromBus } from './open-paper-anchor'

=== READER subdir consumers (0 hits) ===

=== SRC outside reader (1 hits) ===
src/renderer/features/lineage/LineageSideAiNotes.tsx:22	[ai-note-style]	import { QUESTION_COLOR, QUESTION_LABEL, QUESTION_TEXT, ROLE_LABEL, ROLE_ORDER } from '../reader/ai-note-style'

=== TESTS (32 hits) ===
tests/unit/renderer/ai-note-style.test.ts:14	[ai-note-style]	} from '../../../src/renderer/features/reader/ai-note-style'
tests/unit/renderer/annotation-merge.test.ts:15	[annotation-merge]	import { mergeRects, W_MIN } from '../../../src/renderer/features/reader/annotation-merge'
tests/unit/renderer/anchor-item-verify.test.tsx:28	[anchor-serialize]	import { verifyQuote, verifyQuoteItem } from '../../../src/renderer/features/reader/anchor-serialize'
tests/unit/renderer/anchor-item-verify.test.tsx:29	[annotation-resolve]	import { resolveAnnotationRectsItem } from '../../../src/renderer/features/reader/annotation-resolve'
tests/unit/renderer/anchor-item-verify.test.tsx:30	[annotation-anchor]	import type { PixelBox } from '../../../src/renderer/features/reader/annotation-anchor'
tests/unit/renderer/anchor-item-verify.test.tsx:31	[pdf-item-geometry]	import { buildItemOffsets, itemSelectionGeometry, type ItemViewport } from '../../../src/renderer/features/reader/pdf-item-geometry'
tests/unit/renderer/anchor-item-verify.test.tsx:32	[page-items.store]	import type { PageItemEntry } from '../../../src/renderer/features/reader/page-items.store'
tests/unit/renderer/pdf-item-geometry.test.tsx:30	[pdf-item-geometry]	} from '../../../src/renderer/features/reader/pdf-item-geometry'
tests/unit/renderer/anchor-blank-snap.test.ts:4	[anchor-serialize]	import { selectionToAnchor } from '../../../src/renderer/features/reader/anchor-serialize'
tests/unit/renderer/anchor-blank-snap.test.ts:5	[anchor-serialize]	import type { SelectionAnchor } from '../../../src/renderer/features/reader/anchor-serialize'
tests/unit/renderer/release-affinity.test.ts:5	[anchor-serialize]	import { selectionToAnchor } from '../../../src/renderer/features/reader/anchor-serialize'
tests/unit/renderer/release-affinity.test.ts:6	[anchor-serialize]	import type { SelectionAnchor } from '../../../src/renderer/features/reader/anchor-serialize'
tests/unit/renderer/ai-notes-section.test.tsx:21	[anchor-locate]	import type * as anchorLocateModule from '../../../src/renderer/features/reader/anchor-locate'
tests/unit/renderer/ai-notes-section.test.tsx:51	[ai-note-style]	import { QUESTION_COLOR } from '../../../src/renderer/features/reader/ai-note-style'
tests/unit/renderer/anchor-locate.test.ts:15	[anchor-locate]	import { locateAnchor, LOCATE_OPEN_TIMEOUT_MS } from '../../../src/renderer/features/reader/anchor-locate'
tests/unit/renderer/band-calibration.test.tsx:31	[annotation-band-calibrate]	import { calibrateBandsWithSpans } from '../../../src/renderer/features/reader/annotation-band-calibrate'
tests/unit/renderer/band-calibration.test.tsx:32	[annotation-resolve]	import { matchBand, type RowBand } from '../../../src/renderer/features/reader/annotation-resolve'
tests/unit/renderer/band-calibration.test.tsx:33	[page-items.store]	import { usePageItemsStore, type PageItemEntry } from '../../../src/renderer/features/reader/page-items.store'
tests/unit/renderer/lineage-side-panel.test.tsx:61	[open-paper-anchor]	import { openFromBus } from '../../../src/renderer/features/reader/open-paper-anchor'
tests/unit/renderer/lineage-side-panel.test.tsx:63	[ai-note-style]	import { QUESTION_COLOR } from '../../../src/renderer/features/reader/ai-note-style'
tests/unit/renderer/selection-evaluate.test.tsx:32	[page-items.store]	import { usePageItemsStore } from '../../../src/renderer/features/reader/page-items.store'
tests/unit/renderer/annotation-layer.test.tsx:20	[page-items.store]	import { usePageItemsStore, type PageItemEntry } from '../../../src/renderer/features/reader/page-items.store'
tests/unit/renderer/ai-annotation-layer.test.tsx:20	[anchor-locate]	import { locateAnchor } from '../../../src/renderer/features/reader/anchor-locate'
tests/unit/renderer/ai-annotation-layer.test.tsx:22	[ai-note-style]	import { QUESTION_COLOR } from '../../../src/renderer/features/reader/ai-note-style'
tests/unit/renderer/ai-annotation-layer.test.tsx:24	[page-items.store]	import { usePageItemsStore, type PageItemEntry } from '../../../src/renderer/features/reader/page-items.store'
tests/unit/renderer/selection-item-chain.test.tsx:22	[page-items.store]	import { usePageItemsStore } from '../../../src/renderer/features/reader/page-items.store'
tests/unit/renderer/annotation-anchor.test.ts:7	[annotation-anchor]	} from '../../../src/renderer/features/reader/annotation-anchor'
tests/unit/renderer/annotation-anchor.test.ts:11	[anchor-serialize]	} from '../../../src/renderer/features/reader/anchor-serialize'
tests/unit/renderer/selection-paint.test.tsx:33	[annotation-style]	import { rectStyle } from '../../../src/renderer/features/reader/annotation-style'
tests/unit/renderer/selection-paint.test.tsx:34	[annotation-resolve]	import { bandFromMetrics } from '../../../src/renderer/features/reader/annotation-resolve'
tests/unit/renderer/selection-paint.test.tsx:36	[page-items.store]	import { usePageItemsStore } from '../../../src/renderer/features/reader/page-items.store'
tests/unit/renderer/selection-layer.test.tsx:27	[page-items.store]	import { usePageItemsStore } from '../../../src/renderer/features/reader/page-items.store'

TOTAL=93 self=60 reader=0 srcOutside=1 tests=32
