[1] interact -> 域外出边全表（specifier 含 ../）
  interact\SelectionLayer.tsx : ../../../api/client
  interact\SelectionLayer.tsx : ../../../shared/ui/Toast
  interact\SelectionLayer.tsx : ../state/annotation-undo
  interact\SelectionLayer.tsx : ../state/reader.store
  interact\SelectionToolbar.tsx : ../anchors/annotation-style
  interact\selection-evaluate.ts : ../../../shared/ui/Toast
  interact\selection-evaluate.ts : ../anchors/anchor-serialize
  interact\selection-evaluate.ts : ../anchors/annotation-anchor
  interact\selection-evaluate.ts : ../anchors/annotation-resolve
  interact\selection-evaluate.ts : ../anchors/annotation-band-calibrate
  interact\selection-evaluate.ts : ../anchors/pdf-item-geometry
  interact\selection-evaluate.ts : ../anchors/pdf-item-geometry
  interact\selection-evaluate.ts : ../anchors/page-items.store
  interact\selection-evaluate.ts : ../state/reader.store
  interact\selection-paint.tsx : ../anchors/annotation-resolve
  interact\selection-paint.tsx : ../anchors/annotation-style
  interact\selection-paint.tsx : ../state/page-layer-z
  interact\release-affinity.ts : ../anchors/annotation-anchor
  interact\release-affinity.ts : ../anchors/anchor-blank-snap
  出边合计: 19
[2] state|anchors|time|panels -> interact 反向边（须 0）
  反向边合计: 0（须 0）
[3] 7 名旧径 import 残留（解析后目标缺失——须 0）
  残留合计: 0（须 0）
G7_ONEWAY_CHECK=PASS
G7_ONEWAY_EXIT=0
