
=== mkItem ===
selection 系 4 份唯一体数: 1
四份逐字相同:
function mkItem(str: string, x: number, y: number): PdfTextItem {
  return { str, dir: 'ltr', width: 100, height: 10, transform: [10, 0, 0, 10, x, y], fontName: 'g1', hasEOL: false }
}
[anchors 域 mkItem 定义 2 份/唯一 1/与 selection 版逐字同 0]

=== mkText ===
selection 系 4 份唯一体数: 1
四份逐字相同:
function mkText(items: PdfTextItem[]): PdfTextContent {
  return { items, styles: { g1: { fontFamily: 'serif', ascent: 0.8, descent: -0.2, vertical: false } }, lang: null }
}

=== seedRegistry ===
selection 系 4 份唯一体数: 2
--- tests/unit/renderer/selection-evaluate.test.tsx (5 行)
function seedRegistry(no: number, text: PdfTextContent): void {
  act(() => {
    usePageItemsStore.getState().setEntry({ page: no, text, geometry: { rotate: 0, view: [0, 0, 612, 792] }, box: { w: 612, h: 792 } })
  })
}
--- tests/unit/renderer/selection-item-chain.test.tsx (5 行)
function seedRegistry(no: number, text: PdfTextContent, rotate = 0, view: [number, number, number, number] = [0, 0, 612, 792]): void {
  act(() => {
    usePageItemsStore.getState().setEntry({ page: no, text, geometry: { rotate, view }, box: { w: 612, h: 792 } })
  })
}
--- tests/unit/renderer/selection-paint.test.tsx (5 行)
function seedRegistry(no: number, text: PdfTextContent, rotate = 0, view: [number, number, number, number] = [0, 0, 612, 792]): void {
  act(() => {
    usePageItemsStore.getState().setEntry({ page: no, text, geometry: { rotate, view }, box: { w: 612, h: 792 } })
  })
}
--- tests/unit/renderer/selection-layer.test.tsx (5 行)
function seedRegistry(no: number, text: PdfTextContent, rotate = 0, view: [number, number, number, number] = [0, 0, 612, 792]): void {
  act(() => {
    usePageItemsStore.getState().setEntry({ page: no, text, geometry: { rotate, view }, box: { w: 612, h: 792 } })
  })
}

RECON2_DONE
RECON2_EXIT=0
