npm warn Unknown project config "better_sqlite3_binary_host_mirror". This will stop working in the next major version of npm. See `npm help npmrc` for supported config options.
npm warn Unknown project config "electron_mirror". This will stop working in the next major version of npm. See `npm help npmrc` for supported config options.

[1m[7m[36m RUN [39m[27m[22m [36mv2.1.9 [39m[90mE:/class/智慧水务/Synapse_remake[39m

 [32m✓[39m tests/unit/renderer/selection-geometry.test.ts [2m([22m[2m4 tests[22m[2m)[22m[90m 4[2mms[22m[39m
 [32m✓[39m tests/unit/renderer/release-affinity.test.ts [2m([22m[2m14 tests[22m[2m)[22m[90m 35[2mms[22m[39m
 [32m✓[39m tests/unit/renderer/selection-layer-fa12.test.tsx [2m([22m[2m3 tests[22m[2m)[22m[90m 22[2mms[22m[39m
 [32m✓[39m tests/unit/renderer/selection-evaluate.test.tsx [2m([22m[2m4 tests[22m[2m)[22m[90m 50[2mms[22m[39m
[90mstderr[2m | tests/unit/renderer/selection-paint.test.tsx[2m > [22m[2mF-A4 a 面 —— 自绘并集层（单层单绘不叠深）[2m > [22m[2mS1 拖选防抖路径渲染自绘层：跨 3 行重叠输入（行间 4px 垂直重叠）→块数=行数+两两垂直分离+色 token 载体（--reader-selection-paint）
[22m[39m[SelectionLayer] 项几何链回退：页项数据缺失（page-items 注册表无该页条目）
Error: Not implemented: HTMLCanvasElement.prototype.getContext (without installing the canvas npm package)
    at module.exports (E:\class\智慧水务\Synapse_remake\node_modules\jsdom\lib\jsdom\browser\not-implemented.js:9:17)
    at HTMLCanvasElementImpl.getContext (E:\class\智慧水务\Synapse_remake\node_modules\jsdom\lib\jsdom\living\nodes\HTMLCanvasElement-impl.js:42:5)
    at HTMLCanvasElement.getContext (E:\class\智慧水务\Synapse_remake\node_modules\jsdom\lib\jsdom\living\generated\HTMLCanvasElement.js:131:58)
    at measureContext (E:\class\智慧水务\Synapse_remake\src\renderer\features\reader\anchors\annotation-resolve.ts:136:50)
    at Module.bandsForTextNodes (E:\class\智慧水务\Synapse_remake\src\renderer\features\reader\anchors\annotation-resolve.ts:210:15)
    at evaluateCore (E:\class\智慧水务\Synapse_remake\src\renderer\features\reader\interact\selection-evaluate.ts:296:82)
    at Object.visual (E:\class\智慧水务\Synapse_remake\src\renderer\features\reader\interact\selection-evaluate.ts:223:7)
    at Object.onVisual (E:\class\智慧水务\Synapse_remake\src\renderer\features\reader\interact\SelectionLayer.tsx:115:32)
    at E:\class\智慧水务\Synapse_remake\src\renderer\features\reader\interact\selection-geometry.ts:125:15
    at invokeTheCallbackFunction (E:\class\智慧水务\Synapse_remake\node_modules\jsdom\lib\jsdom\living\generated\Function.js:19:26) [90mundefined[39m
[SelectionLayer] 项几何链回退：页项数据缺失（page-items 注册表无该页条目）
Error: Not implemented: HTMLCanvasElement.prototype.getContext (without installing the canvas npm package)
    at module.exports (E:\class\智慧水务\Synapse_remake\node_modules\jsdom\lib\jsdom\browser\not-implemented.js:9:17)
    at HTMLCanvasElementImpl.getContext (E:\class\智慧水务\Synapse_remake\node_modules\jsdom\lib\jsdom\living\nodes\HTMLCanvasElement-impl.js:42:5)
    at HTMLCanvasElement.getContext (E:\class\智慧水务\Synapse_remake\node_modules\jsdom\lib\jsdom\living\generated\HTMLCanvasElement.js:131:58)
    at measureContext (E:\class\智慧水务\Synapse_remake\src\renderer\features\reader\anchors\annotation-resolve.ts:136:50)
    at Module.bandsForTextNodes (E:\class\智慧水务\Synapse_remake\src\renderer\features\reader\anchors\annotation-resolve.ts:210:15)
    at evaluateCore (E:\class\智慧水务\Synapse_remake\src\renderer\features\reader\interact\selection-evaluate.ts:296:82)
    at Object.full (E:\class\智慧水务\Synapse_remake\src\renderer\features\reader\interact\selection-evaluate.ts:238:5)
    at Object.onSettled (E:\class\智慧水务\Synapse_remake\src\renderer\features\reader\interact\SelectionLayer.tsx:116:33)
    at E:\class\智慧水务\Synapse_remake\src\renderer\features\reader\interact\selection-geometry.ts:130:46
    at callTimer (file:///E:/class/%E6%99%BA%E6%85%A7%E6%B0%B4%E5%8A%A1/Synapse_remake/node_modules/vitest/dist/chunks/vi.DgezovHB.js:2300:25) [90mundefined[39m

[90mstderr[2m | tests/unit/renderer/selection-item-chain.test.tsx[2m > [22m[2mF-A6-b2 项几何链接线（SelectionLayer×page-items.store 通道）[2m > [22m[2m回退①页项缺失：注册表空 → DOM 回退仅显示不入库（保存门 F-GEOM-01-G2）——paint=span 量测盒 top≈25.25% 视觉连续+工具条 null（无保存入口）+console.warn 不静默
[22m[39mError: Not implemented: HTMLCanvasElement.prototype.getContext (without installing the canvas npm package)
    at module.exports (E:\class\智慧水务\Synapse_remake\node_modules\jsdom\lib\jsdom\browser\not-implemented.js:9:17)
    at HTMLCanvasElementImpl.getContext (E:\class\智慧水务\Synapse_remake\node_modules\jsdom\lib\jsdom\living\nodes\HTMLCanvasElement-impl.js:42:5)
    at HTMLCanvasElement.getContext (E:\class\智慧水务\Synapse_remake\node_modules\jsdom\lib\jsdom\living\generated\HTMLCanvasElement.js:131:58)
    at measureContext (E:\class\智慧水务\Synapse_remake\src\renderer\features\reader\anchors\annotation-resolve.ts:136:50)
    at Module.bandsForTextNodes (E:\class\智慧水务\Synapse_remake\src\renderer\features\reader\anchors\annotation-resolve.ts:210:15)
    at evaluateCore (E:\class\智慧水务\Synapse_remake\src\renderer\features\reader\interact\selection-evaluate.ts:296:82)
    at Object.visual (E:\class\智慧水务\Synapse_remake\src\renderer\features\reader\interact\selection-evaluate.ts:223:7)
    at Object.onVisual (E:\class\智慧水务\Synapse_remake\src\renderer\features\reader\interact\SelectionLayer.tsx:115:32)
    at E:\class\智慧水务\Synapse_remake\src\renderer\features\reader\interact\selection-geometry.ts:125:15
    at invokeTheCallbackFunction (E:\class\智慧水务\Synapse_remake\node_modules\jsdom\lib\jsdom\living\generated\Function.js:19:26) [90mundefined[39m
Error: Not implemented: HTMLCanvasElement.prototype.getContext (without installing the canvas npm package)
    at module.exports (E:\class\智慧水务\Synapse_remake\node_modules\jsdom\lib\jsdom\browser\not-implemented.js:9:17)
    at HTMLCanvasElementImpl.getContext (E:\class\智慧水务\Synapse_remake\node_modules\jsdom\lib\jsdom\living\nodes\HTMLCanvasElement-impl.js:42:5)
    at HTMLCanvasElement.getContext (E:\class\智慧水务\Synapse_remake\node_modules\jsdom\lib\jsdom\living\generated\HTMLCanvasElement.js:131:58)
    at measureContext (E:\class\智慧水务\Synapse_remake\src\renderer\features\reader\anchors\annotation-resolve.ts:136:50)
    at Module.bandsForTextNodes (E:\class\智慧水务\Synapse_remake\src\renderer\features\reader\anchors\annotation-resolve.ts:210:15)
    at evaluateCore (E:\class\智慧水务\Synapse_remake\src\renderer\features\reader\interact\selection-evaluate.ts:296:82)
    at Object.full (E:\class\智慧水务\Synapse_remake\src\renderer\features\reader\interact\selection-evaluate.ts:238:5)
    at Object.onSettled (E:\class\智慧水务\Synapse_remake\src\renderer\features\reader\interact\SelectionLayer.tsx:116:33)
    at E:\class\智慧水务\Synapse_remake\src\renderer\features\reader\interact\selection-geometry.ts:130:46
    at callTimer (file:///E:/class/%E6%99%BA%E6%85%A7%E6%B0%B4%E5%8A%A1/Synapse_remake/node_modules/vitest/dist/chunks/vi.DgezovHB.js:2300:25) [90mundefined[39m

[90mstderr[2m | tests/unit/renderer/selection-item-chain.test.tsx[2m > [22m[2mF-A6-b2 项几何链接线（SelectionLayer×page-items.store 通道）[2m > [22m[2m回退②偏移对账失败：items 拼接≠DOM 全文 → DOM 量测链兜底+warn（回退触发面收敛的第二因）
[22m[39mError: Not implemented: HTMLCanvasElement.prototype.getContext (without installing the canvas npm package)
    at module.exports (E:\class\智慧水务\Synapse_remake\node_modules\jsdom\lib\jsdom\browser\not-implemented.js:9:17)
    at HTMLCanvasElementImpl.getContext (E:\class\智慧水务\Synapse_remake\node_modules\jsdom\lib\jsdom\living\nodes\HTMLCanvasElement-impl.js:42:5)
    at HTMLCanvasElement.getContext (E:\class\智慧水务\Synapse_remake\node_modules\jsdom\lib\jsdom\living\generated\HTMLCanvasElement.js:131:58)
    at measureContext (E:\class\智慧水务\Synapse_remake\src\renderer\features\reader\anchors\annotation-resolve.ts:136:50)
    at Module.bandsForTextNodes (E:\class\智慧水务\Synapse_remake\src\renderer\features\reader\anchors\annotation-resolve.ts:210:15)
    at evaluateCore (E:\class\智慧水务\Synapse_remake\src\renderer\features\reader\interact\selection-evaluate.ts:296:82)
    at Object.visual (E:\class\智慧水务\Synapse_remake\src\renderer\features\reader\interact\selection-evaluate.ts:223:7)
    at Object.onVisual (E:\class\智慧水务\Synapse_remake\src\renderer\features\reader\interact\SelectionLayer.tsx:115:32)
    at E:\class\智慧水务\Synapse_remake\src\renderer\features\reader\interact\selection-geometry.ts:125:15
    at invokeTheCallbackFunction (E:\class\智慧水务\Synapse_remake\node_modules\jsdom\lib\jsdom\living\generated\Function.js:19:26) [90mundefined[39m
Error: Not implemented: HTMLCanvasElement.prototype.getContext (without installing the canvas npm package)
    at module.exports (E:\class\智慧水务\Synapse_remake\node_modules\jsdom\lib\jsdom\browser\not-implemented.js:9:17)
    at HTMLCanvasElementImpl.getContext (E:\class\智慧水务\Synapse_remake\node_modules\jsdom\lib\jsdom\living\nodes\HTMLCanvasElement-impl.js:42:5)
    at HTMLCanvasElement.getContext (E:\class\智慧水务\Synapse_remake\node_modules\jsdom\lib\jsdom\living\generated\HTMLCanvasElement.js:131:58)
    at measureContext (E:\class\智慧水务\Synapse_remake\src\renderer\features\reader\anchors\annotation-resolve.ts:136:50)
    at Module.bandsForTextNodes (E:\class\智慧水务\Synapse_remake\src\renderer\features\reader\anchors\annotation-resolve.ts:210:15)
    at evaluateCore (E:\class\智慧水务\Synapse_remake\src\renderer\features\reader\interact\selection-evaluate.ts:296:82)
    at Object.full (E:\class\智慧水务\Synapse_remake\src\renderer\features\reader\interact\selection-evaluate.ts:238:5)
    at Object.onSettled (E:\class\智慧水务\Synapse_remake\src\renderer\features\reader\interact\SelectionLayer.tsx:116:33)
    at E:\class\智慧水务\Synapse_remake\src\renderer\features\reader\interact\selection-geometry.ts:130:46
    at callTimer (file:///E:/class/%E6%99%BA%E6%85%A7%E6%B0%B4%E5%8A%A1/Synapse_remake/node_modules/vitest/dist/chunks/vi.DgezovHB.js:2300:25) [90mundefined[39m

 [32m✓[39m tests/unit/renderer/selection-item-chain.test.tsx [2m([22m[2m6 tests[22m[2m)[22m[90m 73[2mms[22m[39m
 [32m✓[39m tests/unit/renderer/selection-layer.test.tsx [2m([22m[2m14 tests[22m[2m)[22m[90m 78[2mms[22m[39m
[90mstderr[2m | tests/unit/renderer/selection-paint.test.tsx[2m > [22m[2mF-A4 a 面 —— 自绘并集层（单层单绘不叠深）[2m > [22m[2mS1c 帧随动（B1/W6·门一 r2→F-A6-c rAF 语义改写）：拖选中窗口内末事件变更选区→下一帧自绘块几何随动到新位置（非首帧）——节流窗丢帧/只渲染首帧的退化在此红
[22m[39m[SelectionLayer] 项几何链回退：页项数据缺失（page-items 注册表无该页条目）
Error: Not implemented: HTMLCanvasElement.prototype.getContext (without installing the canvas npm package)
    at module.exports (E:\class\智慧水务\Synapse_remake\node_modules\jsdom\lib\jsdom\browser\not-implemented.js:9:17)
    at HTMLCanvasElementImpl.getContext (E:\class\智慧水务\Synapse_remake\node_modules\jsdom\lib\jsdom\living\nodes\HTMLCanvasElement-impl.js:42:5)
    at HTMLCanvasElement.getContext (E:\class\智慧水务\Synapse_remake\node_modules\jsdom\lib\jsdom\living\generated\HTMLCanvasElement.js:131:58)
    at measureContext (E:\class\智慧水务\Synapse_remake\src\renderer\features\reader\anchors\annotation-resolve.ts:136:50)
    at Module.bandsForTextNodes (E:\class\智慧水务\Synapse_remake\src\renderer\features\reader\anchors\annotation-resolve.ts:210:15)
    at evaluateCore (E:\class\智慧水务\Synapse_remake\src\renderer\features\reader\interact\selection-evaluate.ts:296:82)
    at Object.visual (E:\class\智慧水务\Synapse_remake\src\renderer\features\reader\interact\selection-evaluate.ts:223:7)
    at Object.onVisual (E:\class\智慧水务\Synapse_remake\src\renderer\features\reader\interact\SelectionLayer.tsx:115:32)
    at E:\class\智慧水务\Synapse_remake\src\renderer\features\reader\interact\selection-geometry.ts:125:15
    at invokeTheCallbackFunction (E:\class\智慧水务\Synapse_remake\node_modules\jsdom\lib\jsdom\living\generated\Function.js:19:26) [90mundefined[39m

[90mstderr[2m | tests/unit/renderer/selection-paint.test.tsx[2m > [22m[2mF-A4 a 面 —— 自绘并集层（单层单绘不叠深）[2m > [22m[2mS1c 帧随动（B1/W6·门一 r2→F-A6-c rAF 语义改写）：拖选中窗口内末事件变更选区→下一帧自绘块几何随动到新位置（非首帧）——节流窗丢帧/只渲染首帧的退化在此红
[22m[39m[SelectionLayer] 项几何链回退：页项数据缺失（page-items 注册表无该页条目）
Error: Not implemented: HTMLCanvasElement.prototype.getContext (without installing the canvas npm package)
    at module.exports (E:\class\智慧水务\Synapse_remake\node_modules\jsdom\lib\jsdom\browser\not-implemented.js:9:17)
    at HTMLCanvasElementImpl.getContext (E:\class\智慧水务\Synapse_remake\node_modules\jsdom\lib\jsdom\living\nodes\HTMLCanvasElement-impl.js:42:5)
    at HTMLCanvasElement.getContext (E:\class\智慧水务\Synapse_remake\node_modules\jsdom\lib\jsdom\living\generated\HTMLCanvasElement.js:131:58)
    at measureContext (E:\class\智慧水务\Synapse_remake\src\renderer\features\reader\anchors\annotation-resolve.ts:136:50)
    at Module.bandsForTextNodes (E:\class\智慧水务\Synapse_remake\src\renderer\features\reader\anchors\annotation-resolve.ts:210:15)
    at evaluateCore (E:\class\智慧水务\Synapse_remake\src\renderer\features\reader\interact\selection-evaluate.ts:296:82)
    at Object.visual (E:\class\智慧水务\Synapse_remake\src\renderer\features\reader\interact\selection-evaluate.ts:223:7)
    at Object.onVisual (E:\class\智慧水务\Synapse_remake\src\renderer\features\reader\interact\SelectionLayer.tsx:115:32)
    at E:\class\智慧水务\Synapse_remake\src\renderer\features\reader\interact\selection-geometry.ts:125:15
    at invokeTheCallbackFunction (E:\class\智慧水务\Synapse_remake\node_modules\jsdom\lib\jsdom\living\generated\Function.js:19:26) [90mundefined[39m

 [32m✓[39m tests/unit/renderer/band-calibration.test.tsx [2m([22m[2m12 tests[22m[2m)[22m[90m 88[2mms[22m[39m
[90mstderr[2m | tests/unit/renderer/selection-paint.test.tsx[2m > [22m[2mF-A5 —— band 单源自绘（a 面）+水平夹取+层序常量（c 面）[2m > [22m[2ma1 自绘块垂直=行簇字形带（band 单源——非 CSS 回退行盒）：top/height=band 值
[22m[39m[SelectionLayer] 项几何链回退：页项数据缺失（page-items 注册表无该页条目）

[90mstderr[2m | tests/unit/renderer/selection-paint.test.tsx[2m > [22m[2mF-A5 —— band 单源自绘（a 面）+水平夹取+层序常量（c 面）[2m > [22m[2ma2 自绘块水平界=行簇 span 实际端点：行盒越出 span 簇→左右夹入 [x0,x1]
[22m[39m[SelectionLayer] 项几何链回退：页项数据缺失（page-items 注册表无该页条目）

[90mstderr[2m | tests/unit/renderer/selection-paint.test.tsx[2m > [22m[2mF-A5 —— band 单源自绘（a 面）+水平夹取+层序常量（c 面）[2m > [22m[2mc1 自绘层 z=层级常量最上（选区交互视觉保持最上——票面 §0c）
[22m[39m[SelectionLayer] 项几何链回退：页项数据缺失（page-items 注册表无该页条目）

 [32m✓[39m tests/unit/renderer/selection-paint.test.tsx [2m([22m[2m17 tests[22m[2m)[22m[90m 121[2mms[22m[39m
[90mstderr[2m | tests/unit/renderer/selection-mode.test.tsx[2m > [22m[2mF-A3 选择模式 —— AiAnnotationLayer 面[2m > [22m[2m⑥ 常规点击置 selectedId（有 true）→ 切选择：rect none+data-highlight 全 false（S4）+点击守卫
[22m[39mError: Not implemented: HTMLCanvasElement.prototype.getContext (without installing the canvas npm package)
    at module.exports (E:\class\智慧水务\Synapse_remake\node_modules\jsdom\lib\jsdom\browser\not-implemented.js:9:17)
    at HTMLCanvasElementImpl.getContext (E:\class\智慧水务\Synapse_remake\node_modules\jsdom\lib\jsdom\living\nodes\HTMLCanvasElement-impl.js:42:5)
    at HTMLCanvasElement.getContext (E:\class\智慧水务\Synapse_remake\node_modules\jsdom\lib\jsdom\living\generated\HTMLCanvasElement.js:131:58)
    at measureContext (E:\class\智慧水务\Synapse_remake\src\renderer\features\reader\anchors\annotation-resolve.ts:136:50)
    at Module.bandsForTextNodes (E:\class\智慧水务\Synapse_remake\src\renderer\features\reader\anchors\annotation-resolve.ts:210:15)
    at Module.resolveAiNotesLayered (E:\class\智慧水务\Synapse_remake\src\renderer\features\reader\anchors\annotation-resolve-layered.ts:247:23)
    at resolve (E:\class\智慧水务\Synapse_remake\src\renderer\features\reader\AiAnnotationLayer.tsx:141:20)
    at E:\class\智慧水务\Synapse_remake\src\renderer\features\reader\AiAnnotationLayer.tsx:150:5
    at commitHookEffectListMount (E:\class\智慧水务\Synapse_remake\node_modules\react-dom\cjs\react-dom.development.js:23189:26)
    at commitPassiveMountOnFiber (E:\class\智慧水务\Synapse_remake\node_modules\react-dom\cjs\react-dom.development.js:24970:11) [90mundefined[39m

 [32m✓[39m tests/unit/renderer/selection-mode.test.tsx [2m([22m[2m8 tests[22m[2m)[22m[90m 63[2mms[22m[39m

[2m Test Files [22m [1m[32m9 passed[39m[22m[90m (9)[39m
[2m      Tests [22m [1m[32m82 passed[39m[22m[90m (82)[39m
[2m   Start at [22m 01:42:42
[2m   Duration [22m 4.85s[2m (transform 565ms, setup 0ms, collect 3.13s, tests 534ms, environment 31.63s, prepare 3.47s)[22m

G7_SELECTION_REGRESSION_EXIT=0
