=== G8 入边（import 五形态：from/import/import(/vi.mock(/require(）===
src\renderer\features\reader\OutlinePanel.tsx:23: [OutlineThumb] import { Thumbnail } from './OutlineThumb'
src\renderer\features\reader\AiNotesSection.tsx:51: [AiNoteGroupList] import { AiNoteGroupList } from './AiNoteGroupList'
src\renderer\features\reader\AiNotesSection.tsx:52: [AiNotesStatus] import { AiNotesStatus } from './AiNotesStatus'
src\renderer\features\reader\OutlineAside.tsx:47: [OutlinePanel] import { OutlinePanel } from './OutlinePanel'
src\renderer\features\reader\OutlineAside.tsx:48: [ReaderNotesPanel] import { ReaderNotesPanel } from './ReaderNotesPanel'
src\renderer\features\reader\ReaderNotesPanel.tsx:53: [AiNotesSection] import { AiNotesSection } from './AiNotesSection'
src\renderer\features\reader\ReaderNotesPanel.tsx:54: [FragmentNotesList] import { FragmentNotesList } from './FragmentNotesList'
src\renderer\features\reader\ReaderPageView.tsx:35: [OutlineAside] import { OutlineAside } from './OutlineAside'
tests\unit\renderer\ai-note-collapse.test.tsx:16: [AiNoteGroupList] import { AiNoteGroupList } from '../../../src/renderer/features/reader/AiNoteGroupList'
tests\unit\renderer\ai-notes-section.test.tsx:48: [AiNotesSection] import { AiNotesSection } from '../../../src/renderer/features/reader/AiNotesSection'
tests\unit\renderer\reader-notes-panel.test.tsx:23: [ReaderNotesPanel] import { ReaderNotesPanel } from '../../../src/renderer/features/reader/ReaderNotesPanel'
tests\unit\renderer\reader-notes-panel.test.tsx:24: [FragmentNotesList] import { FragmentNotesList } from '../../../src/renderer/features/reader/FragmentNotesList'
tests\unit\renderer\outline-aside.test.tsx:18: [OutlineAside] import { OutlineAside } from '../../../src/renderer/features/reader/OutlineAside'
--- 入边合计 13 行 ---
=== G8 出边（8 件自身 import 全清单）===
OutlineAside.tsx:45: <包/别名>react :: import { useEffect, useState } from 'react'
OutlineAside.tsx:46: <reader 同层/域>./anchors/anchor-locate :: import { locateAnchor } from './anchors/anchor-locate'
OutlineAside.tsx:47: <reader 同层/域>./OutlinePanel :: import { OutlinePanel } from './OutlinePanel'
OutlineAside.tsx:48: <reader 同层/域>./ReaderNotesPanel :: import { ReaderNotesPanel } from './ReaderNotesPanel'
OutlineAside.tsx:49: <reader 同层/域>./state/reader.store :: import { useReaderStore } from './state/reader.store'
OutlineAside.tsx:50: <reader 同层/域>./state/useActiveTab :: import { useActiveTab } from './state/useActiveTab'
OutlinePanel.tsx:21: <包/别名>react :: import { useEffect, useState } from 'react'
OutlinePanel.tsx:22: <reader 同层/域>./state/PdfDocProvider :: import type { PDFDocumentProxy } from './state/PdfDocProvider'
OutlinePanel.tsx:23: <reader 同层/域>./OutlineThumb :: import { Thumbnail } from './OutlineThumb'
OutlineThumb.tsx:5: <包/别名>react :: import { useEffect, useRef } from 'react'
OutlineThumb.tsx:6: <reader 同层/域>./state/PdfDocProvider :: import type { PDFDocumentProxy, RenderTask } from './state/PdfDocProvider'
ReaderNotesPanel.tsx:46: <包/别名>react :: import { useEffect, useRef, useState } from 'react'
ReaderNotesPanel.tsx:47: <外部相对>../../api/client :: import { ApiClientError } from '../../api/client'
ReaderNotesPanel.tsx:48: <外部相对>../../shared/ui/Toast :: import { showToast } from '../../shared/ui/Toast'
ReaderNotesPanel.tsx:49: <外部相对>../../shared/save-status :: import { deriveSaveStatus, detectSaveFailed } from '../../shared/save-status'
ReaderNotesPanel.tsx:50: <包/别名>@shared/ipc/schemas :: import { NOTE_TITLE_MAX } from '@shared/ipc/schemas'
ReaderNotesPanel.tsx:51: <包/别名>@shared/models/annotation :: import type { Annotation } from '@shared/models/annotation'
ReaderNotesPanel.tsx:52: <外部相对>../notes/notes.store :: import { useNotesStore } from '../notes/notes.store'
ReaderNotesPanel.tsx:53: <reader 同层/域>./AiNotesSection :: import { AiNotesSection } from './AiNotesSection'
ReaderNotesPanel.tsx:54: <reader 同层/域>./FragmentNotesList :: import { FragmentNotesList } from './FragmentNotesList'
ReaderNotesPanel.tsx:55: <reader 同层/域>./state/useActiveTab :: import { useActiveTab } from './state/useActiveTab'
AiNotesSection.tsx:49: <包/别名>react :: import { useEffect } from 'react'
AiNotesSection.tsx:50: <reader 同层/域>./anchors/anchor-locate :: import { locateAnchor } from './anchors/anchor-locate'
AiNotesSection.tsx:51: <reader 同层/域>./AiNoteGroupList :: import { AiNoteGroupList } from './AiNoteGroupList'
AiNotesSection.tsx:52: <reader 同层/域>./AiNotesStatus :: import { AiNotesStatus } from './AiNotesStatus'
AiNotesSection.tsx:53: <reader 同层/域>./state/ai-notes-phase :: import { derivePhase } from './state/ai-notes-phase'
AiNotesSection.tsx:54: <reader 同层/域>./state/ai-notes.store :: import { useAiNotesStore } from './state/ai-notes.store'
AiNotesSection.tsx:55: <reader 同层/域>./state/useActiveTab :: import { useActiveTab } from './state/useActiveTab'
AiNotesSection.tsx:56: <包/别名>@shared/models/ai-note :: import type { AiNote } from '@shared/models/ai-note'
AiNoteGroupList.tsx:34: <包/别名>react :: import { useEffect, useRef, useState } from 'react'
AiNoteGroupList.tsx:35: <包/别名>@shared/models/ai-note :: import { AI_NOTE_QUESTIONS } from '@shared/models/ai-note'
AiNoteGroupList.tsx:36: <包/别名>@shared/models/ai-note :: import type { AiNote, AiNoteQuestion, AiNoteRole } from '@shared/models/ai-note'
AiNoteGroupList.tsx:37: <reader 同层/域>./anchors/ai-note-style :: import { QUESTION_COLOR, QUESTION_LABEL, QUESTION_TEXT, ROLE_LABEL, ROLE_ORDER } from './anchors/ai-note-style'
AiNotesStatus.tsx:29: <包/别名>react :: import { useEffect, useRef, useState } from 'react'
AiNotesStatus.tsx:30: <外部相对>../../api/client :: import { ApiClientError } from '../../api/client'
AiNotesStatus.tsx:31: <外部相对>../../shared/ui/Toast :: import { showToast } from '../../shared/ui/Toast'
AiNotesStatus.tsx:32: <外部相对>../../shared/ui-constants :: import { OP_FAILED, STATUS_POLL_MS } from '../../shared/ui-constants'
AiNotesStatus.tsx:33: <reader 同层/域>./state/ai-notes.store :: import { useAiNotesStore } from './state/ai-notes.store'
AiNotesStatus.tsx:34: <reader 同层/域>./state/ai-notes-phase :: import { derivePhase } from './state/ai-notes-phase'
FragmentNotesList.tsx:9: <包/别名>react :: import { useEffect, useMemo, useRef } from 'react'
FragmentNotesList.tsx:10: <包/别名>@shared/models/annotation :: import type { Annotation } from '@shared/models/annotation'
FragmentNotesList.tsx:11: <包/别名>@shared/annotation-order :: import { sortByDocumentOrder } from '@shared/annotation-order'
FragmentNotesList.tsx:12: <reader 同层/域>./anchors/annotation-style :: import { COLOR_SWATCH } from './anchors/annotation-style'
=== §3.1 预核：指向 reader 根未迁同层件的出边（违规/需深修候选）===
--- 违规候选合计 0 行 ---