npm warn Unknown project config "better_sqlite3_binary_host_mirror". This will stop working in the next major version of npm. See `npm help npmrc` for supported config options.
npm warn Unknown project config "electron_mirror". This will stop working in the next major version of npm. See `npm help npmrc` for supported config options.

> synapse@0.1.0 build
> node scripts/sqlite-abi.mjs use electron && electron-vite build

sqlite-abi 当前绑定：electron（v146）
[36mvite v5.4.21 [32mbuilding SSR bundle for production...[36m[39m
transforming...
[32m✓[39m 88 modules transformed.
rendering chunks...
[2mout/main/[22m[36mindex.js  [39m[1m[2m181.62 kB[22m[1m[22m
[32m✓ built in 311ms[39m
[36mvite v5.4.21 [32mbuilding SSR bundle for production...[36m[39m
transforming...
[32m✓[39m 23 modules transformed.
rendering chunks...
[2mout/preload/[22m[36mindex.cjs  [39m[1m[2m137.96 kB[22m[1m[22m
[32m✓ built in 137ms[39m
[36mvite v5.4.21 [32mbuilding for production...[36m[39m
transforming...
[32m✓[39m 202 modules transformed.
[1m[33m[plugin:vite:reporter][39m[22m [33m[plugin vite:reporter] 
(!) E:/class/智慧水务/Synapse_remake/node_modules/pdfjs-dist/build/pdf.mjs is dynamically imported by E:/class/智慧水务/Synapse_remake/src/renderer/features/reader/state/CorpusExtractor.ts but also statically imported by E:/class/智慧水务/Synapse_remake/src/renderer/features/reader/state/PdfDocProvider.tsx, E:/class/智慧水务/Synapse_remake/src/renderer/features/reader/view/PdfPageCanvas.tsx, E:/class/智慧水务/Synapse_remake/src/renderer/features/reader/view/TextLayer.tsx, dynamic import will not move module into another chunk.
[39m
[1m[33m[plugin:vite:reporter][39m[22m [33m[plugin vite:reporter] 
(!) E:/class/智慧水务/Synapse_remake/node_modules/pdfjs-dist/build/pdf.worker.min.mjs?url is dynamically imported by E:/class/智慧水务/Synapse_remake/src/renderer/features/reader/state/CorpusExtractor.ts but also statically imported by E:/class/智慧水务/Synapse_remake/src/renderer/features/reader/state/PdfDocProvider.tsx, dynamic import will not move module into another chunk.
[39m
rendering chunks...
[2m../../out/renderer/[22m[32mindex.html                          [39m[1m[2m    0.88 kB[22m[1m[22m
[2m../../out/renderer/[22m[32massets/pdf.worker.min-yatZIOMy.mjs  [39m[1m[2m1,375.84 kB[22m[1m[22m
[2m../../out/renderer/[22m[35massets/index-BfpEygSE.css           [39m[1m[2m   52.49 kB[22m[1m[22m
[2m../../out/renderer/[22m[36massets/index-D3egZtl2.js            [39m[1m[33m1,392.72 kB[39m[22m
[32m✓ built in 1.79s[39m
BUILD_EXIT=0
