npm warn Unknown project config "better_sqlite3_binary_host_mirror". This will stop working in the next major version of npm. See `npm help npmrc` for supported config options.
npm warn Unknown project config "electron_mirror". This will stop working in the next major version of npm. See `npm help npmrc` for supported config options.

> synapse@0.1.0 typecheck
> tsc --noEmit -p tsconfig.node.json && tsc --noEmit -p tsconfig.web.json

tests/unit/renderer/ai-annotation-layer.test.tsx(19,35): error TS2307: Cannot find module '../../../src/renderer/features/reader/AiAnnotationLayer' or its corresponding type declarations.
tests/unit/renderer/ai-annotation-layer.test.tsx(25,48): error TS2307: Cannot find module '../../../src/renderer/features/reader/PdfPageCanvas' or its corresponding type declarations.
tests/unit/renderer/anchor-item-verify.test.tsx(33,48): error TS2307: Cannot find module '../../../src/renderer/features/reader/PdfPageCanvas' or its corresponding type declarations.
tests/unit/renderer/annotation-layer.test.tsx(17,33): error TS2307: Cannot find module '../../../src/renderer/features/reader/AnnotationLayer' or its corresponding type declarations.
tests/unit/renderer/annotation-layer.test.tsx(21,48): error TS2307: Cannot find module '../../../src/renderer/features/reader/PdfPageCanvas' or its corresponding type declarations.
tests/unit/renderer/annotation-popups-autosave.test.tsx(19,34): error TS2307: Cannot find module '../../../src/renderer/features/reader/AnnotationPopups' or its corresponding type declarations.
tests/unit/renderer/band-calibration.test.tsx(29,33): error TS2307: Cannot find module '../../../src/renderer/features/reader/AnnotationLayer' or its corresponding type declarations.
tests/unit/renderer/band-calibration.test.tsx(35,64): error TS2307: Cannot find module '../../../src/renderer/features/reader/PdfPageCanvas' or its corresponding type declarations.
tests/unit/renderer/page-column.test.tsx(23,28): error TS2307: Cannot find module '../../../src/renderer/features/reader/PageColumn' or its corresponding type declarations.
tests/unit/renderer/page-column.test.tsx(33,8): error TS2307: Cannot find module '../../../src/renderer/features/reader/page-column-geometry' or its corresponding type declarations.
tests/unit/renderer/page-column.test.tsx(206,22): error TS7006: Parameter 'no' implicitly has an 'any' type.
tests/unit/renderer/page-column.test.tsx(229,22): error TS7006: Parameter 'no' implicitly has an 'any' type.
tests/unit/renderer/page-column.test.tsx(245,22): error TS7006: Parameter 'no' implicitly has an 'any' type.
tests/unit/renderer/page-column.test.tsx(264,22): error TS7006: Parameter 'no' implicitly has an 'any' type.
tests/unit/renderer/page-column.test.tsx(282,22): error TS7006: Parameter 'no' implicitly has an 'any' type.
tests/unit/renderer/page-column.test.tsx(305,22): error TS7006: Parameter 'no' implicitly has an 'any' type.
tests/unit/renderer/page-column.test.tsx(323,22): error TS7006: Parameter 'no' implicitly has an 'any' type.
tests/unit/renderer/page-column.test.tsx(351,22): error TS7006: Parameter 'no' implicitly has an 'any' type.
tests/unit/renderer/page-column.test.tsx(363,22): error TS7006: Parameter 'no' implicitly has an 'any' type.
tests/unit/renderer/page-column.test.tsx(384,22): error TS7006: Parameter 'no' implicitly has an 'any' type.
tests/unit/renderer/page-column.test.tsx(408,22): error TS7006: Parameter 'no' implicitly has an 'any' type.
tests/unit/renderer/page-column.test.tsx(438,22): error TS7006: Parameter 'no' implicitly has an 'any' type.
tests/unit/renderer/page-column.test.tsx(490,22): error TS7006: Parameter 'no' implicitly has an 'any' type.
tests/unit/renderer/page-column.test.tsx(521,22): error TS7006: Parameter 'no' implicitly has an 'any' type.
tests/unit/renderer/page-column.test.tsx(540,22): error TS7006: Parameter 'no' implicitly has an 'any' type.
tests/unit/renderer/pages-overlay.test.tsx(30,50): error TS2307: Cannot find module '../../../src/renderer/features/reader/PdfPageCanvas' or its corresponding type declarations.
tests/unit/renderer/pages-overlay.test.tsx(101,30): error TS2307: Cannot find module '../../../src/renderer/features/reader/PagesOverlay' or its corresponding type declarations.
tests/unit/renderer/pdf-item-geometry.test.tsx(18,48): error TS2307: Cannot find module '../../../src/renderer/features/reader/PdfPageCanvas' or its corresponding type declarations.
tests/unit/renderer/pdf-page-canvas.test.tsx(23,31): error TS2307: Cannot find module '../../../src/renderer/features/reader/PdfPageCanvas' or its corresponding type declarations.
tests/unit/renderer/pdf-page-canvas.test.tsx(24,25): error TS2307: Cannot find module '../../../src/renderer/features/reader/PageBox' or its corresponding type declarations.
tests/unit/renderer/pdf-page-canvas.test.tsx(106,26): error TS7006: Parameter 'page' implicitly has an 'any' type.
tests/unit/renderer/pdf-page-canvas.test.tsx(106,32): error TS7006: Parameter 'text' implicitly has an 'any' type.
tests/unit/renderer/pdf-page-canvas.test.tsx(106,38): error TS7006: Parameter 'geo' implicitly has an 'any' type.
tests/unit/renderer/reader-double-page.test.tsx(26,28): error TS2307: Cannot find module '../../../src/renderer/features/reader/PageColumn' or its corresponding type declarations.
tests/unit/renderer/reader-double-page.test.tsx(36,8): error TS2307: Cannot find module '../../../src/renderer/features/reader/page-column-geometry' or its corresponding type declarations.
tests/unit/renderer/reader-double-page.test.tsx(242,22): error TS7006: Parameter 'no' implicitly has an 'any' type.
tests/unit/renderer/reader-double-page.test.tsx(283,22): error TS7006: Parameter 'no' implicitly has an 'any' type.
tests/unit/renderer/reader-double-page.test.tsx(305,22): error TS7006: Parameter 'no' implicitly has an 'any' type.
tests/unit/renderer/reader-double-page.test.tsx(348,22): error TS7006: Parameter 'no' implicitly has an 'any' type.
tests/unit/renderer/reader-double-page.test.tsx(376,22): error TS7006: Parameter 'no' implicitly has an 'any' type.
tests/unit/renderer/reader-double-page.test.tsx(489,22): error TS7006: Parameter 'no' implicitly has an 'any' type.
tests/unit/renderer/reader-double-page.test.tsx(507,23): error TS7006: Parameter 'r' implicitly has an 'any' type.
tests/unit/renderer/reader-double-page.test.tsx(507,57): error TS7006: Parameter 'r' implicitly has an 'any' type.
tests/unit/renderer/reader-search-text.test.tsx(21,34): error TS2307: Cannot find module '../../../src/renderer/features/reader/PdfPageCanvas' or its corresponding type declarations.
tests/unit/renderer/scroll-progress.test.tsx(21,8): error TS2307: Cannot find module '../../../src/renderer/features/reader/scroll-progress' or its corresponding type declarations.
tests/unit/renderer/scroll-progress.test.tsx(22,29): error TS2307: Cannot find module '../../../src/renderer/features/reader/page-column-geometry' or its corresponding type declarations.
tests/unit/renderer/scroll-progress.test.tsx(45,20): error TS7006: Parameter 'paperId' implicitly has an 'any' type.
tests/unit/renderer/scroll-progress.test.tsx(45,29): error TS7006: Parameter 'page' implicitly has an 'any' type.
tests/unit/renderer/scroll-progress.test.tsx(53,20): error TS7006: Parameter 'fn' implicitly has an 'any' type.
tests/unit/renderer/scroll-progress.test.tsx(53,24): error TS7006: Parameter 'ms' implicitly has an 'any' type.
tests/unit/renderer/scroll-progress.test.tsx(54,22): error TS7006: Parameter 'h' implicitly has an 'any' type.
tests/unit/renderer/selection-mode.test.tsx(26,33): error TS2307: Cannot find module '../../../src/renderer/features/reader/AnnotationLayer' or its corresponding type declarations.
tests/unit/renderer/selection-mode.test.tsx(27,35): error TS2307: Cannot find module '../../../src/renderer/features/reader/AiAnnotationLayer' or its corresponding type declarations.
tests/unit/renderer/selection-paint.test.tsx(33,33): error TS2307: Cannot find module '../../../src/renderer/features/reader/AnnotationLayer' or its corresponding type declarations.
tests/unit/renderer/text-layer.test.tsx(40,62): error TS2307: Cannot find module '../../../src/renderer/features/reader/TextLayer' or its corresponding type declarations.
tests/unit/renderer/text-layer.test.tsx(41,67): error TS2307: Cannot find module '../../../src/renderer/features/reader/PdfPageCanvas' or its corresponding type declarations.
MIDPROBE_TYPECHECK_EXIT=2
     17 tests/unit/renderer/page-column.test.tsx
     10 tests/unit/renderer/reader-double-page.test.tsx
      7 tests/unit/renderer/scroll-progress.test.tsx
      5 tests/unit/renderer/pdf-page-canvas.test.tsx
      2 tests/unit/renderer/text-layer.test.tsx
      2 tests/unit/renderer/selection-mode.test.tsx
      2 tests/unit/renderer/pages-overlay.test.tsx
      2 tests/unit/renderer/band-calibration.test.tsx
      2 tests/unit/renderer/annotation-layer.test.tsx
      2 tests/unit/renderer/ai-annotation-layer.test.tsx
      1 tests/unit/renderer/selection-paint.test.tsx
      1 tests/unit/renderer/reader-search-text.test.tsx
      1 tests/unit/renderer/pdf-item-geometry.test.tsx
      1 tests/unit/renderer/annotation-popups-autosave.test.tsx
      1 tests/unit/renderer/anchor-item-verify.test.tsx
---
