===== OUT-EDGES (relative imports inside the 14 migrated files) =====
--- PageColumn.tsx: ./state/PdfDocProvider | ./PdfPageCanvas | ./PageColumnView | ./page-column-geometry | ./usePageLazyWindow | ./usePageColumnScroll | ./page-column-geometry | ./page-column-geometry | ./usePageColumnScroll
--- PageBox.tsx: ./state/PdfDocProvider | ./PdfPageCanvas | ./PdfPageCanvas | ./page-column-geometry
--- PagesOverlay.tsx: ./AnnotationLayer | ./AiAnnotationLayer | ./PageColumn | ./SearchHighlightLayer | ./state/PdfDocProvider | ./PdfPageCanvas | ./page-column-geometry | ./anchors/page-items.store | ./TextLayer
--- PdfPageCanvas.tsx: ./state/page-layer-z | ./anchors/pdf-item-geometry | ./anchors/geometry-types | ./anchors/geometry-types
--- TextLayer.tsx: ./PdfPageCanvas | ./text-layer.css | ./state/page-layer-z
--- text-layer.css: (none)
--- page-column-geometry.ts: (none)
--- usePageColumnScroll.ts: ./page-column-geometry | ./state/scroll-converge
--- usePageLazyWindow.ts: ./page-column-geometry
--- scroll-progress.ts: ./PageColumn | ./state/scroll-converge | ../../api/client | ./state/reader.store | ./state/reader.store
--- AnnotationLayer.tsx: ./anchors/annotation-resolve | ./anchors/annotation-resolve-layered | ./anchors/page-items.store | ./anchors/annotation-merge | ./anchors/annotation-style | ./state/page-layer-z | ./state/reader.store | ./AnnotationPopups
--- AiAnnotationLayer.tsx: ./anchors/annotation-resolve | ./anchors/annotation-resolve-layered | ./anchors/page-items.store | ./anchors/annotation-style | ./state/page-layer-z | ./anchors/ai-note-style | ./state/ai-notes.store | ./state/reader.store
--- AnnotationPopups.tsx: ../../api/client | ../../shared/ui/Toast | ./state/annotation-undo | ./AnnotationEditor | ./AnnotationMenu | ./state/reader.store
--- ReaderPageView.tsx: ./PageColumn | ./page-column-geometry | ./scroll-progress | ./panels/OutlineAside | ../../shared/ui/SplitPane | ./TabBar | ./state/PdfDocProvider | ./PagesOverlay | ./ReaderToolbar | ./interact/SelectionLayer | ./state/reader.store
===== IN-EDGES (repo-wide references, exact final segment match) =====
--- eslint.config.js
  :90 [src/renderer/features/reader/PdfPageCanvas.tsx] 'src/renderer/features/reader/PdfPageCanvas.tsx',
  :91 [src/renderer/features/reader/TextLayer.tsx] 'src/renderer/features/reader/TextLayer.tsx',
--- .mimosa/hook-state/sess_8c4226df-8a12-49b5-bb68-09ab7fce1825.json
  :1 [src/renderer/features/reader/TextLayer.tsx] {"touched":["E:\\class\\智慧水务\\Synapse_remake\\AGENTS.md"],"bashMutation":true,"reportedFindings":[],"findingEvents":[],"baseline":{"storageId":"mt2vt8jj-36584-0
  :1 [src/renderer/features/reader/AnnotationLayer.tsx] {"touched":["E:\\class\\智慧水务\\Synapse_remake\\AGENTS.md"],"bashMutation":true,"reportedFindings":[],"findingEvents":[],"baseline":{"storageId":"mt2vt8jj-36584-0
--- .mimosa/hook-state/sess_473c1230-44bd-4f71-bbfd-bc16414dbfc5.json
  :1 [src/renderer/features/reader/TextLayer.tsx] {"touched":["E:\\class\\智慧水务\\Synapse_remake\\tickets\\registry.ts","E:\\class\\智慧水务\\Synapse_remake\\tests\\unit\\db\\repos\\annotations.repo.test.ts","E:\\cla
  :1 [src/renderer/features/reader/AnnotationLayer.tsx] {"touched":["E:\\class\\智慧水务\\Synapse_remake\\tickets\\registry.ts","E:\\class\\智慧水务\\Synapse_remake\\tests\\unit\\db\\repos\\annotations.repo.test.ts","E:\\cla
--- .mimosa/hook-state/sess_f8fb99e4-6ac0-4d4c-a868-bf1b15dc006b.json
  :1 [src/renderer/features/reader/TextLayer.tsx] {"touched":["E:\\class\\智慧水务\\Synapse_remake\\src\\main\\services\\export_\\bibtex.serializer.ts","E:\\class\\智慧水务\\Synapse_remake\\src\\main\\services\\export_
  :1 [src/renderer/features/reader/AnnotationLayer.tsx] {"touched":["E:\\class\\智慧水务\\Synapse_remake\\src\\main\\services\\export_\\bibtex.serializer.ts","E:\\class\\智慧水务\\Synapse_remake\\src\\main\\services\\export_
--- .mimosa/hook-state/sess_a0a4a978-d149-4316-ab6a-c35ba0140ec6.json
  :1 [src/renderer/features/reader/AnnotationLayer.tsx] {"touched":[],"bashMutation":false,"reportedFindings":[],"findingEvents":[],"baseline":{"storageId":"mt3te35e-68660-0a90d34cf1","createdAt":"2026-08-22T03:24:22
  :1 [src/renderer/features/reader/TextLayer.tsx] {"touched":[],"bashMutation":false,"reportedFindings":[],"findingEvents":[],"baseline":{"storageId":"mt3te35e-68660-0a90d34cf1","createdAt":"2026-08-22T03:24:22
--- .mimosa/hook-state/sess_58626663-7f7d-4468-83c8-92fe1d30b32a.json
  :1 [src/renderer/features/reader/TextLayer.tsx] {"touched":["E:\\class\\智慧水务\\Synapse_remake\\tests\\e2e\\reader-text.spec.ts"],"bashMutation":false,"reportedFindings":[],"findingEvents":[],"baseline":{"stora
  :1 [src/renderer/features/reader/AnnotationLayer.tsx] {"touched":["E:\\class\\智慧水务\\Synapse_remake\\tests\\e2e\\reader-text.spec.ts"],"bashMutation":false,"reportedFindings":[],"findingEvents":[],"baseline":{"stora
--- tickets/registry.ts
  :102 [src/renderer/features/reader/PdfPageCanvas.tsx] { id: 'SR-RDR-02', file: 'src/renderer/features/reader/PdfPageCanvas.tsx', area: 'reader', owner: 'strong', status: 'done', summary: 'pdf.js canvas 渲染封装（v4 API；
  :103 [src/renderer/features/reader/TextLayer.tsx] { id: 'SR-RDR-03', file: 'src/renderer/features/reader/TextLayer.tsx', area: 'reader', owner: 'strong', status: 'done', summary: '官方 TextLayer CSS 接线' },
  :108 [src/renderer/features/reader/AnnotationLayer.tsx] { id: 'SR-RDR-06', file: 'src/renderer/features/reader/AnnotationLayer.tsx', area: 'reader', owner: 'weak', status: 'done', summary: '标注渲染与命中层' },
  :185 [src/renderer/features/reader/AiAnnotationLayer.tsx] { id: 'SR2-AI-09', file: 'src/renderer/features/reader/AiAnnotationLayer.tsx', area: 'reader', owner: 'strong', status: 'done', summary: 'AI 标注渲染对等（verifyQuote 
  :204 [src/renderer/features/reader/PageColumn.tsx] { id: 'SR2-F-01', file: 'src/renderer/features/reader/PageColumn.tsx', area: 'reader', owner: 'strong', status: 'done', summary: '页列几何与懒渲染回收（b3: P7-F；占位盒+视口±1 渲
  :206 [src/renderer/features/reader/scroll-progress.ts] { id: 'SR2-F-03', file: 'src/renderer/features/reader/scroll-progress.ts', area: 'reader', owner: 'strong', status: 'done', summary: '滚动进度回写恢复与键位迁移（b3: P7-F；六态状
  :209 [src/renderer/features/reader/PageColumn.tsx] { id: 'SR2-F-06', file: 'src/renderer/features/reader/PageColumn.tsx', area: 'reader', owner: 'strong', status: 'done', summary: '页间分隔与选区不透明（b3: P7-F；验收缺陷 B+C 视
  :225 [src/renderer/features/reader/text-layer.css] { id: 'SR2-F-09', file: 'src/renderer/features/reader/text-layer.css', area: 'reader', owner: 'strong', status: 'done', summary: '划选选中色改灰（用户令 2026-08-29：仿 WPS——
  :243 [src/renderer/features/reader/PageColumn.tsx] { id: 'F-A7', file: 'src/renderer/features/reader/PageColumn.tsx', area: 'reader', owner: 'strong', status: 'done', summary: '旋转页占位盒宽高交换缺失（**毕 2026-09-04 三屋全链**
  :249 [src/renderer/features/reader/PageColumn.tsx] { id: 'F-SPLIT-01', file: 'src/renderer/features/reader/PageColumn.tsx', area: 'reader', owner: 'strong', status: 'done', summary: '组件贴线拆件合票（Kimi 体检 v2 P1-1 终裁立
  :256 [src/renderer/features/reader/AnnotationLayer.tsx] { id: 'F-A9', file: 'src/renderer/features/reader/AnnotationLayer.tsx', area: 'reader', owner: 'strong', status: 'done', summary: '标注带垂直几何缺陷（2026-09-09 F-A8 门 3
  :300 [src/renderer/features/reader/PdfPageCanvas.tsx] { id: 'F-GEOM-01-G9', file: 'src/renderer/features/reader/PdfPageCanvas.tsx', area: 'reader', owner: 'strong', status: 'open', summary: '目录化 M6a=view 渲染簇迁移（设计书 
--- src/renderer/features/reader/reader-search.ts
  :32 [./PdfPageCanvas] import type { PdfTextItem } from './PdfPageCanvas'
--- src/renderer/features/reader/PageColumnView.tsx
  :25 [./PdfPageCanvas] import type { PdfPageGeometry, PdfTextContent } from './PdfPageCanvas'
  :26 [./PageBox] import { PageBox } from './PageBox'
  :27 [./page-column-geometry] import { layoutRows, pageBoxWidth, type PageBoxSize, type PageLayout } from './page-column-geometry'
--- src/renderer/features/reader/ReaderPage.tsx
  :50 [./PageColumn] import type { PageScrollRequest } from './PageColumn'
  :54 [./scroll-progress] import { createReaderScrollProgress, useScrollProgressWiring } from './scroll-progress'
  :58 [./ReaderPageView] import { ReaderPageView } from './ReaderPageView'
--- tests/unit/renderer/reader-search-text.test.tsx
  :21 [../../../src/renderer/features/reader/PdfPageCanvas] import type { PdfTextItem } from '../../../src/renderer/features/reader/PdfPageCanvas'
--- tests/unit/renderer/text-layer.test.tsx
  :40 [../../../src/renderer/features/reader/TextLayer] import { duckViewport, rotatedContainerBox, TextLayer } from '../../../src/renderer/features/reader/TextLayer'
  :41 [../../../src/renderer/features/reader/PdfPageCanvas] import type { PdfPageGeometry, PdfTextContent, PdfTextItem } from '../../../src/renderer/features/reader/PdfPageCanvas'
--- tests/unit/renderer/page-column.test.tsx
  :23 [../../../src/renderer/features/reader/PageColumn] import { PageColumn } from '../../../src/renderer/features/reader/PageColumn'
  :33 [../../../src/renderer/features/reader/page-column-geometry] } from '../../../src/renderer/features/reader/page-column-geometry'
--- tests/unit/renderer/anchor-item-verify.test.tsx
  :33 [../../../src/renderer/features/reader/PdfPageCanvas] import type { PdfTextItem, PdfTextStyle } from '../../../src/renderer/features/reader/PdfPageCanvas'
--- tests/unit/renderer/pdf-item-geometry.test.tsx
  :18 [../../../src/renderer/features/reader/PdfPageCanvas] import type { PdfTextItem, PdfTextStyle } from '../../../src/renderer/features/reader/PdfPageCanvas'
--- tests/unit/renderer/pdf-page-canvas.test.tsx
  :23 [../../../src/renderer/features/reader/PdfPageCanvas] import { PdfPageCanvas } from '../../../src/renderer/features/reader/PdfPageCanvas'
  :24 [../../../src/renderer/features/reader/PageBox] import { PageBox } from '../../../src/renderer/features/reader/PageBox'
--- tests/unit/renderer/reader-double-page.test.tsx
  :26 [../../../src/renderer/features/reader/PageColumn] import { PageColumn } from '../../../src/renderer/features/reader/PageColumn'
  :36 [../../../src/renderer/features/reader/page-column-geometry] } from '../../../src/renderer/features/reader/page-column-geometry'
--- tests/unit/renderer/reader-page-open-race.test.tsx
  :38 [../../../src/renderer/features/reader/PageColumn] vi.mock('../../../src/renderer/features/reader/PageColumn', () => ({
--- tests/unit/renderer/annotation-popups-autosave.test.tsx
  :19 [../../../src/renderer/features/reader/AnnotationPopups] import { AnnotationPopups } from '../../../src/renderer/features/reader/AnnotationPopups'
--- tests/unit/renderer/annotation-layer.test.tsx
  :17 [../../../src/renderer/features/reader/AnnotationLayer] import { AnnotationLayer } from '../../../src/renderer/features/reader/AnnotationLayer'
  :21 [../../../src/renderer/features/reader/PdfPageCanvas] import type { PdfTextItem, PdfTextStyle } from '../../../src/renderer/features/reader/PdfPageCanvas'
--- tests/unit/renderer/ai-annotation-layer.test.tsx
  :19 [../../../src/renderer/features/reader/AiAnnotationLayer] import { AiAnnotationLayer } from '../../../src/renderer/features/reader/AiAnnotationLayer'
  :25 [../../../src/renderer/features/reader/PdfPageCanvas] import type { PdfTextItem, PdfTextStyle } from '../../../src/renderer/features/reader/PdfPageCanvas'
--- tests/unit/renderer/scroll-progress.test.tsx
  :21 [../../../src/renderer/features/reader/scroll-progress] } from '../../../src/renderer/features/reader/scroll-progress'
  :22 [../../../src/renderer/features/reader/page-column-geometry] import { nearestPage } from '../../../src/renderer/features/reader/page-column-geometry'
--- tests/unit/renderer/pages-overlay.test.tsx
  :30 [../../../src/renderer/features/reader/PdfPageCanvas] import type { PdfTextContent, PdfTextItem } from '../../../src/renderer/features/reader/PdfPageCanvas'
  :55 [../../../src/renderer/features/reader/PageColumn] vi.mock('../../../src/renderer/features/reader/PageColumn', () => ({
  :80 [../../../src/renderer/features/reader/TextLayer] vi.mock('../../../src/renderer/features/reader/TextLayer', () => ({
  :87 [../../../src/renderer/features/reader/AnnotationLayer] vi.mock('../../../src/renderer/features/reader/AnnotationLayer', () => ({
  :94 [../../../src/renderer/features/reader/AiAnnotationLayer] vi.mock('../../../src/renderer/features/reader/AiAnnotationLayer', () => ({
  :101 [../../../src/renderer/features/reader/PagesOverlay] import { PagesOverlay } from '../../../src/renderer/features/reader/PagesOverlay'
--- tests/unit/renderer/selection-mode.test.tsx
  :26 [../../../src/renderer/features/reader/AnnotationLayer] import { AnnotationLayer } from '../../../src/renderer/features/reader/AnnotationLayer'
  :27 [../../../src/renderer/features/reader/AiAnnotationLayer] import { AiAnnotationLayer } from '../../../src/renderer/features/reader/AiAnnotationLayer'
--- tests/unit/renderer/band-calibration.test.tsx
  :29 [../../../src/renderer/features/reader/AnnotationLayer] import { AnnotationLayer } from '../../../src/renderer/features/reader/AnnotationLayer'
  :35 [../../../src/renderer/features/reader/PdfPageCanvas] import type { PdfTextContent, PdfTextItem, PdfTextStyle } from '../../../src/renderer/features/reader/PdfPageCanvas'
--- tests/unit/renderer/selection-paint.test.tsx
  :33 [../../../src/renderer/features/reader/AnnotationLayer] import { AnnotationLayer } from '../../../src/renderer/features/reader/AnnotationLayer'
--- scripts/audits/f-a11-impl.report.md
  :725 [../../../src/renderer/features/reader/AnnotationPopups] import { AnnotationPopups } from '../../../src/renderer/features/reader/AnnotationPopups'
--- scripts/audits/f-a9-gate1-pkg.md
  :300 [../../../src/renderer/features/reader/AnnotationLayer] import { AnnotationLayer } from '../../../src/renderer/features/reader/AnnotationLayer'
  :306 [../../../src/renderer/features/reader/PdfPageCanvas] import type { PdfTextContent, PdfTextItem, PdfTextStyle } from '../../../src/renderer/features/reader/PdfPageCanvas'
--- scripts/audits/f-a11-gate2r-pkg.md
  :1066 [../../../src/renderer/features/reader/AnnotationPopups] import { AnnotationPopups } from '../../../src/renderer/features/reader/AnnotationPopups'
--- scripts/audits/f-a9-gate2-pkg.md
  :299 [../../../src/renderer/features/reader/AnnotationLayer] import { AnnotationLayer } from '../../../src/renderer/features/reader/AnnotationLayer'
  :305 [../../../src/renderer/features/reader/PdfPageCanvas] import type { PdfTextContent, PdfTextItem, PdfTextStyle } from '../../../src/renderer/features/reader/PdfPageCanvas'
--- scripts/audits/geom01-impl-gate1-brief.md
  :52 [src/renderer/features/reader/PdfPageCanvas.tsx] { id: 'F-GEOM-01-G9', file: 'src/renderer/features/reader/PdfPageCanvas.tsx', area: 'reader', owner: 'strong', status: 'open', summary: '目录化 M6a=view 渲染簇迁移（设计书 
--- scripts/audits/geom01-impl-gate2-report.md
  :20 […/PdfPageCanvas] | **N2** | G1 红证有效性依赖 tsc 覆盖 tests 域未明示 | **成立；处置闭合+前提亲核成立** | tsconfig.web.json:23-28 include 含 `"tests/**/*.tsx"`（:27）；全仓自旧路径 `import type { … } from '…/PdfPa
--- scripts/audits/g1-impl-brief.md
  :69 [./PdfPageCanvas] - :69-72 三行 type import 合并改向：`import type { PdfTextItem, PdfTextStyle } from './PdfPageCanvas'`
  :80 [./PdfPageCanvas] - :37 `import type { PdfPageGeometry, PdfTextContent } from './PdfPageCanvas'`
  :87 [./PdfPageCanvas] - :41 `import type { PdfTextItem } from './PdfPageCanvas'` → `from './geometry-types'`
--- scripts/audits/g1-gate2-report.md
  :43 [./PdfPageCanvas] - src 6 件（reexport.log:12-22，11 错误行）= PageBox/PageColumn/PageColumnView/PagesOverlay/reader-search.ts/TextLayer；tests 10 件（:23-43，21 错误行）= ai-annotation-layer/a
--- scripts/audits/g5-gate1-brief.md
  :98 [./scroll-progress] import { createReaderScrollProgress, useScrollProgressWiring } from './scroll-progress'
  :104 [./ReaderPageView] import { ReaderPageView } from './ReaderPageView'
--- scripts/audits/g6-recon3.mjs
  :58 [PagesOverlay.tsx] 'FragmentNotesList.tsx': [12], 'AiNoteGroupList.tsx': [37], 'PagesOverlay.tsx': [54],
  :59 [AiAnnotationLayer.tsx] 'AiAnnotationLayer.tsx': [70, 71, 72, 73, 75], 'SelectionToolbar.tsx': [17],
  :60 [AnnotationLayer.tsx] 'AnnotationLayer.tsx': [42, 43, 44, 45, 46], 'AiNotesSection.tsx': [50],
  :63 [PdfPageCanvas.tsx] 'PdfPageCanvas.tsx': [33, 34, 39], 'reader-search.store.ts': [41],
--- scripts/audits/arch-out/arch-scan.json
  :46 [src/renderer/features/reader/scroll-progress.ts] "f": "src/renderer/features/reader/scroll-progress.ts",
  :97 [src/renderer/features/reader/scroll-progress.ts] "src/renderer/features/reader/scroll-progress.ts",
  :98 [src/renderer/features/reader/PageColumn.tsx] "src/renderer/features/reader/PageColumn.tsx",
  :100 [src/renderer/features/reader/AnnotationLayer.tsx] "src/renderer/features/reader/AnnotationLayer.tsx",
  :204 [src/renderer/features/reader/AnnotationLayer.tsx] "f": "src/renderer/features/reader/AnnotationLayer.tsx",
--- scripts/audits/f-arch3-gate1-ds.md
  :75 [./PdfPageCanvas] import type { PdfTextContent } from './PdfPageCanvas'
  :76 [./PageColumn] import { PageColumn, type PageScrollRequest } from './PageColumn'
--- scripts/audits/f-arch3-gate1-r2-ds.md
  :12 [../../../src/renderer/features/reader/PageColumn] - `vi.mock('../../../src/renderer/features/reader/PageColumn')` 的工厂函数 props 类型已扩为九件全形：`doc`、`totalPages`、`zoom`、`scrollContainerRef`、`scrollRequest`、`onPageRend
--- scripts/audits/g8-gate1-brief.md
  :74 [./PageColumn] import type { PageScrollRequest } from './PageColumn'
  :75 [./page-column-geometry] import type { PageLayout } from './page-column-geometry'
  :76 [./scroll-progress] import type { createReaderScrollProgress } from './scroll-progress'
--- scripts/audits/g9-recon.mjs
  :9 [PageColumn.tsx] 'PageColumn.tsx', 'PageBox.tsx', 'PagesOverlay.tsx', 'PdfPageCanvas.tsx', 'TextLayer.tsx',
  :9 [PageBox.tsx] 'PageColumn.tsx', 'PageBox.tsx', 'PagesOverlay.tsx', 'PdfPageCanvas.tsx', 'TextLayer.tsx',
  :9 [PagesOverlay.tsx] 'PageColumn.tsx', 'PageBox.tsx', 'PagesOverlay.tsx', 'PdfPageCanvas.tsx', 'TextLayer.tsx',
  :9 [PdfPageCanvas.tsx] 'PageColumn.tsx', 'PageBox.tsx', 'PagesOverlay.tsx', 'PdfPageCanvas.tsx', 'TextLayer.tsx',
  :9 [TextLayer.tsx] 'PageColumn.tsx', 'PageBox.tsx', 'PagesOverlay.tsx', 'PdfPageCanvas.tsx', 'TextLayer.tsx',
  :10 [text-layer.css] 'text-layer.css', 'page-column-geometry.ts', 'usePageColumnScroll.ts',
  :10 [page-column-geometry.ts] 'text-layer.css', 'page-column-geometry.ts', 'usePageColumnScroll.ts',
  :10 [usePageColumnScroll.ts] 'text-layer.css', 'page-column-geometry.ts', 'usePageColumnScroll.ts',
  :11 [usePageLazyWindow.ts] 'usePageLazyWindow.ts', 'scroll-progress.ts', 'AnnotationLayer.tsx',
  :11 [scroll-progress.ts] 'usePageLazyWindow.ts', 'scroll-progress.ts', 'AnnotationLayer.tsx',
  :11 [AnnotationLayer.tsx] 'usePageLazyWindow.ts', 'scroll-progress.ts', 'AnnotationLayer.tsx',
  :12 [AiAnnotationLayer.tsx] 'AiAnnotationLayer.tsx', 'AnnotationPopups.tsx', 'ReaderPageView.tsx',
  :12 [AnnotationPopups.tsx] 'AiAnnotationLayer.tsx', 'AnnotationPopups.tsx', 'ReaderPageView.tsx',
  :12 [ReaderPageView.tsx] 'AiAnnotationLayer.tsx', 'AnnotationPopups.tsx', 'ReaderPageView.tsx',
  :50 [./PageColumn] // 纯段名形态（'./PageColumn' 已含 /；此处捕 css 带扩展名或无斜杠别名形态）
--- scripts/audits/f-r1-gate1-brief.md
  :3332 [src/renderer/features/reader/page-column-geometry.ts] +  pathToFileURL(join(ROOT, 'src/renderer/features/reader/page-column-geometry.ts')).href
  :3591 [./PdfPageCanvas] +import { PdfPageCanvas } from './PdfPageCanvas'
  :3592 [./PdfPageCanvas] +import type { PdfTextContent } from './PdfPageCanvas'
  :3593 [./page-column-geometry] +import { pageBoxHeight, type PageBoxSize } from './page-column-geometry'
  :3687 [./PdfPageCanvas] -import { PdfPageCanvas } from './PdfPageCanvas'
  :3688 [./PdfPageCanvas] import type { PdfTextContent } from './PdfPageCanvas'
  :3689 [./PageBox] +import { PageBox } from './PageBox'
  :3705 [./page-column-geometry] } from './page-column-geometry'
  :3711 [./page-column-geometry] export { nearestPage } from './page-column-geometry'
  :3712 [./page-column-geometry] export type { PageBoxSize } from './page-column-geometry'
  :3915 [./AiAnnotationLayer] @@ -45,6 +46,7 @@ import { ReaderAiLayer } from './AiAnnotationLayer'
  :3916 [./PageColumn] import { PageColumn, type PageScrollRequest } from './PageColumn'
  :3918 [./PdfPageCanvas] import type { PdfTextContent } from './PdfPageCanvas'
  :3919 [./page-column-geometry] +import type { PageLayout } from './page-column-geometry'
  :3920 [./TextLayer] import { TextLayer } from './TextLayer'
  :4279 [../../../src/renderer/features/reader/PageColumn] +import { PageColumn } from '../../../src/renderer/features/reader/PageColumn'
  :4289 [../../../src/renderer/features/reader/page-column-geometry] +} from '../../../src/renderer/features/reader/page-column-geometry'
--- scripts/audits/f-r1-verify.mjs
  :47 [src/renderer/features/reader/page-column-geometry.ts] pathToFileURL(join(ROOT, 'src/renderer/features/reader/page-column-geometry.ts')).href
--- scripts/audits/f-r1-gate1-r2-brief.md
  :4163 [src/renderer/features/reader/page-column-geometry.ts] +  pathToFileURL(join(ROOT, 'src/renderer/features/reader/page-column-geometry.ts')).href
  :4460 [./PdfPageCanvas] +import { PdfPageCanvas } from './PdfPageCanvas'
  :4461 [./PdfPageCanvas] +import type { PdfTextContent } from './PdfPageCanvas'
  :4462 [./page-column-geometry] +import { pageBoxHeight, type PageBoxSize } from './page-column-geometry'
  :4556 [./PdfPageCanvas] -import { PdfPageCanvas } from './PdfPageCanvas'
  :4557 [./PdfPageCanvas] import type { PdfTextContent } from './PdfPageCanvas'
  :4558 [./PageBox] +import { PageBox } from './PageBox'
  :4574 [./page-column-geometry] } from './page-column-geometry'
  :4580 [./page-column-geometry] export { nearestPage } from './page-column-geometry'
  :4581 [./page-column-geometry] export type { PageBoxSize } from './page-column-geometry'
  :4784 [./AiAnnotationLayer] @@ -45,6 +46,7 @@ import { ReaderAiLayer } from './AiAnnotationLayer'
  :4785 [./PageColumn] import { PageColumn, type PageScrollRequest } from './PageColumn'
  :4787 [./PdfPageCanvas] import type { PdfTextContent } from './PdfPageCanvas'
  :4788 [./page-column-geometry] +import type { PageLayout } from './page-column-geometry'
  :4789 [./TextLayer] import { TextLayer } from './TextLayer'
  :5148 [../../../src/renderer/features/reader/PageColumn] +import { PageColumn } from '../../../src/renderer/features/reader/PageColumn'
  :5158 [../../../src/renderer/features/reader/page-column-geometry] +} from '../../../src/renderer/features/reader/page-column-geometry'
--- scripts/audits/f-a4-gate1-brief.md
  :3464 [../../../src/renderer/features/reader/AnnotationLayer] +[33m  16 |  const __vi_import_4__ = await import('../../../src/renderer/features/reader/AnnotationLayer')
  :19631 [../../../src/renderer/features/reader/AnnotationLayer] +import { AnnotationLayer } from '../../../src/renderer/features/reader/AnnotationLayer'
--- scripts/audits/f-a4-gate1-r2-brief.md
  :3297 [../../../src/renderer/features/reader/AnnotationLayer] +[33m  16 |  const __vi_import_4__ = await import('../../../src/renderer/features/reader/AnnotationLayer')
  :19634 [../../../src/renderer/features/reader/AnnotationLayer] +import { AnnotationLayer } from '../../../src/renderer/features/reader/AnnotationLayer'
--- scripts/audits/f-a5-gate1-brief.md
  :2974 [./PdfPageCanvas] import type { PdfTextContent } from './PdfPageCanvas'
  :2975 [./text-layer.css] import './text-layer.css'
  :3730 [../../../src/renderer/features/reader/AnnotationLayer] import { AnnotationLayer } from '../../../src/renderer/features/reader/AnnotationLayer'
  :3814 [../../../src/renderer/features/reader/AnnotationLayer] import { AnnotationLayer } from '../../../src/renderer/features/reader/AnnotationLayer'
--- scripts/audits/f-r2-gate1-brief.md
  :981 [./PageColumn] import { nearestPage } from './PageColumn'
  :1145 [../../../src/renderer/features/reader/scroll-progress] } from '../../../src/renderer/features/reader/scroll-progress'
  :1146 [../../../src/renderer/features/reader/page-column-geometry] +import { nearestPage } from '../../../src/renderer/features/reader/page-column-geometry'
--- scripts/audits/f-r2-gate1-kimi.md
  :29 [./PageColumn] **N3 — nearestPage 导入路径与实现不同源（不确定）**。实现 `scroll-progress.ts:49` `from './PageColumn'`；测试 diff 新行 `from '../../../src/renderer/features/reader/page-column-geomet
  :29 [../../../src/renderer/features/reader/page-column-geometry] **N3 — nearestPage 导入路径与实现不同源（不确定）**。实现 `scroll-progress.ts:49` `from './PageColumn'`；测试 diff 新行 `from '../../../src/renderer/features/reader/page-column-geomet
--- scripts/audits/batch-review-brief.md
  :968 [./PageColumn] import { nearestPage } from './PageColumn'
  :1182 [../../../src/renderer/features/reader/scroll-progress] } from '../../../src/renderer/features/reader/scroll-progress'
  :1183 [../../../src/renderer/features/reader/page-column-geometry] +import { nearestPage } from '../../../src/renderer/features/reader/page-column-geometry'
--- scripts/audits/kimi-health-brief.md
  :1124 [src/renderer/features/reader/PdfPageCanvas.tsx] { id: 'SR-RDR-02', file: 'src/renderer/features/reader/PdfPageCanvas.tsx', area: 'reader', owner: 'strong', status: 'done', summary: 'pdf.js canvas 渲染封装（v4 API；
  :1125 [src/renderer/features/reader/TextLayer.tsx] { id: 'SR-RDR-03', file: 'src/renderer/features/reader/TextLayer.tsx', area: 'reader', owner: 'strong', status: 'done', summary: '官方 TextLayer CSS 接线' },
  :1130 [src/renderer/features/reader/AnnotationLayer.tsx] { id: 'SR-RDR-06', file: 'src/renderer/features/reader/AnnotationLayer.tsx', area: 'reader', owner: 'weak', status: 'done', summary: '标注渲染与命中层' },
  :1207 [src/renderer/features/reader/AiAnnotationLayer.tsx] { id: 'SR2-AI-09', file: 'src/renderer/features/reader/AiAnnotationLayer.tsx', area: 'reader', owner: 'strong', status: 'done', summary: 'AI 标注渲染对等（verifyQuote 
  :1226 [src/renderer/features/reader/PageColumn.tsx] { id: 'SR2-F-01', file: 'src/renderer/features/reader/PageColumn.tsx', area: 'reader', owner: 'strong', status: 'done', summary: '页列几何与懒渲染回收（b3: P7-F；占位盒+视口±1 渲
  :1228 [src/renderer/features/reader/scroll-progress.ts] { id: 'SR2-F-03', file: 'src/renderer/features/reader/scroll-progress.ts', area: 'reader', owner: 'strong', status: 'done', summary: '滚动进度回写恢复与键位迁移（b3: P7-F；六态状
  :1231 [src/renderer/features/reader/PageColumn.tsx] { id: 'SR2-F-06', file: 'src/renderer/features/reader/PageColumn.tsx', area: 'reader', owner: 'strong', status: 'done', summary: '页间分隔与选区不透明（b3: P7-F；验收缺陷 B+C 视
  :1247 [src/renderer/features/reader/text-layer.css] { id: 'SR2-F-09', file: 'src/renderer/features/reader/text-layer.css', area: 'reader', owner: 'strong', status: 'done', summary: '划选选中色改灰（用户令 2026-08-29：仿 WPS——
--- scripts/audits/ds-health-review-brief.md
  :1336 [src/renderer/features/reader/PdfPageCanvas.tsx] { id: 'SR-RDR-02', file: 'src/renderer/features/reader/PdfPageCanvas.tsx', area: 'reader', owner: 'strong', status: 'done', summary: 'pdf.js canvas 渲染封装（v4 API；
  :1337 [src/renderer/features/reader/TextLayer.tsx] { id: 'SR-RDR-03', file: 'src/renderer/features/reader/TextLayer.tsx', area: 'reader', owner: 'strong', status: 'done', summary: '官方 TextLayer CSS 接线' },
  :1342 [src/renderer/features/reader/AnnotationLayer.tsx] { id: 'SR-RDR-06', file: 'src/renderer/features/reader/AnnotationLayer.tsx', area: 'reader', owner: 'weak', status: 'done', summary: '标注渲染与命中层' },
  :1419 [src/renderer/features/reader/AiAnnotationLayer.tsx] { id: 'SR2-AI-09', file: 'src/renderer/features/reader/AiAnnotationLayer.tsx', area: 'reader', owner: 'strong', status: 'done', summary: 'AI 标注渲染对等（verifyQuote 
  :1438 [src/renderer/features/reader/PageColumn.tsx] { id: 'SR2-F-01', file: 'src/renderer/features/reader/PageColumn.tsx', area: 'reader', owner: 'strong', status: 'done', summary: '页列几何与懒渲染回收（b3: P7-F；占位盒+视口±1 渲
  :1440 [src/renderer/features/reader/scroll-progress.ts] { id: 'SR2-F-03', file: 'src/renderer/features/reader/scroll-progress.ts', area: 'reader', owner: 'strong', status: 'done', summary: '滚动进度回写恢复与键位迁移（b3: P7-F；六态状
  :1443 [src/renderer/features/reader/PageColumn.tsx] { id: 'SR2-F-06', file: 'src/renderer/features/reader/PageColumn.tsx', area: 'reader', owner: 'strong', status: 'done', summary: '页间分隔与选区不透明（b3: P7-F；验收缺陷 B+C 视
  :1459 [src/renderer/features/reader/text-layer.css] { id: 'SR2-F-09', file: 'src/renderer/features/reader/text-layer.css', area: 'reader', owner: 'strong', status: 'done', summary: '划选选中色改灰（用户令 2026-08-29：仿 WPS——
--- scripts/audits/auditc-brief.md
  :1173 [src/renderer/features/reader/PdfPageCanvas.tsx] { id: 'SR-RDR-02', file: 'src/renderer/features/reader/PdfPageCanvas.tsx', area: 'reader', owner: 'strong', status: 'done', summary: 'pdf.js canvas 渲染封装（v4 API；
  :1174 [src/renderer/features/reader/TextLayer.tsx] { id: 'SR-RDR-03', file: 'src/renderer/features/reader/TextLayer.tsx', area: 'reader', owner: 'strong', status: 'done', summary: '官方 TextLayer CSS 接线' },
  :1179 [src/renderer/features/reader/AnnotationLayer.tsx] { id: 'SR-RDR-06', file: 'src/renderer/features/reader/AnnotationLayer.tsx', area: 'reader', owner: 'weak', status: 'done', summary: '标注渲染与命中层' },
  :1256 [src/renderer/features/reader/AiAnnotationLayer.tsx] { id: 'SR2-AI-09', file: 'src/renderer/features/reader/AiAnnotationLayer.tsx', area: 'reader', owner: 'strong', status: 'done', summary: 'AI 标注渲染对等（verifyQuote 
  :1275 [src/renderer/features/reader/PageColumn.tsx] { id: 'SR2-F-01', file: 'src/renderer/features/reader/PageColumn.tsx', area: 'reader', owner: 'strong', status: 'done', summary: '页列几何与懒渲染回收（b3: P7-F；占位盒+视口±1 渲
  :1277 [src/renderer/features/reader/scroll-progress.ts] { id: 'SR2-F-03', file: 'src/renderer/features/reader/scroll-progress.ts', area: 'reader', owner: 'strong', status: 'done', summary: '滚动进度回写恢复与键位迁移（b3: P7-F；六态状
  :1280 [src/renderer/features/reader/PageColumn.tsx] { id: 'SR2-F-06', file: 'src/renderer/features/reader/PageColumn.tsx', area: 'reader', owner: 'strong', status: 'done', summary: '页间分隔与选区不透明（b3: P7-F；验收缺陷 B+C 视
  :1296 [src/renderer/features/reader/text-layer.css] { id: 'SR2-F-09', file: 'src/renderer/features/reader/text-layer.css', area: 'reader', owner: 'strong', status: 'done', summary: '划选选中色改灰（用户令 2026-08-29：仿 WPS——
--- scripts/audits/auditc-review-brief.md
  :1419 [src/renderer/features/reader/PdfPageCanvas.tsx] { id: 'SR-RDR-02', file: 'src/renderer/features/reader/PdfPageCanvas.tsx', area: 'reader', owner: 'strong', status: 'done', summary: 'pdf.js canvas 渲染封装（v4 API；
  :1420 [src/renderer/features/reader/TextLayer.tsx] { id: 'SR-RDR-03', file: 'src/renderer/features/reader/TextLayer.tsx', area: 'reader', owner: 'strong', status: 'done', summary: '官方 TextLayer CSS 接线' },
  :1425 [src/renderer/features/reader/AnnotationLayer.tsx] { id: 'SR-RDR-06', file: 'src/renderer/features/reader/AnnotationLayer.tsx', area: 'reader', owner: 'weak', status: 'done', summary: '标注渲染与命中层' },
  :1502 [src/renderer/features/reader/AiAnnotationLayer.tsx] { id: 'SR2-AI-09', file: 'src/renderer/features/reader/AiAnnotationLayer.tsx', area: 'reader', owner: 'strong', status: 'done', summary: 'AI 标注渲染对等（verifyQuote 
  :1521 [src/renderer/features/reader/PageColumn.tsx] { id: 'SR2-F-01', file: 'src/renderer/features/reader/PageColumn.tsx', area: 'reader', owner: 'strong', status: 'done', summary: '页列几何与懒渲染回收（b3: P7-F；占位盒+视口±1 渲
  :1523 [src/renderer/features/reader/scroll-progress.ts] { id: 'SR2-F-03', file: 'src/renderer/features/reader/scroll-progress.ts', area: 'reader', owner: 'strong', status: 'done', summary: '滚动进度回写恢复与键位迁移（b3: P7-F；六态状
  :1526 [src/renderer/features/reader/PageColumn.tsx] { id: 'SR2-F-06', file: 'src/renderer/features/reader/PageColumn.tsx', area: 'reader', owner: 'strong', status: 'done', summary: '页间分隔与选区不透明（b3: P7-F；验收缺陷 B+C 视
  :1542 [src/renderer/features/reader/text-layer.css] { id: 'SR2-F-09', file: 'src/renderer/features/reader/text-layer.css', area: 'reader', owner: 'strong', status: 'done', summary: '划选选中色改灰（用户令 2026-08-29：仿 WPS——
--- scripts/audits/f-r3-gate1-brief.md
  :121 [./scroll-progress] import { createReaderScrollProgress, useScrollProgressWiring } from './scroll-progress'
--- scripts/audits/p7e-01-gate1-package.md
  :960 [src/renderer/features/reader/text-layer.css] { id: 'SR2-F-09', file: 'src/renderer/features/reader/text-layer.css', area: 'reader', owner: 'strong', status: 'done', summary: '划选选中色改灰（用户令 2026-08-29：仿 WPS——
--- scripts/audits/p7e-01-gate2-package.md
  :955 [src/renderer/features/reader/text-layer.css] { id: 'SR2-F-09', file: 'src/renderer/features/reader/text-layer.css', area: 'reader', owner: 'strong', status: 'done', summary: '划选选中色改灰（用户令 2026-08-29：仿 WPS——
--- scripts/audits/p7e-02-gate1-package.md
  :673 [src/renderer/features/reader/text-layer.css] { id: 'SR2-F-09', file: 'src/renderer/features/reader/text-layer.css', area: 'reader', owner: 'strong', status: 'done', summary: '划选选中色改灰（用户令 2026-08-29：仿 WPS——
--- scripts/audits/p7e-03-brief.md
  :137 [./PdfPageCanvas] （`import type ... from './PdfPageCanvas'`——非 pdfjs-dist 直 import，INV-16）。
--- scripts/audits/p7e-03-gate1-package.md
  :153 [./PdfPageCanvas] （`import type ... from './PdfPageCanvas'`——非 pdfjs-dist 直 import，INV-16）。
  :222 [./AnnotationLayer] import { AnnotationLayer } from './AnnotationLayer'
  :223 [./AiAnnotationLayer] import { ReaderAiLayer } from './AiAnnotationLayer'
  :224 [./PageColumn] import { PageColumn, type PageScrollRequest } from './PageColumn'
  :227 [./PdfPageCanvas] import type { PdfTextContent } from './PdfPageCanvas'
  :228 [./page-column-geometry] import type { PageLayout } from './page-column-geometry'
  :261 [./PageColumn] @@ -46,6 +48,7 @@ import type { PageScrollRequest } from './PageColumn'
  :268 [./scroll-progress] import { createReaderScrollProgress, useScrollProgressWiring } from './scroll-progress'
  :700 [./PdfPageCanvas] +import type { PdfTextItem } from './PdfPageCanvas'
  :871 [./PdfPageCanvas] +import type { PdfTextItem } from './PdfPageCanvas'
  :1293 [../../../src/renderer/features/reader/PdfPageCanvas] +import type { PdfTextItem } from '../../../src/renderer/features/reader/PdfPageCanvas'
  :2047 [./PdfPageCanvas] - **纯函数域** `reader-search.ts`：buildPageText（hasEOL 插 '\n'+字符映射，换行哨兵 -1/-1）/findInText（toLowerCase 两侧+不重叠推进+跨 '\n' 拒）/asSearchDoc（unknown→结构收窄）/toTextItems（'str'
--- scripts/audits/p7e-03-impl.report.md
  :25 [./PdfPageCanvas] - **纯函数域** `reader-search.ts`：buildPageText（hasEOL 插 '\n'+字符映射，换行哨兵 -1/-1）/findInText（toLowerCase 两侧+不重叠推进+跨 '\n' 拒）/asSearchDoc（unknown→结构收窄）/toTextItems（'str'
--- scripts/audits/p7e-03-gate1-r1-package.md
  :55 [./AnnotationLayer] import { AnnotationLayer } from './AnnotationLayer'
  :56 [./AiAnnotationLayer] import { ReaderAiLayer } from './AiAnnotationLayer'
  :57 [./PageColumn] import { PageColumn, type PageScrollRequest } from './PageColumn'
  :60 [./PdfPageCanvas] import type { PdfTextContent } from './PdfPageCanvas'
  :61 [./page-column-geometry] import type { PageLayout } from './page-column-geometry'
  :94 [./PageColumn] @@ -46,6 +48,7 @@ import type { PageScrollRequest } from './PageColumn'
  :101 [./scroll-progress] import { createReaderScrollProgress, useScrollProgressWiring } from './scroll-progress'
  :536 [./PdfPageCanvas] +import type { PdfTextItem } from './PdfPageCanvas'
  :732 [./PdfPageCanvas] +import type { PdfTextItem } from './PdfPageCanvas'
  :1158 [../../../src/renderer/features/reader/PdfPageCanvas] +import type { PdfTextItem } from '../../../src/renderer/features/reader/PdfPageCanvas'
--- scripts/audits/p7e-03-gate1-r2-package.md
  :178 [./PdfPageCanvas] +import type { PdfTextItem } from './PdfPageCanvas'
--- scripts/audits/p7e-03-gate2-package.md
  :150 [./PdfPageCanvas] （`import type ... from './PdfPageCanvas'`——非 pdfjs-dist 直 import，INV-16）。
  :264 [./AnnotationLayer] import { AnnotationLayer } from './AnnotationLayer'
  :265 [./AiAnnotationLayer] import { ReaderAiLayer } from './AiAnnotationLayer'
  :266 [./PageColumn] import { PageColumn, type PageScrollRequest } from './PageColumn'
  :269 [./PdfPageCanvas] import type { PdfTextContent } from './PdfPageCanvas'
  :270 [./page-column-geometry] import type { PageLayout } from './page-column-geometry'
  :303 [./PageColumn] @@ -46,6 +48,7 @@ import type { PageScrollRequest } from './PageColumn'
  :310 [./scroll-progress] import { createReaderScrollProgress, useScrollProgressWiring } from './scroll-progress'
  :753 [./PdfPageCanvas] +import type { PdfTextItem } from './PdfPageCanvas'
  :952 [./PdfPageCanvas] +import type { PdfTextItem } from './PdfPageCanvas'
  :1379 [../../../src/renderer/features/reader/PdfPageCanvas] +import type { PdfTextItem } from '../../../src/renderer/features/reader/PdfPageCanvas'
  :2479 [./PdfPageCanvas] - **纯函数域** `reader-search.ts`：buildPageText（hasEOL 插 '\n'+字符映射，换行哨兵 -1/-1）/findInText（toLowerCase 两侧+不重叠推进+跨 '\n' 拒）/asSearchDoc（unknown→结构收窄）/toTextItems（'str'
--- scripts/audits/p7e-05-gate1-package.md
  :527 [./scroll-progress] import { createReaderScrollProgress, useScrollProgressWiring } from './scroll-progress'
  :890 [./PageColumn] @@ -49,6 +49,7 @@ import { nearestPage } from './PageColumn'
--- scripts/audits/p7e-05-gate1.json
  :22 [src/renderer/features/reader/reading-time-setup.ts + src/renderer/features/reader/scroll-progress.ts] "file": "src/renderer/features/reader/reading-time-setup.ts + src/renderer/features/reader/scroll-progress.ts",
--- scripts/audits/p7e-05-gate2-package.md
  :527 [./scroll-progress] import { createReaderScrollProgress, useScrollProgressWiring } from './scroll-progress'
  :908 [./PageColumn] @@ -49,6 +49,7 @@ import { nearestPage } from './PageColumn'
--- scripts/audits/f-a6-design-kimi-package.md
  :8 [src/renderer/features/reader/PageColumn.tsx] { id: 'SR2-F-06', file: 'src/renderer/features/reader/PageColumn.tsx', area: 'reader', owner: 'strong', status: 'done', summary: '页间分隔与选区不透明（b3: P7-F；验收缺陷 B+C 视
  :11 [src/renderer/features/reader/text-layer.css] { id: 'SR2-F-09', file: 'src/renderer/features/reader/text-layer.css', area: 'reader', owner: 'strong', status: 'done', summary: '划选选中色改灰（用户令 2026-08-29：仿 WPS——
--- scripts/audits/f-a6-geom-kimi-package.md
  :417 [./PdfPageCanvas] import type { PdfTextContent } from './PdfPageCanvas'
  :418 [./text-layer.css] import './text-layer.css'
--- scripts/audits/f-a6-geom-ds-package.md
  :477 [./PdfPageCanvas] import type { PdfTextContent } from './PdfPageCanvas'
  :478 [./text-layer.css] import './text-layer.css'
--- scripts/audits/f-a6b1-gate1-package.md
  :76 [./PdfPageCanvas] import { PdfPageCanvas } from './PdfPageCanvas'
  :77 [./PdfPageCanvas] -import type { PdfTextContent } from './PdfPageCanvas'
  :78 [./PdfPageCanvas] +import type { PdfPageGeometry, PdfTextContent } from './PdfPageCanvas'
  :79 [./page-column-geometry] import { pageBoxHeight, type PageBoxSize } from './page-column-geometry'
  :99 [./PdfPageCanvas] -import type { PdfTextContent } from './PdfPageCanvas'
  :100 [./PdfPageCanvas] +import type { PdfPageGeometry, PdfTextContent } from './PdfPageCanvas'
  :101 [./PageBox] import { PageBox } from './PageBox'
  :132 [./AiAnnotationLayer] @@ -46,14 +47,16 @@ import { ReaderAiLayer } from './AiAnnotationLayer'
  :133 [./PageColumn] import { PageColumn, type PageScrollRequest } from './PageColumn'
  :136 [./PdfPageCanvas] -import type { PdfTextContent } from './PdfPageCanvas'
  :137 [./PdfPageCanvas] +import type { PdfPageGeometry, PdfTextContent } from './PdfPageCanvas'
  :138 [./page-column-geometry] import type { PageLayout } from './page-column-geometry'
  :139 [./TextLayer] import { TextLayer } from './TextLayer'
  :265 [./PdfPageCanvas] -import type { PdfTextContent } from './PdfPageCanvas'
  :266 [./PdfPageCanvas] +import type { PdfPageGeometry, PdfTextContent } from './PdfPageCanvas'
  :267 [./text-layer.css] import './text-layer.css'
  :433 [../../../src/renderer/features/reader/PageColumn] @@ -57,7 +58,7 @@ vi.mock('../../../src/renderer/features/reader/PageColumn', () => ({
  :442 [../../../src/renderer/features/reader/PageColumn] @@ -76,7 +77,7 @@ vi.mock('../../../src/renderer/features/reader/PageColumn', () => ({
  :445 [../../../src/renderer/features/reader/TextLayer] vi.mock('../../../src/renderer/features/reader/TextLayer', () => ({
  :580 [../../../src/renderer/features/reader/TextLayer] import { duckViewport, rotatedContainerBox, TextLayer } from '../../../src/renderer/features/reader/TextLayer'
  :581 [../../../src/renderer/features/reader/PdfPageCanvas] import type { PdfPageGeometry, PdfTextContent, PdfTextItem } from '../../../src/renderer/features/reader/PdfPageCanvas'
--- scripts/audits/f-a6b1-gate2-package.md
  :93 [./PdfPageCanvas] import { PdfPageCanvas } from './PdfPageCanvas'
  :94 [./PdfPageCanvas] -import type { PdfTextContent } from './PdfPageCanvas'
  :95 [./PdfPageCanvas] +import type { PdfPageGeometry, PdfTextContent } from './PdfPageCanvas'
  :96 [./page-column-geometry] import { pageBoxHeight, type PageBoxSize } from './page-column-geometry'
  :116 [./PdfPageCanvas] -import type { PdfTextContent } from './PdfPageCanvas'
  :117 [./PdfPageCanvas] +import type { PdfPageGeometry, PdfTextContent } from './PdfPageCanvas'
  :118 [./PageBox] import { PageBox } from './PageBox'
  :149 [./AiAnnotationLayer] @@ -46,14 +47,16 @@ import { ReaderAiLayer } from './AiAnnotationLayer'
  :150 [./PageColumn] import { PageColumn, type PageScrollRequest } from './PageColumn'
  :153 [./PdfPageCanvas] -import type { PdfTextContent } from './PdfPageCanvas'
  :154 [./PdfPageCanvas] +import type { PdfPageGeometry, PdfTextContent } from './PdfPageCanvas'
  :155 [./page-column-geometry] import type { PageLayout } from './page-column-geometry'
  :156 [./TextLayer] import { TextLayer } from './TextLayer'
  :282 [./PdfPageCanvas] -import type { PdfTextContent } from './PdfPageCanvas'
  :283 [./PdfPageCanvas] +import type { PdfPageGeometry, PdfTextContent } from './PdfPageCanvas'
  :284 [./text-layer.css] import './text-layer.css'
  :450 [../../../src/renderer/features/reader/PageColumn] @@ -57,7 +58,7 @@ vi.mock('../../../src/renderer/features/reader/PageColumn', () => ({
  :459 [../../../src/renderer/features/reader/PageColumn] @@ -76,7 +77,7 @@ vi.mock('../../../src/renderer/features/reader/PageColumn', () => ({
  :462 [../../../src/renderer/features/reader/TextLayer] vi.mock('../../../src/renderer/features/reader/TextLayer', () => ({
  :597 [../../../src/renderer/features/reader/TextLayer] import { duckViewport, rotatedContainerBox, TextLayer } from '../../../src/renderer/features/reader/TextLayer'
  :598 [../../../src/renderer/features/reader/PdfPageCanvas] import type { PdfPageGeometry, PdfTextContent, PdfTextItem } from '../../../src/renderer/features/reader/PdfPageCanvas'
  :850 [../../../src/renderer/features/reader/TextLayer] import { duckViewport, rotatedContainerBox, TextLayer } from '../../../src/renderer/features/reader/TextLayer'
  :851 [../../../src/renderer/features/reader/PdfPageCanvas] import type { PdfPageGeometry, PdfTextContent, PdfTextItem } from '../../../src/renderer/features/reader/PdfPageCanvas'
--- scripts/audits/f-a6b2-gate1-package.md
  :88 [./PdfPageCanvas] import type { PdfTextItem, PdfTextStyle } from './PdfPageCanvas'
  :748 [./PdfPageCanvas] import type { PdfPageGeometry, PdfTextContent } from './PdfPageCanvas'
  :806 [./PdfPageCanvas] import type { PdfPageGeometry, PdfTextContent } from './PdfPageCanvas'
  :807 [./page-column-geometry] import type { PageLayout } from './page-column-geometry'
  :809 [./TextLayer] import { TextLayer } from './TextLayer'
--- scripts/audits/f-a6b2-gate2-package.md
  :103 [./PdfPageCanvas] import type { PdfTextItem, PdfTextStyle } from './PdfPageCanvas'
  :763 [./PdfPageCanvas] import type { PdfPageGeometry, PdfTextContent } from './PdfPageCanvas'
  :821 [./PdfPageCanvas] import type { PdfPageGeometry, PdfTextContent } from './PdfPageCanvas'
  :822 [./page-column-geometry] import type { PageLayout } from './page-column-geometry'
  :824 [./TextLayer] import { TextLayer } from './TextLayer'
--- scripts/audits/f-a6c-gate1-package.md
  :277 [../../../src/renderer/features/reader/PdfPageCanvas] import type { PdfTextContent, PdfTextItem } from '../../../src/renderer/features/reader/PdfPageCanvas'
  :563 [./PdfPageCanvas] @@ -70,14 +70,25 @@ import type { PdfTextItem, PdfTextStyle } from './PdfPageCanvas'
--- scripts/audits/f-a6c-gate2-package.md
  :292 [../../../src/renderer/features/reader/PdfPageCanvas] import type { PdfTextContent, PdfTextItem } from '../../../src/renderer/features/reader/PdfPageCanvas'
  :578 [./PdfPageCanvas] @@ -70,14 +70,25 @@ import type { PdfTextItem, PdfTextStyle } from './PdfPageCanvas'
--- scripts/audits/f-a8-gate2-gate1-package.md
  :662 [../../../src/renderer/features/reader/PdfPageCanvas] +import type { PdfTextItem, PdfTextStyle } from '../../../src/renderer/features/reader/PdfPageCanvas'
  :755 [../../../src/renderer/features/reader/AnnotationLayer] import { AnnotationLayer } from '../../../src/renderer/features/reader/AnnotationLayer'
  :759 [../../../src/renderer/features/reader/PdfPageCanvas] +import type { PdfTextItem, PdfTextStyle } from '../../../src/renderer/features/reader/PdfPageCanvas'
--- scripts/audits/f-a8-gate2-gate2-package.md
  :648 [../../../src/renderer/features/reader/PdfPageCanvas] +import type { PdfTextItem, PdfTextStyle } from '../../../src/renderer/features/reader/PdfPageCanvas'
  :771 [../../../src/renderer/features/reader/AnnotationLayer] import { AnnotationLayer } from '../../../src/renderer/features/reader/AnnotationLayer'
  :775 [../../../src/renderer/features/reader/PdfPageCanvas] +import type { PdfTextItem, PdfTextStyle } from '../../../src/renderer/features/reader/PdfPageCanvas'
--- scripts/audits/f-split01-gate1-package.md
  :929 [./AnnotationPopups] +import { AnnotationPopups, type PopupTarget } from './AnnotationPopups'
  :1220 [./PdfPageCanvas] import type { PdfPageGeometry, PdfTextContent } from './PdfPageCanvas'
  :1221 [./PageBox] -import { PageBox } from './PageBox'
  :1234 [./page-column-geometry] } from './page-column-geometry'
  :1236 [./usePageLazyWindow] +import { usePageLazyWindow } from './usePageLazyWindow'
  :1237 [./usePageColumnScroll] +import { usePageScrollRequest, useScrollTopMirror, type PageScrollRequest } from './usePageColumnScroll'
  :1240 [./page-column-geometry] export { nearestPage } from './page-column-geometry'
  :1241 [./page-column-geometry] export type { PageBoxSize } from './page-column-geometry'
  :1251 [./usePageColumnScroll] +export type { PageScrollRequest } from './usePageColumnScroll'
  :1412 [./PdfPageCanvas] +import type { PdfPageGeometry, PdfTextContent } from './PdfPageCanvas'
  :1413 [./PageBox] +import { PageBox } from './PageBox'
  :1414 [./page-column-geometry] +import { layoutRows, pageBoxWidth, type PageBoxSize, type PageLayout } from './page-column-geometry'
  :1497 [./PagesOverlay] -import { PagesOverlay } from './PagesOverlay'
  :1498 [./PageColumn] import type { PageScrollRequest } from './PageColumn'
  :1505 [./scroll-progress] import { createReaderScrollProgress, useScrollProgressWiring } from './scroll-progress'
  :1509 [./ReaderPageView] +import { ReaderPageView } from './ReaderPageView'
  :1666 [./PageColumn] +import type { PageScrollRequest } from './PageColumn'
  :1667 [./page-column-geometry] +import type { PageLayout } from './page-column-geometry'
  :1668 [./scroll-progress] +import type { createReaderScrollProgress } from './scroll-progress'
  :1673 [./PagesOverlay] +import { PagesOverlay } from './PagesOverlay'
  :1912 [./page-column-geometry] +import { clampPageToColumn, type PageBoxSize } from './page-column-geometry'
  :1985 [./page-column-geometry] +import { recycledPages, windowPages, type PageBoxSize, type PageLayout } from './page-column-geometry'
--- scripts/audits/f-split01-gate1-prompt.md
  :938 [./AnnotationPopups] +import { AnnotationPopups, type PopupTarget } from './AnnotationPopups'
  :1229 [./PdfPageCanvas] import type { PdfPageGeometry, PdfTextContent } from './PdfPageCanvas'
  :1230 [./PageBox] -import { PageBox } from './PageBox'
  :1243 [./page-column-geometry] } from './page-column-geometry'
  :1245 [./usePageLazyWindow] +import { usePageLazyWindow } from './usePageLazyWindow'
  :1246 [./usePageColumnScroll] +import { usePageScrollRequest, useScrollTopMirror, type PageScrollRequest } from './usePageColumnScroll'
  :1249 [./page-column-geometry] export { nearestPage } from './page-column-geometry'
  :1250 [./page-column-geometry] export type { PageBoxSize } from './page-column-geometry'
  :1260 [./usePageColumnScroll] +export type { PageScrollRequest } from './usePageColumnScroll'
  :1421 [./PdfPageCanvas] +import type { PdfPageGeometry, PdfTextContent } from './PdfPageCanvas'
  :1422 [./PageBox] +import { PageBox } from './PageBox'
  :1423 [./page-column-geometry] +import { layoutRows, pageBoxWidth, type PageBoxSize, type PageLayout } from './page-column-geometry'
  :1506 [./PagesOverlay] -import { PagesOverlay } from './PagesOverlay'
  :1507 [./PageColumn] import type { PageScrollRequest } from './PageColumn'
  :1514 [./scroll-progress] import { createReaderScrollProgress, useScrollProgressWiring } from './scroll-progress'
  :1518 [./ReaderPageView] +import { ReaderPageView } from './ReaderPageView'
  :1675 [./PageColumn] +import type { PageScrollRequest } from './PageColumn'
  :1676 [./page-column-geometry] +import type { PageLayout } from './page-column-geometry'
  :1677 [./scroll-progress] +import type { createReaderScrollProgress } from './scroll-progress'
  :1682 [./PagesOverlay] +import { PagesOverlay } from './PagesOverlay'
  :1921 [./page-column-geometry] +import { clampPageToColumn, type PageBoxSize } from './page-column-geometry'
  :1994 [./page-column-geometry] +import { recycledPages, windowPages, type PageBoxSize, type PageLayout } from './page-column-geometry'
--- scripts/audits/f-split01-gate2-package.md
  :1095 [./AnnotationPopups] +import { AnnotationPopups, type PopupTarget } from './AnnotationPopups'
  :1386 [./PdfPageCanvas] import type { PdfPageGeometry, PdfTextContent } from './PdfPageCanvas'
  :1387 [./PageBox] -import { PageBox } from './PageBox'
  :1400 [./page-column-geometry] } from './page-column-geometry'
  :1402 [./usePageLazyWindow] +import { usePageLazyWindow } from './usePageLazyWindow'
  :1403 [./usePageColumnScroll] +import { usePageScrollRequest, useScrollTopMirror, type PageScrollRequest } from './usePageColumnScroll'
  :1406 [./page-column-geometry] export { nearestPage } from './page-column-geometry'
  :1407 [./page-column-geometry] export type { PageBoxSize } from './page-column-geometry'
  :1417 [./usePageColumnScroll] +export type { PageScrollRequest } from './usePageColumnScroll'
  :1579 [./PdfPageCanvas] +import type { PdfPageGeometry, PdfTextContent } from './PdfPageCanvas'
  :1580 [./PageBox] +import { PageBox } from './PageBox'
  :1581 [./page-column-geometry] +import { layoutRows, pageBoxWidth, type PageBoxSize, type PageLayout } from './page-column-geometry'
  :1664 [./PagesOverlay] -import { PagesOverlay } from './PagesOverlay'
  :1665 [./PageColumn] import type { PageScrollRequest } from './PageColumn'
  :1672 [./scroll-progress] import { createReaderScrollProgress, useScrollProgressWiring } from './scroll-progress'
  :1676 [./ReaderPageView] +import { ReaderPageView } from './ReaderPageView'
  :1833 [./PageColumn] +import type { PageScrollRequest } from './PageColumn'
  :1834 [./page-column-geometry] +import type { PageLayout } from './page-column-geometry'
  :1835 [./scroll-progress] +import type { createReaderScrollProgress } from './scroll-progress'
  :1840 [./PagesOverlay] +import { PagesOverlay } from './PagesOverlay'
  :2080 [./page-column-geometry] +import { clampPageToColumn, type PageBoxSize } from './page-column-geometry'
  :2154 [./page-column-geometry] +import { recycledPages, windowPages, type PageBoxSize, type PageLayout } from './page-column-geometry'
--- scripts/audits/f-a11-gate1-pkg.md
  :852 [../../../src/renderer/features/reader/AnnotationPopups] const { AnnotationPopups } = await import('../../../src/renderer/features/reader/AnnotationPopups')
  :895 [../../../src/renderer/features/reader/AnnotationPopups] const { AnnotationPopups } = await import('../../../src/renderer/features/reader/AnnotationPopups')
===== INTRA-DOMAIN edges (among the 14) =====
--- PageColumn.tsx -> ./PdfPageCanvas | ./page-column-geometry | ./usePageLazyWindow | ./usePageColumnScroll | ./page-column-geometry | ./page-column-geometry | ./usePageColumnScroll
--- PageBox.tsx -> ./PdfPageCanvas | ./PdfPageCanvas | ./page-column-geometry
--- PagesOverlay.tsx -> ./AnnotationLayer | ./AiAnnotationLayer | ./PageColumn | ./PdfPageCanvas | ./page-column-geometry | ./TextLayer
--- TextLayer.tsx -> ./PdfPageCanvas | ./text-layer.css
--- usePageColumnScroll.ts -> ./page-column-geometry
--- usePageLazyWindow.ts -> ./page-column-geometry
--- scroll-progress.ts -> ./PageColumn
--- AnnotationLayer.tsx -> ./AnnotationPopups
--- ReaderPageView.tsx -> ./PageColumn | ./page-column-geometry | ./scroll-progress | ./PagesOverlay
RECON_EXIT=0
