npm warn Unknown project config "better_sqlite3_binary_host_mirror". This will stop working in the next major version of npm. See `npm help npmrc` for supported config options.
npm warn Unknown project config "electron_mirror". This will stop working in the next major version of npm. See `npm help npmrc` for supported config options.

[1m[7m[36m RUN [39m[27m[22m [36mv2.1.9 [39m[90mE:/class/智慧水务/Synapse_remake[39m

 [31m❯[39m tests/contracts/schemas.test.ts [2m([22m[2m89 tests[22m[2m | [22m[31m1 failed[39m[2m)[22m[90m 29[2mms[22m[39m
[31m   [31m×[31m contracts/schemas —— zod 边界矩阵（schemas.ts 全导出直接契约）[2m > [22m嵌套模型层 strict 探针：rects/patch/failed/skipped/errors/annotations 元素与 paperMetrics 值去 strict 即红（首层探针覆盖不到的第二层）[90m 5[2mms[22m[31m[39m
[31m     → expected true to be false // Object.is equality[39m

[31m⎯⎯⎯⎯⎯⎯⎯[1m[7m Failed Tests 1 [27m[22m⎯⎯⎯⎯⎯⎯⎯[39m

[31m[1m[7m FAIL [27m[22m[39m tests/contracts/schemas.test.ts[2m > [22mcontracts/schemas —— zod 边界矩阵（schemas.ts 全导出直接契约）[2m > [22m嵌套模型层 strict 探针：rects/patch/failed/skipped/errors/annotations 元素与 paperMetrics 值去 strict 即红（首层探针覆盖不到的第二层）
[31m[1mAssertionError[22m: expected true to be false // Object.is equality[39m

[32m- Expected[39m
[31m+ Received[39m

[32m- false[39m
[31m+ true[39m

[36m [2m❯[22m tests/contracts/schemas.test.ts:[2m415:130[22m[39m
    [90m413| [39m  [34mit[39m([32m'嵌套模型层 strict 探针：rects/patch/failed/skipped/errors/annota[39m…
    [90m414| [39m    [35mconst[39m badRect [33m=[39m { [33m...[39mrect[33m,[39m __nestedProbe[33m:[39m [34m1[39m }
    [90m415| [39m    [34mexpect[39m([33mS[39m[33m.[39msaveAnnotationReqSchema[33m.[39m[34msafeParse[39m({ paperId[33m:[39m [32m'p1'[39m[33m,[39m annota…
    [90m   | [39m                                                                                                                                 [31m^[39m
    [90m416| [39m    [34mexpect[39m([33mS[39m[33m.[39mannotationListResSchema[33m.[39m[34msafeParse[39m([{ [33m...[39mannotation[33m,[39m rects…
    [90m417| [39m    [34mexpect[39m([33mS[39m[33m.[39mupdateMetaReqSchema[33m.[39m[34msafeParse[39m({ paperId[33m:[39m [32m'p1'[39m[33m,[39m patch[33m:[39m { t…

[31m[2m⎯⎯⎯⎯⎯⎯⎯⎯⎯⎯⎯⎯⎯⎯⎯⎯⎯⎯⎯⎯⎯⎯⎯⎯[1/1]⎯[22m[39m

[2m Test Files [22m [1m[31m1 failed[39m[22m[90m (1)[39m
[2m      Tests [22m [1m[31m1 failed[39m[22m[2m | [22m[1m[32m88 passed[39m[22m[90m (89)[39m
[2m   Start at [22m 04:47:58
[2m   Duration [22m 671ms[2m (transform 57ms, setup 0ms, collect 139ms, tests 29ms, environment 0ms, prepare 174ms)[22m

