npm warn Unknown project config "better_sqlite3_binary_host_mirror". This will stop working in the next major version of npm. See `npm help npmrc` for supported config options.
npm warn Unknown project config "electron_mirror". This will stop working in the next major version of npm. See `npm help npmrc` for supported config options.

[1m[7m[36m RUN [39m[27m[22m [36mv2.1.9 [39m[90mE:/class/智慧水务/Synapse_remake[39m

 [31m❯[39m tests/contracts/schemas.test.ts [2m([22m[2m87 tests[22m[2m | [22m[31m1 failed[39m[2m)[22m[90m 27[2mms[22m[39m
[31m   [31m×[31m contracts/schemas —— zod 边界矩阵（schemas.ts 全导出直接契约）[2m > [22msaveProgress：secondsDelta 三点界 0/3600 过、3601/-1/1.5 拒；page 负数拒；缺 secondsDelta 过（P7E-05 旧载荷兼容）[90m 4[2mms[22m[31m[39m
[31m     → expected false to be true // Object.is equality[39m

[31m⎯⎯⎯⎯⎯⎯⎯[1m[7m Failed Tests 1 [27m[22m⎯⎯⎯⎯⎯⎯⎯[39m

[31m[1m[7m FAIL [27m[22m[39m tests/contracts/schemas.test.ts[2m > [22mcontracts/schemas —— zod 边界矩阵（schemas.ts 全导出直接契约）[2m > [22msaveProgress：secondsDelta 三点界 0/3600 过、3601/-1/1.5 拒；page 负数拒；缺 secondsDelta 过（P7E-05 旧载荷兼容）
[31m[1mAssertionError[22m: expected false to be true // Object.is equality[39m

[32m- Expected[39m
[31m+ Received[39m

[32m- true[39m
[31m+ false[39m

[36m [2m❯[22m tests/contracts/schemas.test.ts:[2m313:88[22m[39m
    [90m311| [39m    [35mconst[39m base [33m=[39m { paperId[33m:[39m [32m'p1'[39m[33m,[39m page[33m:[39m [34m0[39m }
    [90m312| [39m    [34mexpect[39m([33mS[39m[33m.[39msaveProgressReqSchema[33m.[39m[34msafeParse[39m({ [33m...[39mbase[33m,[39m secondsDelta[33m:[39m …
    [90m313| [39m    [34mexpect[39m([33mS[39m[33m.[39msaveProgressReqSchema[33m.[39m[34msafeParse[39m({ [33m...[39mbase[33m,[39m secondsDelta[33m:[39m …
    [90m   | [39m                                                                                       [31m^[39m
    [90m314| [39m    [34mexpect[39m([33mS[39m[33m.[39msaveProgressReqSchema[33m.[39m[34msafeParse[39m(base)[33m.[39msuccess)[33m.[39m[34mtoBe[39m([35mtrue[39m)
    [90m315| [39m    [34mexpect[39m([33mS[39m[33m.[39msaveProgressReqSchema[33m.[39m[34msafeParse[39m({ [33m...[39mbase[33m,[39m secondsDelta[33m:[39m …

[31m[2m⎯⎯⎯⎯⎯⎯⎯⎯⎯⎯⎯⎯⎯⎯⎯⎯⎯⎯⎯⎯⎯⎯⎯⎯[1/1]⎯[22m[39m

[2m Test Files [22m [1m[31m1 failed[39m[22m[90m (1)[39m
[2m      Tests [22m [1m[31m1 failed[39m[22m[2m | [22m[1m[32m86 passed[39m[22m[90m (87)[39m
[2m   Start at [22m 04:32:36
[2m   Duration [22m 652ms[2m (transform 55ms, setup 0ms, collect 126ms, tests 27ms, environment 0ms, prepare 187ms)[22m

