npm warn Unknown project config "better_sqlite3_binary_host_mirror". This will stop working in the next major version of npm. See `npm help npmrc` for supported config options.
npm warn Unknown project config "electron_mirror". This will stop working in the next major version of npm. See `npm help npmrc` for supported config options.

[1m[7m[36m RUN [39m[27m[22m [36mv2.1.9 [39m[90mE:/class/智慧水务/Synapse_remake[39m

 [31m❯[39m tests/contracts/api-surface-closure.test.ts [2m([22m[2m21 tests[22m[2m | [22m[31m1 failed[39m[2m)[22m[90m 8[2mms[22m[39m
[31m   [31m×[31m contracts/api-surface-closure —— 接线表闭合性（55 通道 pin）[2m > [22mPRELOAD_HIDDEN_METHODS 集合本体 pin：恰 import_.fromPaths 一项（增删隐藏面须意识化——防引用检查型 vacuous green）[90m 4[2mms[22m[31m[39m
[31m     → expected [ 'import_:[]' ] to deeply equal [ 'import_:[fromPaths]' ][39m

[31m⎯⎯⎯⎯⎯⎯⎯[1m[7m Failed Tests 1 [27m[22m⎯⎯⎯⎯⎯⎯⎯[39m

[31m[1m[7m FAIL [27m[22m[39m tests/contracts/api-surface-closure.test.ts[2m > [22mcontracts/api-surface-closure —— 接线表闭合性（55 通道 pin）[2m > [22mPRELOAD_HIDDEN_METHODS 集合本体 pin：恰 import_.fromPaths 一项（增删隐藏面须意识化——防引用检查型 vacuous green）
[31m[1mAssertionError[22m: expected [ 'import_:[]' ] to deeply equal [ 'import_:[fromPaths]' ][39m

[32m- Expected[39m
[31m+ Received[39m

[2m  Array [[22m
[32m-   "import_:[fromPaths]",[39m
[31m+   "import_:[]",[39m
[2m  ][22m

[36m [2m❯[22m tests/contracts/api-surface-closure.test.ts:[2m98:107[22m[39m
    [90m 96| [39m
    [90m 97| [39m  [34mit[39m([32m'PRELOAD_HIDDEN_METHODS 集合本体 pin：恰 import_.fromPaths 一项（[39m…
    [90m 98| [39m    [34mexpect[39m([33mObject[39m[33m.[39m[34mentries[39m([33mPRELOAD_HIDDEN_METHODS[39m)[33m.[39m[34mmap[39m(([d[33m,[39m ms]) [33m=>[39m [32m`[39m[36m${[39m…
    [90m   | [39m                                                                                                          [31m^[39m
    [90m 99| [39m      [32m'import_:[fromPaths]'[39m
    [90m100| [39m    ])

[31m[2m⎯⎯⎯⎯⎯⎯⎯⎯⎯⎯⎯⎯⎯⎯⎯⎯⎯⎯⎯⎯⎯⎯⎯⎯[1/1]⎯[22m[39m

[2m Test Files [22m [1m[31m1 failed[39m[22m[90m (1)[39m
[2m      Tests [22m [1m[31m1 failed[39m[22m[2m | [22m[1m[32m20 passed[39m[22m[90m (21)[39m
[2m   Start at [22m 04:48:07
[2m   Duration [22m 664ms[2m (transform 57ms, setup 0ms, collect 150ms, tests 8ms, environment 0ms, prepare 185ms)[22m

