npm warn Unknown project config "better_sqlite3_binary_host_mirror". This will stop working in the next major version of npm. See `npm help npmrc` for supported config options.
npm warn Unknown project config "electron_mirror". This will stop working in the next major version of npm. See `npm help npmrc` for supported config options.

[1m[7m[36m RUN [39m[27m[22m [36mv2.1.9 [39m[90mE:/class/智慧水务/Synapse_remake[39m

 [31m❯[39m tests/contracts/app-error-closure.test.ts [2m([22m[2m18 tests[22m[2m | [22m[31m2 failed[39m[2m)[22m[90m 8[2mms[22m[39m
[31m   [31m×[31m contracts/app-error-closure —— 错误码封闭性（AppErrorCode 封闭枚举机检）[2m > [22m运行时全集对账：APP_ERROR_CODES 与手写清单一致、15 码无重复[90m 5[2mms[22m[31m[39m
[31m     → expected [ 'CONFLICT', 'DB_ERROR', …(12) ] to deeply equal [ 'CANCELLED', 'CONFLICT', …(13) ][39m
[31m   [31m×[31m contracts/app-error-closure —— 错误码封闭性（AppErrorCode 封闭枚举机检）[2m > [22m码 CANCELLED 被 toAppError 结构化识别（类型成员 ⊆ 运行时识别集）[90m 1[2mms[22m[31m[39m
[31m     → expected 'INTERNAL' to be 'CANCELLED' // Object.is equality[39m

[31m⎯⎯⎯⎯⎯⎯⎯[1m[7m Failed Tests 2 [27m[22m⎯⎯⎯⎯⎯⎯⎯[39m

[31m[1m[7m FAIL [27m[22m[39m tests/contracts/app-error-closure.test.ts[2m > [22mcontracts/app-error-closure —— 错误码封闭性（AppErrorCode 封闭枚举机检）[2m > [22m运行时全集对账：APP_ERROR_CODES 与手写清单一致、15 码无重复
[31m[1mAssertionError[22m: expected [ 'CONFLICT', 'DB_ERROR', …(12) ] to deeply equal [ 'CANCELLED', 'CONFLICT', …(13) ][39m

[32m- Expected[39m
[31m+ Received[39m

[2m  Array [[22m
[32m-   "CANCELLED",[39m
[2m    "CONFLICT",[22m
[2m    "DB_ERROR",[22m
[2m    "DUPLICATE_FILE",[22m
[2m    "EXPORT_BUSY",[22m
[2m    "INTERNAL",[22m
[2m    "INVALID_REQUEST",[22m
[2m    "IO_ERROR",[22m
[2m    "NETWORK_ERROR",[22m
[2m    "NOT_FOUND",[22m
[2m    "NOT_IMPLEMENTED",[22m
[2m    "PARSE_ERROR",[22m
[2m    "RATE_LIMITED",[22m
[2m    "UNSUPPORTED_FILE",[22m
[2m    "UPSTREAM_ERROR",[22m
[2m  ][22m

[36m [2m❯[22m tests/contracts/app-error-closure.test.ts:[2m40:41[22m[39m
    [90m 38| [39m[34mdescribe[39m([32m'contracts/app-error-closure —— 错误码封闭性（AppErrorCode 封[39m…
    [90m 39| [39m  [34mit[39m([32m'运行时全集对账：APP_ERROR_CODES 与手写清单一致、15 码无重复'[39m[33m,[39m ()…
    [90m 40| [39m    [34mexpect[39m([[33m...[39m[33mAPP_ERROR_CODES[39m][33m.[39m[34msort[39m())[33m.[39m[34mtoEqual[39m([[33m...[39m[33mCODES[39m])
    [90m   | [39m                                        [31m^[39m
    [90m 41| [39m    [34mexpect[39m([33mAPP_ERROR_CODES[39m)[33m.[39m[34mtoHaveLength[39m([34m15[39m)
    [90m 42| [39m    [34mexpect[39m([35mnew[39m [33mSet[39m([33mAPP_ERROR_CODES[39m)[33m.[39msize)[33m.[39m[34mtoBe[39m([33mAPP_ERROR_CODES[39m[33m.[39mlength)

[31m[2m⎯⎯⎯⎯⎯⎯⎯⎯⎯⎯⎯⎯⎯⎯⎯⎯⎯⎯⎯⎯⎯⎯⎯⎯[1/2]⎯[22m[39m

[31m[1m[7m FAIL [27m[22m[39m tests/contracts/app-error-closure.test.ts[2m > [22mcontracts/app-error-closure —— 错误码封闭性（AppErrorCode 封闭枚举机检）[2m > [22m码 CANCELLED 被 toAppError 结构化识别（类型成员 ⊆ 运行时识别集）
[31m[1mAssertionError[22m: expected 'INTERNAL' to be 'CANCELLED' // Object.is equality[39m

Expected: [32m"CANCELLED"[39m
Received: [31m"INTERNAL"[39m

[36m [2m❯[22m tests/contracts/app-error-closure.test.ts:[2m46:70[22m[39m
    [90m 44| [39m
    [90m 45| [39m  it[33m.[39m[34meach[39m([33mCODES[39m)([32m'码 %s 被 toAppError 结构化识别（类型成员 ⊆ 运行时识[39m…
    [90m 46| [39m    [34mexpect[39m([34mtoAppError[39m([33mObject[39m[33m.[39m[34massign[39m([35mnew[39m [33mError[39m([32m'm'[39m)[33m,[39m { code }))[33m.[39mcode)[33m.[39m[34mt[39m…
    [90m   | [39m                                                                     [31m^[39m
    [90m 47| [39m  })
    [90m 48| [39m

[31m[2m⎯⎯⎯⎯⎯⎯⎯⎯⎯⎯⎯⎯⎯⎯⎯⎯⎯⎯⎯⎯⎯⎯⎯⎯[2/2]⎯[22m[39m

[2m Test Files [22m [1m[31m1 failed[39m[22m[90m (1)[39m
[2m      Tests [22m [1m[31m2 failed[39m[22m[2m | [22m[1m[32m16 passed[39m[22m[90m (18)[39m
[2m   Start at [22m 04:32:59
[2m   Duration [22m 560ms[2m (transform 22ms, setup 0ms, collect 45ms, tests 8ms, environment 0ms, prepare 168ms)[22m

