npm warn Unknown project config "better_sqlite3_binary_host_mirror". This will stop working in the next major version of npm. See `npm help npmrc` for supported config options.
npm warn Unknown project config "electron_mirror". This will stop working in the next major version of npm. See `npm help npmrc` for supported config options.

Running 1 test using 1 worker

  x  1 [app] › tests\e2e\reader-text.spec.ts:99:1 › 划选高亮后重开仍在原位；批注编辑与删除可用 (5.5s)


  1) [app] › tests\e2e\reader-text.spec.ts:99:1 › 划选高亮后重开仍在原位；批注编辑与删除可用 ────────────────────────────

    Error: 标注块几何 25 轮（3s）采样未收敛——双态瞬态/漂移超预算，断言输入不可靠

    expect(received).toBe(expected) // Object.is equality

    Expected: true
    Received: false

       at stable-rel.ts:65

      63 |   expect(prev, '标注块 3s 内未出现（元素缺失或恒不可见）').not.toBeNull()
      64 |   // B-1：非收敛必须红——穷尽静默返回末值=断言输入不可靠且恰在负载态位形触发
    > 65 |   expect(false, '标注块几何 25 轮（3s）采样未收敛——双态瞬态/漂移超预算，断言输入不可靠').toBe(true)
         |                                                            ^
      66 |   throw new Error('unreachable')
      67 | }
      68 |
        at stableRel (E:\class\智慧水务\Synapse_remake\tests\e2e\stable-rel.ts:65:60)
        at E:\class\智慧水务\Synapse_remake\tests\e2e\reader-text.spec.ts:130:14

    Error Context: test-results\reader-text-划选高亮后重开仍在原位；批注编辑与删除可用-app\error-context.md

  1 failed
    [app] › tests\e2e\reader-text.spec.ts:99:1 › 划选高亮后重开仍在原位；批注编辑与删除可用 ─────────────────────────────
